V/AudioFlinger-Track(  987): presentationComplete() mPresentationCompleteFrames 9449456 framesWritten 9445376
V/AudioFlinger-Thread(  987): track 4097 s=00000000 [NOT READY] on thread 0xb5ead008,type 0,mid 2
V/AudioFlinger-Track(  987): presentationComplete() mPresentationCompleteFrames 9449456 framesWritten 9446400
V/syncplay-play(  987): syncplay_setdatasource: state->filename: http://192.168.3.12:49152/7a6075f614eec1dbecec5d0f59763820.mp3 3 
V/syncplay-play(  987): syncplay_setdatasource: state->location:  3 
V/syncplay-play(  987): mimetype:*/*  
V/FFmpegPlayer-IF(  987): createAudioOutput
V/AudioPolicyManagerBase(  987): getOutput() device 2, stream 3, samplingRate 0, format 0, channelMask 3, flags 0
V/AudioPolicyManagerBase(  987): getOutput() returns output 2
V/AudioPolicyManagerBase(  987): getOutput() device 2, stream 3, samplingRate 0, format 0, channelMask 3, flags 0
V/AudioPolicyManagerBase(  987): getOutput() returns output 2
V/AudioPolicyManagerBase(  987): getOutput() device 2, stream 3, samplingRate 0, format 0, channelMask 3, flags 0
V/AudioPolicyManagerBase(  987): getOutput() returns output 2
V/AudioPolicyManagerBase(  987): getOutput() device 2, stream 3, samplingRate 0, format 0, channelMask 3, flags 0
V/AudioPolicyManagerBase(  987): getOutput() returns output 2
V/AudioTrack(  987): getMinFrameCount=4096: afFrameCount=1024, minBufCount=4, afSampleRate=48000, afLatency=85
V/AudioTrack(  987): set() streamType 3 frameCount 4096 flags 0000
V/AudioPolicyManagerBase(  987): getOutput() device 2, stream 3, samplingRate 48000, format 1, channelMask 3, flags 0
V/AudioPolicyManagerBase(  987): getOutput() returns output 2
V/AudioTrack(  987): createTrack_l() output 2 afLatency 85
V/AudioTrack(  987): afFrameCount=1024, minBufCount=4, afSampleRate=48000, afLatency=85
V/AudioTrack(  987): minFrameCount: 4096, afFrameCount=1024, minBufCount=4, sampleRate=48000, afSampleRate=48000, afLatency=85
V/AudioFlinger(  987): createTrack() sessionId: 0
V/AudioFlinger(  987): createTrack() lSessionId: 15
V/AudioMixer(  987): add track (0)
V/AudioMixer(  987): AudioMixer::unprepareTrackForDownmix(0)
V/AudioMixer(  987):  nothing to do, no downmixer to delete
V/AudioFlinger-Track(  987): Track constructor name 4096, calling pid 990
V/AudioFlinger-Track(  987): SyncTrack::SyncTrack(0xb80de000)
E/TestWavFile(  987): fopen error --> create wav file fail
V/AudioFlinger-Track(  987): Create test /mnt/asec/goer_synctrack/write_fileb80de000.wav file Fail
E/TestWavFile(  987): fopen error --> create wav file fail
V/AudioFlinger-Track(  987): Create test /mnt/asec/goer_synctrack/read_fileb80de000.wav file Fail
V/AudioFlinger(  987): acquiring 15 from 990
V/AudioFlinger(  987):  added new entry for 15
V/FFmpegPlayer-IF(  987): creat SyncTrackThread Rate:48000, Channels:2
V/FFmpegPlayer-IF(  987): **synctrack thread** player 0xb8101540, bufsize 6000ms, framesize 4, rate 48000
D/vplayer (  990): setDataSource - isInitialized: yes
V/vplayer (  990): bool PlayerContainer::isInitialized() yes
V/vplayer (  990): void MediaPlaybackControl::innerNotifyTrackChanged()
V/vplayer (  990): mMediaLock.unlock8
V/vplayer (  990): int MediaPlaybackControl::play()
V/vplayer (  990): mStateLock.autolock1
V/AudioFlinger-Thread(  987): track 4097 s=00000000 [NOT READY] on thread 0xb5ead008,type 0,mid 2
V/AudioFlinger-Track(  987): presentationComplete() mPresentationCompleteFrames 9449456 framesWritten 9446400
V/AudioFlinger-Thread(  987): track 4097 s=00000000 [NOT READY] on thread 0xb5ead008,type 0,mid 2
V/AudioFlinger-Track(  987): presentationComplete() mPresentationCompleteFrames 9449456 framesWritten 9447424
V/FFmpegPlayer-IF(  987): *** synctrack thread paused  mPts 0***
D/vplayer (  990): mCurrentMediaPlayer : prepared
V/vplayer (  990): virtual void MediaPlaybackControl::onTrackPrepared() mTargetState: 1
V/vplayer (  990): mMediaLock.lock11
V/vplayer (  990): mStateLock.lock8
V/vplayer (  990): int MediaPlaybackControl::play_RSL()
V/vplayer (  990): void MediaPlaybackControl::innerNotifyStateChanged_RSL(int, int, bool) currentState: 2, targetState: 1
V/DeletaMediaPolicy(  990): setInfo (0xb89c64e0) key 4118, ext1 3
V/MediaPolicyService(  987): processPolicy id 2, msg 4118, ext1 3, ext2 0
V/MediaPolicyService(  987): send play status changed 3
I/LuciService(  864): sendMessageAsync received msgId=4118, MSG_AUDIO_PLAY_STATUS_CHANGED
V/DeltaAudioListener(  987): Luci callbackAsync msg 4118, ttl 0
V/DeltaAudioListener(  987): --->MSG_AUDIO_PLAY_STATUS_CHANGED
V/DeltaAudioListener(  987): status 3
D/LuCINet (  922): HwLuciClientListener::callbackAsync msgid:0x1016, name:MSG_AUDIO_PLAY_STATUS_CHANGED
D/LuCINet (  922): Net::send Indication Msg to phoneApp!
D/        ( 1002): systemmonitor play change status
D/LuCINet (  922): Net::send Indication Msg: push to task_16!
D/LuCINet (  922): Net::send Indication Msg: push to task_15!
D/LuCINet (  922): mListToUart.size before push:0
D/LuCINet (  922): mListToUart.size after push:1
V/AudioFlinger-Thread(  987): track 4097 s=00000000 [NOT READY] on thread 0xb5ead008,type 0,mid 2
V/AudioFlinger-Track(  987): presentationComplete() mPresentationCompleteFrames 9449456 framesWritten 9447424
V/AudioFlinger-Thread(  987): track 4097 s=00000000 [NOT READY] on thread 0xb5ead008,type 0,mid 2
V/AudioFlinger-Track(  987): presentationComplete() mPresentationCompleteFrames 9449456 framesWritten 9448448
D/LuCINet (  922): To Uart: id:0x33, length:1, data:3
V/vplayer (  990): bool PlayerContainer::isPrepared() yes
V/vplayer (  990): int PlayerContainer::play()
D/vplayer (  990): start
V/DeltaMediaPlayer(  990): start
V/DeltaMediaPlayer(  990): start _lock
V/DeltaMediaPlayer(  990): player dont prepared
V/FFmpegPlayer-IF(  987): setSyncTrackInfo (0xb8101540)--- synctrack 4000msl loopbuffer 6000ms delayms 0ms AudioSource 10002
V/FFmpegPlayer-IF(  987): prepareAsync --- (0xb8101540)
V/AudioFlinger-Track(  987): setAudioSource 10002
V/AudioFlinger-Track(  987): setBufferSize URL 4000msec force to 2000ms
V/AudioFlinger-Track(  987): setBufferSize 2000msec delayms 0ms
V/syncplay-play(  987): syncplay_setaudioparam :------------------> rate 48000 chs 2
V/syncplay-play(  987): syncplay_playmode
V/syncplay-play(  987): set mode 3
V/syncplay-play(  987): syncplay_prepareAsync
V/syncplay-play(  987): player_prepare
V/syncplay-play(  987): path: http://192.168.3.12:49152/7a6075f614eec1dbecec5d0f59763820.mp3
V/syncplay-play(  987): mediamimetype channels , rate 
V/AudioFlinger-Thread(  987): track 4097 s=00000000 [NOT READY] on thread 0xb5ead008,type 0,mid 2
V/AudioFlinger-Track(  987): presentationComplete() mPresentationCompleteFrames 9449456 framesWritten 9448448
V/AudioFlinger-Thread(  987): track 4097 s=00000000 [NOT READY] on thread 0xb5ead008,type 0,mid 2
V/AudioFlinger-Track(  987): presentationComplete() mPresentationCompleteFrames 9449456 framesWritten 9449472
V/AudioFlinger-Track(  987): presentationComplete() session 14 complete: framesWritten 9449472
V/AudioFlinger-Thread(  987): removeTracks_l removing track on session 14
V/AudioFlinger-Thread(  987): remove track (4097) and delete from mixer
V/AudioMixer(  987): AudioMixer::deleteTrackName(4097)
V/AudioMixer(  987): deleteTrackName(1)
V/AudioMixer(  987): AudioMixer::unprepareTrackForDownmix(1)
V/AudioMixer(  987):  nothing to do, no downmixer to delete
V/AudioFlinger-Track(  987): SyncTrack::~SyncTrack(0xb81104b0)
V/AudioFlinger-Track(  987): PlaybackThread::Track destructor
V/AudioPolicyManagerBase(  987): stopOutput() output 2, stream 3, session 14
V/AudioPolicyManagerBase(  987): changeRefCount() stream 3, count 0
V/AudioPolicyManagerBase(  987): getNewDevice() selected device 0
V/AudioPolicyManagerBase(  987): setOutputDevice() output 2 device 0000 delayMs 170
V/AudioPolicyManagerBase(  987): setOutputDevice() prevDevice 0002
V/AudioPolicyManagerBase(  987): setOutputDevice() setting same device 0000 or null device for output 2
V/AudioPolicyManagerBase(  987): releaseOutput() 2
V/syncplay-play(  987): Input file opened
V/syncplay-play(  987): avformat_find_stream_info ok <----------
V/syncplay-play(  987): avcodec_find_decoder 
V/syncplay-play(  987): avcodec_decode_audio4 return error .. skip the frame
V/syncplay-play(  987): .............swr enter...........
D/LuCINet (  922): Net::ReceiveNotifyRespThread::threadLoop: recv one package Id = 51 from 192.168.3.17!
D/LuCINet (  922): Net::ReceiveNotifyRespThread::threadLoop: update timestamp!!
D/LuCINet (  922): Net::SendThread1_15::threadLoop: send message id: 51 to: 192.168.3.17
D/LuCINet (  922): Net::ReceiveNotifyRespThread::threadLoop: recv one package Id = 51 from 192.168.3.17!
D/LuCINet (  922): Net::ReceiveNotifyRespThread::threadLoop: update timestamp!!
D/LuCINet (  922): Net::SendThread1_15::threadLoop: waiting for msg
V/syncplay-play(  987): Create sample rate converter for 44100 Hz s16p 2 channels to  48000 Hz s16 2 channels!
V/FFmpegPlayer-IF(  987): mLoopBufferSizeSec 6Sec
V/FFmpegPlayer-IF(  987):  ..... msg position ...0
V/FFmpegPlayer-IF(  987):  ..... msg buffing ...25
V/DeltaMediaPlayer(  990): ---->can't lock mPlayerLock
V/FFmpegPlayer-IF(  987):  ..... msg position ...0
V/FFmpegPlayer-IF(  987):  ..... msg buffing ...545
V/DeltaMediaPlayer(  990): ---->can't lock mPlayerLock
V/FFmpegPlayer-IF(  987):  ..... msg position ...0
V/FFmpegPlayer-IF(  987):  ..... msg buffing ...1065
V/tinyalsa_pcm(  987): tstamp sec 1167610951, nsec 162139254, hw_ptr 9446400
V/syncplay-play(  987): prepare buffing OK
V/syncplay-play(  987): syncplay_buffing
V/syncplay-play(  987): syncplay_buffing create decoder thread
V/DeltaMediaPlayer(  990): ---->can't lock mPlayerLock
V/syncplay-play(  987): player_prepare_thread, ok
V/FFmpegPlayer-IF(  987):  ..... msg prepared .....
V/DeltaMediaPlayer(  990): current item prepared
V/FFmpegPlayer-IF(  987): setLooping --- 
V/FFmpegPlayer-IF(  987): setLooping --- 
V/FFmpegPlayer-IF(  987): start ---(0xb8101540)
V/FFmpegPlayer-IF(  987): update --> pts  1167610951223209000
V/AudioTrack(  987): update pts 1167610951223209000
V/AudioFlinger-Track(  987): SyncTrack::start source 2,(0xb80de000)
V/DeltaAudioListener(  987): Luci sendCmd 2144, 0
V/AudioFlinger(  987): -------------->setActivePowerModeToMcu
V/AudioFlinger-Track(  987): start(4096), calling pid 990 session 15
V/AudioFlinger-Track(  987): ? => ACTIVE (4096) on thread 0xb80de000
V/AudioPolicyManagerBase(  987): startOutput() output 2, stream 3, session 15
V/AudioPolicyManagerBase(  987): changeRefCount() stream 3, count 1
V/AudioPolicyManagerBase(  987): getNewDevice() selected device 2
V/AudioPolicyManagerBase(  987): setOutputDevice() output 2 device 0002 delayMs 0
V/AudioPolicyManagerBase(  987): setOutputDevice() prevDevice 0002
V/AudioPolicyManagerBase(  987): setOutputDevice() setting same device 0002 or null device for output 2
V/AudioFlinger-Track(  987): ******* TRACK_SYNC so.. mMbxEnable is true ******
V/AudioFlinger-Thread(  987): signal playback thread
I/LuciService(  864): sendMessageAsync received msgId=2144, MSG_SYSTEM_SET_POWERMODE_TO_UART
D/LuCINet (  922): HwLuciClientListener::callbackAsync msgid:0x860, name:MSG_SYSTEM_SET_POWERMODE_TO_UART
D/LuCINet (  922): mListToUart.size before push:0
D/LuCINet (  922): mListToUart.size after push:1
V/FFmpegPlayer-IF(  987): *** synctrack thread started ***
V/FFmpegPlayer-IF(  987): Server Mode ... set start playing timems 1167610951225581000 ns
V/FFmpegPlayer-IF(  987): ******mPtsCnt 1 , mPts 1167610951251351833************
V/FFmpegPlayer-IF(  987): ******mPtsCnt 2 , mPts 1167610951277476833************
V/FFmpegPlayer-IF(  987): ******mPtsCnt 3 , mPts 1167610951303601833************
V/FFmpegPlayer-IF(  987): ******mPtsCnt 4 , mPts 1167610951329726833************
V/FFmpegPlayer-IF(  987): ******mPtsCnt 5 , mPts 1167610951355830999************
V/AudioFlinger-Track(  987): ***********mFramesPendingInQueue[2] 156ms******************
V/FFmpegPlayer-IF(  987): ******mPtsCnt 6 , mPts 1167610951381955999************
V/FFmpegPlayer-IF(  987): ******mPtsCnt 7 , mPts 1167610951408080999************
V/FFmpegPlayer-IF(  987): ******mPtsCnt 8 , mPts 1167610951434205999************
V/FFmpegPlayer-IF(  987): ******mPtsCnt 9 , mPts 1167610951460330999************
V/FFmpegPlayer-IF(  987): ******mPtsCnt 10 , mPts 1167610951486455999************
V/AudioMixer(  987): enable(0)
V/AudioMixer(  987): setParameter(VOLUME, VOLUME0/1: 0000)
V/AudioMixer(  987): setParameter(VOLUME, VOLUME0/1: 0000)
V/AudioMixer(  987): setParameter(TRACK, MAIN_BUFFER, 0xb80cce10)
V/AudioMixer(  987): mixer configuration change: 1 activeTracks (00000001) all16BitsStereoNoResample=1, resampling=0, volumeRamp=0
D/LuCINet (  922): To Uart: id:0xe, length:1, data:0
D/vplayer (  990): virtual void MediaPlaybackControl::onTrackPrepared() mSeekTargetWhenPrepared: -1, allowSeek: yes
V/vplayer (  990): mStateLock.unlock8
V/vplayer (  990): mMediaLock.unlock11
V/AudioFlinger-Track(  987): *** targetpts invalid[0] or leading Zero[0] *** silence output stream 1024
V/AudioFlinger-Track(  987): ----------------->is track first set Hard Info<---------------??
V/AudioFlinger-Track(  987): *** targetpts invalid[0] or leading Zero[0] *** silence output stream 1024
V/FFmpegPlayer-IF(  987): ******mPtsCnt 11 , mPts 1167610951512580999************
V/AudioFlinger-Track(  987): ***********mFramesPendingInQueue[2] 966ms******************
V/syncplay-play(  987): ------>duration_bk 261000000, format_duration 261316125
V/FFmpegPlayer-IF(  987):  ..... msg duration ...261000
V/vplayer (  990): 0xb89c76f0 notify info duration 261000
V/vplayer (  990): virtual void MediaPlaybackControl::onDurationReady(int) duration: 261000
V/vplayer (  990): mMediaLock.lock9
V/vplayer (  990): mMediaLock.unlock9
V/FFmpegPlayer-IF(  987):  ..... msg file size ...4181058
V/vplayer (  990): notify info file size 4181058
V/vplayer (  990): virtual void MediaPlaybackControl::onTrackSizeReady(int32_t) trackSize: 4181058
V/vplayer (  990): mMediaLock.lock10
V/vplayer (  990): void MediaPlaybackControl::innerNotifyTrackChanged()
V/vplayer (  990): mMediaLock.unlock10
V/AudioFlinger-Track(  987): ***is bug **** getTargetPts pts too far 0 --> 1167610951332797314; mTargetPtsVaild 0, mTargetPtsError 0, mMbxKernelFrames 4096, mMbxUnrelease 0, sec 1167610951, nsec 247463981 
V/AudioFlinger-Track(  987): *** targetpts invalid[0] or leading Zero[0] *** silence output stream 1024
D/LuCINet (  922): From Uart: id:0xe, length:1, data:30, 
D/LuCINet (  922): Net::send Indication Msg to phoneApp!
D/LuCINet (  922): Net::send Indication Msg: push to task_16!
D/LuCINet (  922): Net::send Indication Msg: push to task_15!
I/LuciService(  864): sendMessageAsync received msgId=2118, MSG_SYSTEM_POWERMODE_FROM_UART
D/LuCINet (  922): Net::SendThread1_15::threadLoop: send message id: 14 to: 192.168.3.17
V/DeltaAudioListener(  987): Luci callbackAsync msg 2118, ttl 0
V/DeltaAudioListener(  987): --->Luci MSG_SYSTEM_POWERMODE_FROM_UART
V/AudioFlinger(  987): -------------->Luci mOutPutValid 0 --> 0
D/iAPService(  993): : iAP2LuciClientListener::callbackAsync pureId: 2118, stick: not
D/iAPService(  993): : iAP ------------------MSG_SYSTEM_POWERMODE_FROM_UART powermode=0  mPowermode=0
D/WifiLuciClient(  926): WifiLuciListener::callbackAsync pureId: 2118, stick: no
D/WifiLuciClient(  926): callbackAsync() receives MSG_SYSTEM_POWERMODE_FROM_UART, mode = 0. 
V/AudioFlinger-Track(  987): *** targetpts invalid[1] or leading Zero[0] *** silence output stream 1024
V/FFmpegPlayer-IF(  987):  ..... msg position ...0
V/FFmpegPlayer-IF(  987):  ..... msg buffing ...1585
V/AudioFlinger-Track(  987): updateMultiroomPts master for first update pts 1167610951375465072, mLeadingZero 0, invalid 0
V/AudioFlinger-Track(  987): _updatePts pts 1167610951395465072, diffpts 0, package 0, usercall 1
V/AudioFlinger-Track(  987): ------------->_updatePts Master<---------
V/AudioFlinger-Track(  987): ----------------->Master source 2 _updatePts  1167610951395465072
V/AudioFlinger(  987): multiroomUpdateClientPts 2  updatepts 1167610952988590067, package 0
V/AudioFlinger(  987): multiroomUpdateClientPts no multiroom master or source[2] != multiroomSource[2] skip it
V/AudioFlinger-Track(  987): ----> mUpdatePtsResult 1167610952988590067 , Flag == 2
V/AudioFlinger-Track(  987): ***first on time  frameRemain 1024, frameRead 1024 ,head.pts 1167610951395465072, head.package 0***
V/AudioFlinger-Track(  987): *****SyncTrack initAdjust*audioFlinger adjust failed mMbxAdjustCnt 0, mMbxAdjustFlag -1****
V/DeltaMediaPlayer(  990): --->auto Pause<----
V/FFmpegPlayer-IF(  987): pause ---(0xb8101540)
V/AudioFlinger-Track(  987): SyncTrack::pause 0xb80de000
V/AudioFlinger-Track(  987): pause(4096), calling pid 990
V/AudioFlinger-Track(  987): ACTIVE/RESUMING => PAUSING (4096) on thread 0xb5ead008
V/FFmpegPlayer-IF(  987):  ..... msg palyer pasued ...0:0.
V/vplayer (  990): 0xb89c76f0 notify start buffering
D/vplayer (  990): virtual void MediaPlaybackControl::onStartBuffering()
V/vplayer (  990): mStateLock.lock9
V/vplayer (  990): mStateLock.unlock9
V/DeltaMediaPlayer(  990): Message Player Notify start buffering
V/vplayer (  990): 0xb89c76f0 notify info current item paused
D/vplayer (  990): virtual void MediaPlaybackControl::onPaused()
V/vplayer (  990): mStateLock.lock12
V/vplayer (  990): mStateLock.unlock12
V/FFmpegPlayer-IF(  987): *** synctrack thread paused  mPts 1167610952818705995***
V/AudioFlinger-Thread(  987): track 4096 s=00000000 [NOT READY] on thread 0xb5ead008,type 0,mid 2
V/AudioFlinger-Track(  987): presentationComplete() mPresentationCompleteFrames 0 framesWritten 9477120
V/AudioFlinger-Track(  987): presentationComplete() reset: mPresentationCompleteFrames 9481200 audioHalFrames 4080
V/AudioMixer(  987): disable(0)
D/WifiLuciClient(  926): Return from callBackAsync.
V/AudioFlinger-Thread(  987): track 4096 s=00000000 [NOT READY] on thread 0xb5ead008,type 0,mid 2
V/AudioFlinger-Track(  987): presentationComplete() mPresentationCompleteFrames 9481200 framesWritten 9477120
V/AudioFlinger-Thread(  987): track 4096 s=00000000 [NOT READY] on thread 0xb5ead008,type 0,mid 2
V/AudioFlinger-Track(  987): presentationComplete() mPresentationCompleteFrames 9481200 framesWritten 9478144
V/AudioFlinger-Thread(  987): track 4096 s=00000000 [NOT READY] on thread 0xb5ead008,type 0,mid 2
V/AudioFlinger-Track(  987): presentationComplete() mPresentationCompleteFrames 9481200 framesWritten 9478144
V/AudioFlinger-Thread(  987): track 4096 s=00000000 [NOT READY] on thread 0xb5ead008,type 0,mid 2
V/AudioFlinger-Track(  987): presentationComplete() mPresentationCompleteFrames 9481200 framesWritten 9479168
V/AudioFlinger-Thread(  987): track 4096 s=00000000 [NOT READY] on thread 0xb5ead008,type 0,mid 2
V/AudioFlinger-Track(  987): presentationComplete() mPresentationCompleteFrames 9481200 framesWritten 9479168
V/AudioFlinger-Thread(  987): track 4096 s=00000000 [NOT READY] on thread 0xb5ead008,type 0,mid 2
V/AudioFlinger-Track(  987): presentationComplete() mPresentationCompleteFrames 9481200 framesWritten 9480192
V/AudioFlinger-Thread(  987): track 4096 s=00000000 [NOT READY] on thread 0xb5ead008,type 0,mid 2
V/AudioFlinger-Track(  987): presentationComplete() mPresentationCompleteFrames 9481200 framesWritten 9480192
V/AudioFlinger-Thread(  987): track 4096 s=00000000 [NOT READY] on thread 0xb5ead008,type 0,mid 2
V/AudioFlinger-Track(  987): presentationComplete() mPresentationCompleteFrames 9481200 framesWritten 9481216
V/AudioFlinger-Track(  987): presentationComplete() session 15 complete: framesWritten 9481216
V/AudioFlinger-Thread(  987): removeTracks_l removing track on session 15
V/FFmpegPlayer-IF(  987):  ..... msg position ...0
V/FFmpegPlayer-IF(  987):  ..... msg buffing ...2105
V/AudioPolicyManagerBase(  987): stopOutput() output 2, stream 3, session 15
V/AudioPolicyManagerBase(  987): changeRefCount() stream 3, count 0
V/AudioPolicyManagerBase(  987): getNewDevice() selected device 0
V/AudioPolicyManagerBase(  987): setOutputDevice() output 2 device 0000 delayMs 170
V/AudioPolicyManagerBase(  987): setOutputDevice() prevDevice 0002
V/AudioPolicyManagerBase(  987): setOutputDevice() setting same device 0000 or null device for output 2
D/LuCINet (  922): Net::ReceiveNotifyRespThread::threadLoop: recv one package Id = 14 from 192.168.3.17!
D/LuCINet (  922): Net::ReceiveNotifyRespThread::threadLoop: update timestamp!!
D/LuCINet (  922): Net::SendThread1_15::threadLoop: waiting for msg
V/FFmpegPlayer-IF(  987):  ..... msg position ...0
V/FFmpegPlayer-IF(  987):  ..... msg buffing ...2625
V/FFmpegPlayer-IF(  987):  ..... msg position ...0
V/FFmpegPlayer-IF(  987):  ..... msg buffing ...3145
V/DeltaMediaPlayer(  990): --->auto Resuem<----
V/FFmpegPlayer-IF(  987): setLooping --- 
V/FFmpegPlayer-IF(  987): setLooping --- 
V/FFmpegPlayer-IF(  987): start ---(0xb8101540)
V/FFmpegPlayer-IF(  987): update --> pts  1167610951616383000
V/AudioTrack(  987): update pts 1167610951616383000
V/AudioFlinger-Track(  987): SyncTrack::start source 2,(0xb80de000)
V/DeltaAudioListener(  987): Luci sendCmd 2144, 0
V/AudioFlinger(  987): -------------->setActivePowerModeToMcu
V/AudioFlinger-Track(  987): start(4096), calling pid 990 session 15
V/AudioFlinger-Track(  987): PAUSED => RESUMING (4096) on thread 0xb80de000
V/AudioPolicyManagerBase(  987): startOutput() output 2, stream 3, session 15
V/AudioPolicyManagerBase(  987): changeRefCount() stream 3, count 1
V/AudioPolicyManagerBase(  987): getNewDevice() selected device 2
V/AudioPolicyManagerBase(  987): setOutputDevice() output 2 device 0002 delayMs 0
V/AudioPolicyManagerBase(  987): setOutputDevice() prevDevice 0002
V/AudioPolicyManagerBase(  987): setOutputDevice() setting same device 0002 or null device for output 2
V/AudioFlinger-Track(  987): ******* TRACK_SYNC so.. mMbxEnable is true ******
V/AudioFlinger-Thread(  987): signal playback thread
I/LuciService(  864): sendMessageAsync received msgId=2144, MSG_SYSTEM_SET_POWERMODE_TO_UART
V/vplayer (  990): 0xb89c76f0 notify end buffering
D/vplayer (  990): virtual void MediaPlaybackControl::onEndBuffering()
V/vplayer (  990): mStateLock.lock10
V/vplayer (  990): void MediaPlaybackControl::innerNotifyStateChanged_RSL(int, int, bool) currentState: 1, targetState: 1
V/DeletaMediaPolicy(  990): setInfo (0xb89c64e0) key 4118, ext1 0
V/vplayer (  990): mStateLock.unlock10
V/DeltaMediaPlayer(  990): Message Player Notify end buffering
D/LuCINet (  922): HwLuciClientListener::callbackAsync msgid:0x860, name:MSG_SYSTEM_SET_POWERMODE_TO_UART
D/LuCINet (  922): mListToUart.size before push:0
D/LuCINet (  922): mListToUart.size after push:1
D/LuCINet (  922): To Uart: id:0xe, length:1, data:0
V/FFmpegPlayer-IF(  987): *** synctrack thread started ***
V/FFmpegPlayer-IF(  987): ******mPtsCnt 1 , mPts 1167610953014694233************
V/FFmpegPlayer-IF(  987):  ..... msg position ...0
V/MediaPolicyService(  987): processPolicy id 2, msg 4118, ext1 0, ext2 0
V/MediaPolicyService(  987): send play status changed 0
I/LuciService(  864): sendMessageAsync received msgId=4118, MSG_AUDIO_PLAY_STATUS_CHANGED
D/LuCINet (  922): HwLuciClientListener::callbackAsync msgid:0x1016, name:MSG_AUDIO_PLAY_STATUS_CHANGED
D/LuCINet (  922): Net::send Indication Msg to phoneApp!
D/LuCINet (  922): Net::send Indication Msg: push to task_16!
D/LuCINet (  922): Net::send Indication Msg: push to task_15!
D/LuCINet (  922): mListToUart.size before push:0
D/LuCINet (  922): mListToUart.size after push:1
D/        ( 1002): systemmonitor play change status
D/        ( 1002): systemmonitor rev audio play 
D/LuCINet (  922): Net::SendThread1_15::threadLoop: send message id: 51 to: 192.168.3.17
V/DeltaAudioListener(  987): Luci callbackAsync msg 4118, ttl 0
V/DeltaAudioListener(  987): --->MSG_AUDIO_PLAY_STATUS_CHANGED
V/DeltaAudioListener(  987): status 0
V/FFmpegPlayer-IF(  987):  ..... msg buffing ...3145
V/FFmpegPlayer-IF(  987): ******mPtsCnt 2 , mPts 1167610953040819233************
V/FFmpegPlayer-IF(  987): ******mPtsCnt 3 , mPts 1167610953066944233************
V/FFmpegPlayer-IF(  987): ******mPtsCnt 4 , mPts 1167610953093069233************
V/FFmpegPlayer-IF(  987): ******mPtsCnt 5 , mPts 1167610953119194233************
V/FFmpegPlayer-IF(  987): ******mPtsCnt 6 , mPts 1167610953145319233************
D/        ( 1002): systemmonitor TimeoutResumeVol rev Play
V/AudioFlinger-Track(  987): ***********mFramesPendingInQueue[2] 1733ms******************
V/FFmpegPlayer-IF(  987): ******mPtsCnt 7 , mPts 1167610953171444233************
V/FFmpegPlayer-IF(  987): ******mPtsCnt 8 , mPts 1167610953197569233************
V/FFmpegPlayer-IF(  987): ******mPtsCnt 9 , mPts 1167610953223694233************
V/FFmpegPlayer-IF(  987): ******mPtsCnt 10 , mPts 1167610953249798399************
V/FFmpegPlayer-IF(  987): ******mPtsCnt 11 , mPts 1167610953275923399************
D/LuCINet (  922): Net::ReceiveNotifyRespThread::threadLoop: recv one package Id = 51 from 192.168.3.17!
D/LuCINet (  922): Net::ReceiveNotifyRespThread::threadLoop: update timestamp!!
D/LuCINet (  922): Net::SendThread1_15::threadLoop: waiting for msg
V/AudioMixer(  987): enable(0)
V/AudioMixer(  987): mixer configuration change: 1 activeTracks (00000001) all16BitsStereoNoResample=1, resampling=0, volumeRamp=0
V/AudioFlinger-Track(  987): *** targetpts invalid[0] or leading Zero[0] *** silence output stream 1024
V/AudioFlinger-Track(  987): ----------------->is track first set Hard Info<---------------??
V/AudioFlinger-Track(  987): *** targetpts invalid[0] or leading Zero[0] *** silence output stream 1024
D/LuCINet (  922): From Uart: id:0xe, length:1, data:30, 
I/LuciService(  864): sendMessageAsync received msgId=2118, MSG_SYSTEM_POWERMODE_FROM_UART
V/AudioFlinger-Track(  987): ***is bug **** getTargetPts pts too far 0 --> 1167610951738098163; mTargetPtsVaild 0, mTargetPtsError 0, mMbxKernelFrames 4096, mMbxUnrelease 0, sec 1167610951, nsec 652764830 
V/AudioFlinger-Track(  987): *** targetpts invalid[0] or leading Zero[0] *** silence output stream 1024
V/AudioFlinger-Track(  987): *** targetpts invalid[1] or leading Zero[0] *** silence output stream 1024
D/LuCINet (  922): Net::send Indication Msg to phoneApp!
D/LuCINet (  922): Net::send Indication Msg: push to task_16!
D/LuCINet (  922): Net::send Indication Msg: push to task_15!
D/WifiLuciClient(  926): WifiLuciListener::callbackAsync pureId: 2118, stick: no
D/WifiLuciClient(  926): callbackAsync() receives MSG_SYSTEM_POWERMODE_FROM_UART, mode = 0. 
D/LuCINet (  922): To Uart: id:0x33, length:1, data:0
D/LuCINet (  922): Net::SendThread1_16::threadLoop: send message id: 51 to: 192.168.3.21
D/LuCINet (  922): Net::SendThread1_15::threadLoop: send message id: 14 to: 192.168.3.17
V/AudioFlinger-Track(  987): updateMultiroomPts master for first update pts 1167610951780763254, mLeadingZero 0, invalid 16895833
V/AudioFlinger-Track(  987): _updatePts pts 1167610951800763254, diffpts 16895833, package 0, usercall 1
V/AudioFlinger-Track(  987): ------------->_updatePts Master<---------
V/AudioFlinger-Track(  987): ----------------->Master source 2 _updatePts  1167610951783867421
V/AudioFlinger(  987): multiroomUpdateClientPts 2  updatepts 1167610953795304915, package 0
V/AudioFlinger(  987): multiroomUpdateClientPts no multiroom master or source[2] != multiroomSource[2] skip it
V/AudioFlinger-Track(  987): ----> mUpdatePtsResult 1167610953795304915 , Flag == 2
V/AudioFlinger-Track(  987): ***first on time  frameRemain 1024, frameRead 443 ,head.pts 1167610951783867421, head.package 0***
V/AudioFlinger-Track(  987): *****SyncTrack initAdjust*audioFlinger adjust failed mMbxAdjustCnt 0, mMbxAdjustFlag -1****
D/LuCINet (  922): Net::ReceiveNotifyRespThread::threadLoop: recv one package Id = 14 from 192.168.3.17!
D/LuCINet (  922): Net::ReceiveNotifyRespThread::threadLoop: update timestamp!!
D/LuCINet (  922): Net::SendThread1_15::threadLoop: waiting for msg
D/iAPService(  993): : iAP2LuciClientListener::callbackAsync pureId: 2118, stick: not
D/iAPService(  993): : iAP ------------------MSG_SYSTEM_POWERMODE_FROM_UART powermode=0  mPowermode=0
V/DeltaAudioListener(  987): Luci callbackAsync msg 2118, ttl 0
V/DeltaAudioListener(  987): --->Luci MSG_SYSTEM_POWERMODE_FROM_UART
V/AudioFlinger(  987): -------------->Luci mOutPutValid 0 --> 0
V/AudioMixer(  987): setParameter(VOLUME, VOLUME0/1: 015d)
V/AudioMixer(  987): setParameter(VOLUME, VOLUME0/1: 015d)
V/AudioMixer(  987): mixer configuration change: 1 activeTracks (00000001) all16BitsStereoNoResample=1, resampling=0, volumeRamp=0
V/AudioMixer(  987): setParameter(VOLUME, VOLUME0/1: 02ba)
V/AudioMixer(  987): setParameter(VOLUME, VOLUME0/1: 02ba)
V/AudioMixer(  987): mixer configuration change: 1 activeTracks (00000001) all16BitsStereoNoResample=1, resampling=0, volumeRamp=0
V/AudioMixer(  987): setParameter(VOLUME, VOLUME0/1: 0417)
V/AudioMixer(  987): setParameter(VOLUME, VOLUME0/1: 0417)
V/AudioMixer(  987): mixer configuration change: 1 activeTracks (00000001) all16BitsStereoNoResample=1, resampling=0, volumeRamp=0
D/WifiLuciClient(  926): Return from callBackAsync.
V/AudioMixer(  987): setParameter(VOLUME, VOLUME0/1: 0574)
V/AudioMixer(  987): setParameter(VOLUME, VOLUME0/1: 0574)
V/AudioMixer(  987): mixer configuration change: 1 activeTracks (00000001) all16BitsStereoNoResample=1, resampling=0, volumeRamp=0
V/AudioMixer(  987): setParameter(VOLUME, VOLUME0/1: 06d1)
V/AudioMixer(  987): setParameter(VOLUME, VOLUME0/1: 06d1)
V/AudioMixer(  987): mixer configuration change: 1 activeTracks (00000001) all16BitsStereoNoResample=1, resampling=0, volumeRamp=0
V/FFmpegPlayer-IF(  987):  ..... msg position ...0
V/FFmpegPlayer-IF(  987):  ..... msg buffing ...3665
V/AudioMixer(  987): setParameter(VOLUME, VOLUME0/1: 082e)
V/AudioMixer(  987): setParameter(VOLUME, VOLUME0/1: 082e)
V/AudioMixer(  987): mixer configuration change: 1 activeTracks (00000001) all16BitsStereoNoResample=1, resampling=0, volumeRamp=0
V/AudioMixer(  987): setParameter(VOLUME, VOLUME0/1: 098b)
V/AudioMixer(  987): setParameter(VOLUME, VOLUME0/1: 098b)
V/AudioMixer(  987): mixer configuration change: 1 activeTracks (00000001) all16BitsStereoNoResample=1, resampling=0, volumeRamp=0
D/USBUARTTEST_UART( 1005): ReceiveThread::threadLooping
V/AudioMixer(  987): setParameter(VOLUME, VOLUME0/1: 0ae8)
V/AudioMixer(  987): setParameter(VOLUME, VOLUME0/1: 0ae8)
V/AudioMixer(  987): mixer configuration change: 1 activeTracks (00000001) all16BitsStereoNoResample=1, resampling=0, volumeRamp=0
V/FFmpegPlayer-IF(  987):  ..... msg start playing ...0:0.
V/vplayer (  990): 0xb89c76f0 notify info current item start playing
V/FFmpegPlayer-IF(  987):  ..... msg start playing ...0:0.
D/vplayer (  990): virtual void MediaPlaybackControl::onStartPlaying()
V/vplayer (  990): mStateLock.lock11
V/vplayer (  990): mStateLock.unlock11
V/vplayer (  990): 0xb89c76f0 notify info current item start playing
V/AudioMixer(  987): setParameter(VOLUME, VOLUME0/1: 0c45)
V/AudioMixer(  987): setParameter(VOLUME, VOLUME0/1: 0c45)
V/AudioMixer(  987): mixer configuration change: 1 activeTracks (00000001) all16BitsStereoNoResample=1, resampling=0, volumeRamp=0
D/vplayer (  990): virtual void MediaPlaybackControl::onStartPlaying()
V/vplayer (  990): mStateLock.lock11
V/vplayer (  990): mStateLock.unlock11
V/AudioMixer(  987): setParameter(VOLUME, VOLUME0/1: 0da2)
V/AudioMixer(  987): setParameter(VOLUME, VOLUME0/1: 0da2)
V/AudioMixer(  987): mixer configuration change: 1 activeTracks (00000001) all16BitsStereoNoResample=1, resampling=0, volumeRamp=0
V/AudioMixer(  987): setParameter(VOLUME, VOLUME0/1: 0eff)
V/AudioMixer(  987): setParameter(VOLUME, VOLUME0/1: 0eff)
V/AudioMixer(  987): mixer configuration change: 1 activeTracks (00000001) all16BitsStereoNoResample=1, resampling=0, volumeRamp=0
V/FFmpegPlayer-IF(  987):  ..... msg position ...79
V/FFmpegPlayer-IF(  987):  ..... msg buffing ...4185
V/AudioMixer(  987): setParameter(VOLUME, VOLUME0/1: 1000)
V/AudioMixer(  987): setParameter(VOLUME, VOLUME0/1: 1000)
V/AudioMixer(  987): mixer configuration change: 1 activeTracks (00000001) all16BitsStereoNoResample=1, resampling=0, volumeRamp=0
V/FFmpegPlayer-IF(  987):  ..... msg position ...162
V/FFmpegPlayer-IF(  987):  ..... msg buffing ...4705
V/audio_hw_primary(  987): out_write 104251392
V/audio_hw_primary(  987): **out_get_hwinfo, frames 4096, tv_sec 1167610952, tv_nsec 58082284, rate 48000
V/FFmpegPlayer-IF(  987):  ..... msg position ...266
V/FFmpegPlayer-IF(  987):  ..... msg buffing ...5225
V/FFmpegPlayer-IF(  987):  ..... msg position ...349
V/FFmpegPlayer-IF(  987):  ..... msg buffing ...5745
V/AudioFlinger-Track(  987): ***********mFramesPendingInQueue[2] 1988ms******************
D/LNTP_CLIENT(  995): Connecting to time1.aliyun.com [115.28.122.198] ...
D/LNTP_CLIENT(  995): pctime 1167610952.276476
D/LNTP_CLIENT(  995): get_time_diff net 1509963570.739
D/LNTP_CLIENT(  995): get_time_diff local 1347.0
D/LNTP_CLIENT(  995): get_time_diff diff 1509962223
D/LNTP_CLIENT(  995): Time set from time1.aliyun.com [115.28.122.198].
D/LNTP_CLIENT(  995): global_time_diff: 1509962223
I/LuciService(  864): sendMessageAsync received msgId=2141, MSG_SYSTEM_GET_INTERNET_TIME_DIFF_RESPONSE
V/PCPlayer:Main( 1007): PreChLuciListener::callbackAsync msgid:2141 MSG_SYSTEM_GET_INTERNET_TIME_DIFF_RESPONSE
V/FFmpegPlayer-IF(  987):  ..... msg position ...474
V/FFmpegPlayer-IF(  987):  ..... msg buffing ...6265
V/FFmpegPlayer-IF(  987):  ..... msg position ...557
V/FFmpegPlayer-IF(  987):  ..... msg buffing ...6785
D/DataUploader( 1006): EventDataRecords::read data null
V/vplayer (  990): void MediaPlaybackControl::notifyTrackChanged(MediaPlaybackControl::MediaPlaybackListener*) mCurrentIndex=1
V/DLNAPlayer(  990): virtual void DLNAPlayer::notifyTrackChanged(uint32_t, android::sp<TrackMetadata>)
I/DLNAPlayer(  990): DMR_IF: avt_notifyTrackChanged() track: 2, duration: 261000, trackUri: http://192.168.3.12:49152/7a6075f614eec1dbecec5d0f59763820.mp3, trackMetadata: {
I/DLNAPlayer(  990):    "HQ" : "HQ",
I/DLNAPlayer(  990):    "album" : "",
I/DLNAPlayer(  990):    "albumArtURI" : "http://y.gtimg.cn/music/photo/mid_album_500/l/o/003y8dsH2wBHlo.jpg",
I/DLNAPlayer(  990):    "creator" : "",
I/DLNAPlayer(  990):    "duration" : "00:04:21",
I/DLNAPlayer(  990):    "lyric" : "",
I/DLNAPlayer(  990):    "protocolInfo" : "http-get:*:audio/mpeg:DLNA.ORG_PN=MP3;DLNA.ORG_OP=01;",
I/DLNAPlayer(  990):    "songID" : "102636799",
I/DLNAPlayer(  990):    "tag" : "",
I/DLNAPlayer(  990):    "title" : "",
I/DLNAPlayer(  990):    "trackURIs" : [ "http://192.168.3.12:49152/7a6075f614eec1dbecec5d0f59763820.mp3" ]
I/DLNAPlayer(  990): }
I/DLNAPlayer(  990): , isLocal: not
I/DLNAPlayer(  990): DMR_IF: avt_notifyTrackChanged() dmr start: yes
V/vplayer (  990): mStateLock.lock6
V/vplayer (  990): mStateLock.unlock6
V/DLNAPlayer(  990): virtual void DLNAPlayer::notifyStateChanged(int, int) start currentState:1  targetState:1
I/DLNAPlayer(  990): DMR_IF: avt_notifyStateChanged() newState: 1, oldState: 1
I/DLNAPlayer(  990): DMR_IF: avt_notifyStateChanged() dmr start: yes
V/DLNAPlayer(  990): virtual void DLNAPlayer::notifyStateChanged(int, int) end currentState:1  targetState:1
V/vplayer (  990): mPlayHistoryLock.lock2
V/vplayer (  990): void MediaPlaybackControl::notifyPlayHistory(MediaPlaybackControl::MediaPlaybackListener*) position=27000
V/DLNAPlayer(  990): virtual void DLNAPlayer::notifyPlayHistory(android::sp<MediaMetadata>, android::sp<TrackMetadata>, uint32_t, int)
V/vplayer (  990): void MediaPlaybackControl::notifyPlayHistory(MediaPlaybackControl::MediaPlaybackListener*) position=0
V/DLNAPlayer(  990): virtual void DLNAPlayer::notifyPlayHistory(android::sp<MediaMetadata>, android::sp<TrackMetadata>, uint32_t, int)
V/vplayer (  990): mPlayHistoryLock.unlock2
V/FFmpegPlayer-IF(  987):  ..... msg position ...684
V/FFmpegPlayer-IF(  987):  ..... msg buffing ...7305
V/FFmpegPlayer-IF(  987):  ..... msg position ...788
V/FFmpegPlayer-IF(  987):  ..... msg buffing ...7825
D/LuCINet (  922): Net::SendThread1_16::threadLoop: send message id: 51 to: 192.168.3.21
V/FFmpegPlayer-IF(  987):  ..... msg position ...892
V/FFmpegPlayer-IF(  987):  ..... msg buffing ...8345
V/FFmpegPlayer-IF(  987):  ..... msg position ...996
V/FFmpegPlayer-IF(  987):  ..... msg buffing ...8865
V/AudioFlinger-Track(  987): ***********mFramesPendingInQueue[2] 1966ms******************
V/FFmpegPlayer-IF(  987):  ..... msg position ...1228
V/FFmpegPlayer-IF(  987):  ..... msg buffing ...9385
V/tinyalsa_pcm(  987): tstamp sec 1167610953, nsec 295324466, hw_ptr 9548800
V/FFmpegPlayer-IF(  987):  ..... msg position ...1737
V/FFmpegPlayer-IF(  987):  ..... msg buffing ...9879
D/LuCINet (  922): Net::SendThread1_16::threadLoop: send message id: 51 to: 192.168.3.21
V/AudioFlinger-Track(  987): ***********mFramesPendingInQueue[2] 1986ms******************
D/USBUARTTEST_UART( 1005): ReceiveThread::threadLooping
V/FFmpegPlayer-IF(  987):  ..... msg position ...2248
V/FFmpegPlayer-IF(  987):  ..... msg buffing ...10373
V/audio_hw_primary(  987): out_write 104665088
V/audio_hw_primary(  987): **out_get_hwinfo, frames 4096, tv_sec 1167610954, tv_nsec 212583860, rate 48000
V/FFmpegPlayer-IF(  987):  ..... msg position ...2735
V/FFmpegPlayer-IF(  987):  ..... msg buffing ...10893
V/AudioFlinger-Track(  987): ***********mFramesPendingInQueue[2] 1985ms******************
D/LuCINet (  922): Net::SendThread1_16::threadLoop: send message id: 51 to: 192.168.3.21
V/FFmpegPlayer-IF(  987):  ..... msg position ...3245
V/FFmpegPlayer-IF(  987):  ..... msg buffing ...11387
V/tinyalsa_pcm(  987): tstamp sec 1167610955, nsec 428505193, hw_ptr 9651200
V/AudioFlinger-Track(  987): ***********mFramesPendingInQueue[2] 1963ms******************
V/FFmpegPlayer-IF(  987):  ..... msg position ...3755
V/FFmpegPlayer-IF(  987):  ..... msg buffing ...11881
D/LuCINet (  922): Net::SendThread1_16::threadLoop: send message id: 51 to: 192.168.3.21
D/USBUARTTEST_UART( 1005): ReceiveThread::threadLooping
V/FFmpegPlayer-IF(  987):  ..... msg position ...4243
V/FFmpegPlayer-IF(  987):  ..... msg buffing ...12401
V/AudioFlinger-Track(  987): ***********mFramesPendingInQueue[2] 1962ms******************
V/audio_hw_primary(  987): out_write 105078784
V/audio_hw_primary(  987): **out_get_hwinfo, frames 4096, tv_sec 1167610956, tv_nsec 367111617, rate 48000
V/FFmpegPlayer-IF(  987):  ..... msg position ...4753
V/FFmpegPlayer-IF(  987):  ..... msg buffing ...12895
D/LuCINet (  922): Net::SendThread1_16::threadLoop: send message id: 51 to: 192.168.3.21
V/AudioFlinger-Track(  987): ***********mFramesPendingInQueue[2] 1961ms******************
V/FFmpegPlayer-IF(  987):  ..... msg position ...5262
V/FFmpegPlayer-IF(  987):  ..... msg buffing ...13415
D/DataUploader( 1006): EventDataRecords::read data null
V/tinyalsa_pcm(  987): tstamp sec 1167610957, nsec 561704465, hw_ptr 9753600
V/FFmpegPlayer-IF(  987):  ..... msg position ...5772
V/FFmpegPlayer-IF(  987):  ..... msg buffing ...13909
D/LuCINet (  922): Net::SendThread1_16::threadLoop: send message id: 51 to: 192.168.3.21
D/USBUARTTEST_UART( 1005): ReceiveThread::threadLooping
V/AudioFlinger-Track(  987): ***********mFramesPendingInQueue[2] 1961ms******************
V/FFmpegPlayer-IF(  987):  ..... msg position ...6282
V/FFmpegPlayer-IF(  987):  ..... msg buffing ...14403
V/audio_hw_primary(  987): out_write 105492480
V/audio_hw_primary(  987): **out_get_hwinfo, frames 4096, tv_sec 1167610958, tv_nsec 521635980, rate 48000
V/FFmpegPlayer-IF(  987):  ..... msg position ...6748
V/FFmpegPlayer-IF(  987):  ..... msg buffing ...14923
V/AudioFlinger-Track(  987): ***********mFramesPendingInQueue[2] 1960ms******************
D/LuCINet (  922): Net::SendThread1_16::threadLoop: task is exit!
V/FFmpegPlayer-IF(  987):  ..... msg position ...7301
V/FFmpegPlayer-IF(  987):  ..... msg buffing ...15417
V/AudioFlinger-Track(  987): ***********mFramesPendingInQueue[2] 1959ms******************
V/FFmpegPlayer-IF(  987):  ..... msg position ...7767
V/FFmpegPlayer-IF(  987):  ..... msg buffing ...15937
V/tinyalsa_pcm(  987): tstamp sec 1167610959, nsec 694900949, hw_ptr 9856000
D/USBUARTTEST_UART( 1005): ReceiveThread::threadLooping
V/FFmpegPlayer-IF(  987):  ..... msg position ...8299
V/FFmpegPlayer-IF(  987):  ..... msg buffing ...16431
V/AudioFlinger-Track(  987): ***********mFramesPendingInQueue[2] 1958ms******************
V/audio_hw_primary(  987): out_write 105906176
V/audio_hw_primary(  987): **out_get_hwinfo, frames 4096, tv_sec 1167610960, tv_nsec 676146525, rate 48000
V/FFmpegPlayer-IF(  987):  ..... msg position ...8787
V/FFmpegPlayer-IF(  987):  ..... msg buffing ...16951
V/AudioFlinger-Track(  987): ***********mFramesPendingInQueue[2] 1957ms******************
V/FFmpegPlayer-IF(  987):  ..... msg position ...9297
V/FFmpegPlayer-IF(  987):  ..... msg buffing ...17419
V/FFmpegPlayer-IF(  987):  ..... msg position ...9763
V/FFmpegPlayer-IF(  987):  ..... msg buffing ...17939
V/tinyalsa_pcm(  987): tstamp sec 1167610961, nsec 828078767, hw_ptr 9958400
V/AudioFlinger-Track(  987): ***********mFramesPendingInQueue[2] 1999ms******************
D/USBUARTTEST_UART( 1005): ReceiveThread::threadLooping
V/FFmpegPlayer-IF(  987):  ..... msg position ...10273
V/FFmpegPlayer-IF(  987):  ..... msg buffing ...18433
D/DataUploader( 1006): EventDataRecords::read data null
V/FFmpegPlayer-IF(  987):  ..... msg position ...10784
V/FFmpegPlayer-IF(  987):  ..... msg buffing ...18927
V/AudioFlinger-Track(  987): ***********mFramesPendingInQueue[2] 1998ms******************
V/audio_hw_primary(  987): out_write 106319872
V/audio_hw_primary(  987): **out_get_hwinfo, frames 4096, tv_sec 1167610962, tv_nsec 830674525, rate 48000
