V/AudioPolicyManagerBase(  987): getNewDevice() selected device 2
V/AudioPolicyManagerBase(  987): setOutputDevice() output 2 device 0002 delayMs 0
V/AudioPolicyManagerBase(  987): setOutputDevice() prevDevice 0002
V/AudioPolicyManagerBase(  987): setOutputDevice() setting same device 0002 or null device for output 2
V/AudioFlinger-Track(  987): ******* TRACK_SYNC so.. mMbxEnable is true ******
V/AudioFlinger-Thread(  987): signal playback thread
I/LuciService(  864): sendMessageAsync received msgId=2144, MSG_SYSTEM_SET_POWERMODE_TO_UART
V/vplayer (  990): 0xb89c76f0 notify end buffering
D/vplayer (  990): virtual void MediaPlaybackControl::onEndBuffering()
V/vplayer (  990): mStateLock.lock10
V/vplayer (  990): void MediaPlaybackControl::innerNotifyStateChanged_RSL(int, int, bool) currentState: 1, targetState: 1
V/DeletaMediaPolicy(  990): setInfo (0xb89c64e0) key 4118, ext1 0
V/vplayer (  990): mStateLock.unlock10
V/DeltaMediaPlayer(  990): Message Player Notify end buffering
D/LuCINet (  922): HwLuciClientListener::callbackAsync msgid:0x860, name:MSG_SYSTEM_SET_POWERMODE_TO_UART
D/LuCINet (  922): mListToUart.size before push:0
D/LuCINet (  922): mListToUart.size after push:1
V/vplayer (  990): mStateLock.lock6
V/vplayer (  990): mStateLock.unlock6
V/DLNAPlayer(  990): virtual void DLNAPlayer::notifyStateChanged(int, int) start currentState:1  targetState:1
I/DLNAPlayer(  990): DMR_IF: avt_notifyStateChanged() newState: 1, oldState: 1
I/DLNAPlayer(  990): DMR_IF: avt_notifyStateChanged() dmr start: yes
V/DLNAPlayer(  990): virtual void DLNAPlayer::notifyStateChanged(int, int) end currentState:1  targetState:1
D/LuCINet (  922): To Uart: id:0xe, length:1, data:0
V/FFmpegPlayer-IF(  987): *** synctrack thread started ***
V/FFmpegPlayer-IF(  987): ******mPtsCnt 1 , mPts 1167610786412528932************
V/FFmpegPlayer-IF(  987):  ..... msg position ...0
V/MediaPolicyService(  987): processPolicy id 2, msg 4118, ext1 0, ext2 0
V/MediaPolicyService(  987): send play status changed 0
I/LuciService(  864): sendMessageAsync received msgId=4118, MSG_AUDIO_PLAY_STATUS_CHANGED
D/LuCINet (  922): HwLuciClientListener::callbackAsync msgid:0x1016, name:MSG_AUDIO_PLAY_STATUS_CHANGED
D/LuCINet (  922): Net::send Indication Msg to phoneApp!
D/LuCINet (  922): mListToUart.size before push:0
D/LuCINet (  922): mListToUart.size after push:1
D/        ( 1002): systemmonitor play change status
D/        ( 1002): systemmonitor rev audio play 
V/AudioMixer(  987): enable(1)
V/AudioMixer(  987): mixer configuration change: 1 activeTracks (00000002) all16BitsStereoNoResample=1, resampling=0, volumeRamp=0
V/AudioFlinger-Track(  987): *** targetpts invalid[0] or leading Zero[0] *** silence output stream 1024
V/AudioFlinger-Track(  987): ----------------->is track first set Hard Info<---------------??
V/AudioFlinger-Track(  987): *** targetpts invalid[0] or leading Zero[0] *** silence output stream 1024
V/DeltaAudioListener(  987): Luci callbackAsync msg 4118, ttl 0
V/DeltaAudioListener(  987): --->MSG_AUDIO_PLAY_STATUS_CHANGED
V/DeltaAudioListener(  987): status 0
V/FFmpegPlayer-IF(  987):  ..... msg buffing ...3145
V/FFmpegPlayer-IF(  987): ******mPtsCnt 2 , mPts 1167610786438653932************
V/FFmpegPlayer-IF(  987): ******mPtsCnt 3 , mPts 1167610786464778932************
V/FFmpegPlayer-IF(  987): ******mPtsCnt 4 , mPts 1167610786490903932************
V/FFmpegPlayer-IF(  987): ******mPtsCnt 5 , mPts 1167610786517028932************
V/FFmpegPlayer-IF(  987): ******mPtsCnt 6 , mPts 1167610786543153932************
V/FFmpegPlayer-IF(  987): ******mPtsCnt 7 , mPts 1167610786569278932************
V/FFmpegPlayer-IF(  987): ******mPtsCnt 8 , mPts 1167610786595403932************
V/FFmpegPlayer-IF(  987): ******mPtsCnt 9 , mPts 1167610786621528932************
V/FFmpegPlayer-IF(  987): ******mPtsCnt 10 , mPts 1167610786647633098************
V/FFmpegPlayer-IF(  987): ******mPtsCnt 11 , mPts 1167610786673758098************
D/        ( 1002): systemmonitor TimeoutResumeVol rev Play
V/AudioFlinger-Track(  987): ***is bug **** getTargetPts pts too far 0 --> 1167610785157269347; mTargetPtsVaild 0, mTargetPtsError 0, mMbxKernelFrames 4096, mMbxUnrelease 0, sec 1167610785, nsec 71936014 
V/AudioFlinger-Track(  987): *** targetpts invalid[0] or leading Zero[0] *** silence output stream 1024
D/LuCINet (  922): From Uart: id:0xe, length:1, data:30, 
D/LuCINet (  922): Net::send Indication Msg to phoneApp!
I/LuciService(  864): sendMessageAsync received msgId=2118, MSG_SYSTEM_POWERMODE_FROM_UART
D/WifiLuciClient(  926): WifiLuciListener::callbackAsync pureId: 2118, stick: no
D/WifiLuciClient(  926): callbackAsync() receives MSG_SYSTEM_POWERMODE_FROM_UART, mode = 0. 
V/DeltaAudioListener(  987): Luci callbackAsync msg 2118, ttl 0
V/DeltaAudioListener(  987): --->Luci MSG_SYSTEM_POWERMODE_FROM_UART
V/AudioFlinger(  987): -------------->Luci mOutPutValid 0 --> 0
D/iAPService(  993): : iAP2LuciClientListener::callbackAsync pureId: 2118, stick: not
D/iAPService(  993): : iAP ------------------MSG_SYSTEM_POWERMODE_FROM_UART powermode=0  mPowermode=0
D/LuCINet (  922): To Uart: id:0x33, length:1, data:0
V/AudioFlinger-Track(  987): *** targetpts invalid[1] or leading Zero[0] *** silence output stream 1024
V/AudioFlinger-Track(  987): updateMultiroomPts master for first update pts 1167610785199939771, mLeadingZero 0, invalid 7312500
V/AudioFlinger-Track(  987): _updatePts pts 1167610785219939771, diffpts 7312500, package 0, usercall 1
V/AudioFlinger-Track(  987): ------------->_updatePts Master<---------
V/AudioFlinger-Track(  987): ----------------->Master source 2 _updatePts  1167610785212627271
V/AudioFlinger(  987): multiroomUpdateClientPts 2  updatepts 1167610787197918931, package 0
V/AudioFlinger(  987): multiroomUpdateClientPts no multiroom master or source[2] != multiroomSource[2] skip it
V/AudioFlinger-Track(  987): ----> mUpdatePtsResult 1167610787197918931 , Flag == 2
V/AudioFlinger-Track(  987): ***first on time  frameRemain 1024, frameRead 903 ,head.pts 1167610785212627271, head.package 0***
V/AudioFlinger-Track(  987): *****SyncTrack initAdjust*audioFlinger adjust failed mMbxAdjustCnt 0, mMbxAdjustFlag -1****
V/AudioMixer(  987): setParameter(VOLUME, VOLUME0/1: 015d)
V/AudioMixer(  987): setParameter(VOLUME, VOLUME0/1: 015d)
V/AudioMixer(  987): mixer configuration change: 1 activeTracks (00000002) all16BitsStereoNoResample=1, resampling=0, volumeRamp=0
D/WifiLuciClient(  926): Return from callBackAsync.
V/AudioMixer(  987): setParameter(VOLUME, VOLUME0/1: 02ba)
V/AudioMixer(  987): setParameter(VOLUME, VOLUME0/1: 02ba)
V/AudioMixer(  987): mixer configuration change: 1 activeTracks (00000002) all16BitsStereoNoResample=1, resampling=0, volumeRamp=0
V/AudioMixer(  987): setParameter(VOLUME, VOLUME0/1: 0417)
V/AudioMixer(  987): setParameter(VOLUME, VOLUME0/1: 0417)
V/AudioMixer(  987): mixer configuration change: 1 activeTracks (00000002) all16BitsStereoNoResample=1, resampling=0, volumeRamp=0
V/AudioMixer(  987): setParameter(VOLUME, VOLUME0/1: 0574)
V/AudioMixer(  987): setParameter(VOLUME, VOLUME0/1: 0574)
V/AudioMixer(  987): mixer configuration change: 1 activeTracks (00000002) all16BitsStereoNoResample=1, resampling=0, volumeRamp=0
V/AudioMixer(  987): setParameter(VOLUME, VOLUME0/1: 06d1)
V/AudioMixer(  987): setParameter(VOLUME, VOLUME0/1: 06d1)
V/AudioMixer(  987): mixer configuration change: 1 activeTracks (00000002) all16BitsStereoNoResample=1, resampling=0, volumeRamp=0
V/FFmpegPlayer-IF(  987):  ..... msg position ...0
V/FFmpegPlayer-IF(  987):  ..... msg buffing ...3665
V/AudioMixer(  987): setParameter(VOLUME, VOLUME0/1: 082e)
V/AudioMixer(  987): setParameter(VOLUME, VOLUME0/1: 082e)
V/AudioMixer(  987): mixer configuration change: 1 activeTracks (00000002) all16BitsStereoNoResample=1, resampling=0, volumeRamp=0
V/FFmpegPlayer-IF(  987):  ..... msg start playing ...0:0.
V/vplayer (  990): 0xb89c76f0 notify info current item start playing
D/vplayer (  990): virtual void MediaPlaybackControl::onStartPlaying()
V/vplayer (  990): mStateLock.lock11
V/vplayer (  990): mStateLock.unlock11
V/AudioMixer(  987): setParameter(VOLUME, VOLUME0/1: 098b)
V/AudioMixer(  987): setParameter(VOLUME, VOLUME0/1: 098b)
V/AudioMixer(  987): mixer configuration change: 1 activeTracks (00000002) all16BitsStereoNoResample=1, resampling=0, volumeRamp=0
V/AudioMixer(  987): setParameter(VOLUME, VOLUME0/1: 0ae8)
V/AudioMixer(  987): setParameter(VOLUME, VOLUME0/1: 0ae8)
V/AudioMixer(  987): mixer configuration change: 1 activeTracks (00000002) all16BitsStereoNoResample=1, resampling=0, volumeRamp=0
V/AudioMixer(  987): setParameter(VOLUME, VOLUME0/1: 0c45)
V/AudioMixer(  987): setParameter(VOLUME, VOLUME0/1: 0c45)
V/AudioMixer(  987): mixer configuration change: 1 activeTracks (00000002) all16BitsStereoNoResample=1, resampling=0, volumeRamp=0
V/AudioMixer(  987): setParameter(VOLUME, VOLUME0/1: 0da2)
V/AudioMixer(  987): setParameter(VOLUME, VOLUME0/1: 0da2)
V/AudioMixer(  987): mixer configuration change: 1 activeTracks (00000002) all16BitsStereoNoResample=1, resampling=0, volumeRamp=0
V/AudioFlinger-Track(  987): ***********mFramesPendingInQueue[2] 1978ms******************
V/AudioMixer(  987): setParameter(VOLUME, VOLUME0/1: 0eff)
V/AudioMixer(  987): setParameter(VOLUME, VOLUME0/1: 0eff)
V/AudioMixer(  987): mixer configuration change: 1 activeTracks (00000002) all16BitsStereoNoResample=1, resampling=0, volumeRamp=0
V/FFmpegPlayer-IF(  987):  ..... msg position ...122
V/FFmpegPlayer-IF(  987):  ..... msg buffing ...4185
V/AudioMixer(  987): setParameter(VOLUME, VOLUME0/1: 1000)
V/AudioMixer(  987): setParameter(VOLUME, VOLUME0/1: 1000)
V/AudioMixer(  987): mixer configuration change: 1 activeTracks (00000002) all16BitsStereoNoResample=1, resampling=0, volumeRamp=0
V/FFmpegPlayer-IF(  987):  ..... msg position ...205
V/FFmpegPlayer-IF(  987):  ..... msg buffing ...4705
D/LuCINet (  922): Net::ReceiveThread1::threadLoop: receive package from 192.168.3.17
D/LuCINet (  922): Net::SendThread1:init
D/LuCINet (  922): SendThread1_15 task is created!!
D/LuCINet (  922): Net::ReceiveThread1::RecvExtCmdMsg:messageId = 5
D/LuCINet (  922): Net::ReceiveThread1::RecvExtCmdMsg:data = 
D/LuCINet (  922): Net::sendPhoneMessage to phoneApp!
D/LuCINet (  922): Net::SendThread1_15::threadLoop: waiting for msg
D/LuCINet (  922): Net::ReceiveThread1::threadLoop: receive package from 192.168.3.17
D/LuCINet (  922): Net::ReceiveThread::threadLoop: phone IPaddr had been there!
D/LuCINet (  922): Net::ReceiveThread1::RecvExtCmdMsg:messageId = 90
D/LuCINet (  922): Net::ReceiveThread1::RecvExtCmdMsg:data = 
D/LuCINet (  922): Net::sendPhoneMessage to phoneApp!
D/LuCINet (  922): Net::ReceiveThread1::threadLoop: receive package from 192.168.3.17
D/LuCINet (  922): Net::ReceiveThread::threadLoop: phone IPaddr had been there!
D/LuCINet (  922): Net::ReceiveThread1::RecvExtCmdMsg:messageId = 770
D/LuCINet (  922): Net::ReceiveThread1::RecvExtCmdMsg:data = 
D/LuCINet (  922): Net::sendPhoneMessage to phoneApp!
D/LuCINet (  922): From NET: id:0x302, length:0, data:
D/LuCINet (  922): To Uart: id:0x302, length:0, data:(null)
D/LuCINet (  922): Net::ReceiveThread1::threadLoop: receive package from 192.168.3.17
D/LuCINet (  922): Net::ReceiveThread::threadLoop: phone IPaddr had been there!
D/LuCINet (  922): Net::ReceiveThread1::RecvExtCmdMsg:messageId = 5
D/LuCINet (  922): Net::ReceiveThread1::RecvExtCmdMsg:data = 
D/LuCINet (  922): Net::sendPhoneMessage to phoneApp!
D/LuCINet (  922): Net::ReceiveThread1::threadLoop: receive package from 192.168.3.17
D/LuCINet (  922): Net::ReceiveThread::threadLoop: phone IPaddr had been there!
D/LuCINet (  922): Net::ReceiveThread1::RecvExtCmdMsg:messageId = 524
D/LuCINet (  922): Net::ReceiveThread1::RecvExtCmdMsg:data = 
V/FFmpegPlayer-IF(  987):  ..... msg position ...331
V/FFmpegPlayer-IF(  987):  ..... msg buffing ...5225
D/LuCINet (  922): From Uart: id:0x302, length:4, data:32, 30, 30, 34, 
I/LuciService(  864): sendMessageAsync received msgId=2099, MSG_SYSTEM_GET_COLOR_RESPONSE
D/USBUARTTEST_MAIN( 1005): HwLuciClientListener::callbackAsync msgid:0x833, name:MSG_SYSTEM_GET_COLOR_RESPONSE
D/LuCINet (  922): To NET: id:0x302, length:4, data:2004
D/LuCINet (  922): Net::sendMessage: find the msgID: 770 and send to 192.168.3.17
D/LuCINet (  922): Net::ReceiveThread1::GetVoiceConfig: json data = [{"description":"Basic neutral setting","name":"Neutral","voicingId":"V100"},{"description":"Easy and smooth - leaned back sound","name":"Easy Listening","voicingId":"V101"},{"description":"Soft midrange for compressed recordings","name":"Soft and Comfortable","voicingId":"V102"},{"description":"Extra drum kick - smooth midrange","name":"Rock the house","voicingId":"V103"},{"description":"Open acoustic sound, focus on voices","name":"Jazz club","voicingId":"V104"},{"description":"Extra action and movie re-equalization","name":"Movie time","voicingId":"V105"},{"description":"When the music is loud and dynamic","name":"Live concert","voicingId":"V106"},{"description":"Enjoy grand pianos when they are best","name":"Classical","voicingId":"V107"},{"description":"For TV programs with subtle voices","name":"Speech","voicingId":"V108"}]
D/LuCINet (  922): 
D/LuCINet (  922): Net::sendPhoneMessage to phoneApp!
D/LuCINet (  922): Net::ReceiveThread1::threadLoop: receive package from 192.168.3.17
D/LuCINet (  922): Net::ReceiveThread::threadLoop: phone IPaddr had been there!
D/LuCINet (  922): Net::ReceiveThread1::RecvExtCmdMsg:messageId = 525
D/LuCINet (  922): Net::ReceiveThread1::RecvExtCmdMsg:data = 
D/LuCINet (  922): Net::ReceiveThread1::GetVoiceConfig: json data = [{"description":"Basic neutral setting","name":"Neutral","voicingId":"neutral"},{"description":"Outdoor","name":"Outdoor","voicingId":"outdoor"},{"description":"Shelf","name":"Shelf","voicingId":"shelf"},{"description":"Table","name":"Table","voicingId":"table"},{"description":"Floor","name":"Floor","voicingId":"floor"}]
D/LuCINet (  922): 
D/LuCINet (  922): Net::sendPhoneMessage to phoneApp!
D/LuCINet (  922): Net::ReceiveThread1::threadLoop: receive package from 192.168.3.17
D/LuCINet (  922): Net::ReceiveThread::threadLoop: phone IPaddr had been there!
D/LuCINet (  922): Net::ReceiveThread1::RecvExtCmdMsg:messageId = 515
D/LuCINet (  922): Net::ReceiveThread1::RecvExtCmdMsg:data = 
D/LuCINet (  922): Net::sendPhoneMessage to phoneApp!
D/LuCINet (  922): Net::ReceiveThread1::threadLoop: receive package from 192.168.3.17
D/LuCINet (  922): Net::ReceiveThread::threadLoop: phone IPaddr had been there!
D/LuCINet (  922): Net::ReceiveThread1::RecvExtCmdMsg:messageId = 529
D/LuCINet (  922): Net::ReceiveThread1::RecvExtCmdMsg:data = 
D/LuCINet (  922): Net::sendPhoneMessage to phoneApp!
D/LuCINet (  922): Net::ReceiveThread1::threadLoop: receive package from 192.168.3.17
D/LuCINet (  922): Net::ReceiveThread::threadLoop: phone IPaddr had been there!
D/LuCINet (  922): Net::ReceiveThread1::RecvExtCmdMsg:messageId = 256
D/LuCINet (  922): Net::ReceiveThread1::RecvExtCmdMsg:data = 
D/LuCINet (  922): Net::sendPhoneMessage to phoneApp!
D/LuCINet (  922): Net::ReceiveThread1::threadLoop: receive package from 192.168.3.17
D/LuCINet (  922): Net::ReceiveThread::threadLoop: phone IPaddr had been there!
D/LuCINet (  922): Net::ReceiveThread1::RecvExtCmdMsg:messageId = 528
D/LuCINet (  922): Net::ReceiveThread1::RecvExtCmdMsg:data = 
D/LuCINet (  922): Net::sendPhoneMessage to phoneApp!
D/LuCINet (  922): Net::ReceiveThread1::threadLoop: receive package from 192.168.3.17
D/LuCINet (  922): Net::ReceiveThread::threadLoop: phone IPaddr had been there!
D/LuCINet (  922): Net::ReceiveThread1::RecvExtCmdMsg:messageId = 64
D/LuCINet (  922): Net::ReceiveThread1::RecvExtCmdMsg:data = 
D/LuCINet (  922): Net::sendPhoneMessage to phoneApp!
D/LuCINet (  922): Net::ReceiveThread1::threadLoop: receive package from 192.168.3.17
D/LuCINet (  922): Net::ReceiveThread::threadLoop: phone IPaddr had been there!
D/LuCINet (  922): Net::ReceiveThread1::RecvExtCmdMsg:messageId = 520
D/LuCINet (  922): Net::ReceiveThread1::RecvExtCmdMsg:data = 
D/LuCINet (  922): Net::ReceiveThread1::threadLoop: receive package from 192.168.3.17
D/LuCINet (  922): Net::ReceiveThread::threadLoop: phone IPaddr had been there!
D/LuCINet (  922): Net::ReceiveThread1::RecvExtCmdMsg:messageId = 51
D/LuCINet (  922): Net::ReceiveThread1::RecvExtCmdMsg:data = 
D/LuCINet (  922): Net::sendPhoneMessage to phoneApp!
D/LuCINet (  922): Net::ReceiveThread1::threadLoop: receive package from 192.168.3.17
D/LuCINet (  922): Net::ReceiveThread::threadLoop: phone IPaddr had been there!
D/LuCINet (  922): Net::ReceiveThread1::RecvExtCmdMsg:messageId = 65
D/LuCINet (  922): Net::ReceiveThread1::RecvExtCmdMsg:data = {"Control":2,"SEQ":139604509}
D/LuCINet (  922): Net::ReceiveThread1::threadLoop: receive package from 192.168.3.17
D/LuCINet (  922): Net::ReceiveThread::threadLoop: phone IPaddr had been there!
D/LuCINet (  922): Net::ReceiveThread1::RecvExtCmdMsg:messageId = 10
D/LuCINet (  922): Net::ReceiveThread1::RecvExtCmdMsg:data = 
D/LuCINet (  922): Net::ReceiveThread1::RecvExtCmdMsg: src = 2, sn = 6, detail = 0, ability = 1015
D/LuCINet (  922): Net::sendPhoneMessage to phoneApp!
D/LuCINet (  922): Net::ReceiveThread1::threadLoop: receive package from 192.168.3.17
D/LuCINet (  922): Net::ReceiveThread::threadLoop: phone IPaddr had been there!
D/LuCINet (  922): Net::ReceiveThread1::RecvExtCmdMsg:messageId = 260
D/LuCINet (  922): Net::ReceiveThread1::RecvExtCmdMsg:data = 
D/LuCINet (  922): Net::sendPhoneMessage to phoneApp!
D/LuCINet (  922): Net::ReceiveThread1::threadLoop: receive package from 192.168.3.17
D/LuCINet (  922): Net::ReceiveThread::threadLoop: phone IPaddr had been there!
D/LuCINet (  922): Net::ReceiveThread1::RecvExtCmdMsg:messageId = 275
D/LuCINet (  922): Net::ReceiveThread1::RecvExtCmdMsg:data = 
D/LuCINet (  922): From NET: id:0x100, length:0, data:
D/LuCINet (  922): From NET: id:0x208, length:0, data:
D/LuCINet (  922): From NET: id:0x41, length:29, data:7b, 22, 43, 6f, 6e, 74, 72, 6f, 6c, 22, 3a, 32, 2c, 22, 53, 45, 51, 22, 3a, 31, 33, 39, 36, 30, 34, 35, 30, 39, 7d, 
D/LuCINet (  922): MB41H_FW_UPDATE_REQ...
D/LuCINet (  922): From NET: id:0x113, length:0, data:
D/LuCINet (  922): To Uart: id:0x100, length:0, data:(null)
I/LuciService(  864): sendMessageAsync received msgId=2101, MSG_SYSTEM_UPDATE
I/LuciService(  864): sendMessageAsync received msgId=4134, MSG_AUDIO_PRECH_CHANNEL_ALL_INFO_REQUEST
D/        ( 1002): systemonitor rev  update message parcel = {"Control":2,"SEQ":139604509}
V/PCPlayer:Main( 1007): PreChLuciListener::callbackAsync msgid:4134 MSG_AUDIO_PRECH_CHANNEL_ALL_INFO_REQUEST
D/PCPlayer:Main( 1007): MSG_AUDIO_PRECH_CHANNEL_ALL_INFO_REQUEST: ISM FALG 0
V/PCPlayer( 1007): int PresetChPlayer::getChannelInfoAll(android::String8&)
D/WifiLuciClient(  926): WifiLuciListener::callbackAsync pureId: 2101, stick: no
D/LuCINet (  922): Net::ReceiveThread1::threadLoop: receive package from 192.168.3.17
D/        ( 1002): systemmonitor rev update request, string = {"Control":2,"SEQ":139604509}
D/WifiLuciClient(  926): Return from callBackAsync.
D/LuCINet (  922): Net::ReceiveThread::threadLoop: phone IPaddr had been there!
D/        ( 1002): systemmonitor update state change to download version list
D/LuCINet (  922): Net::ReceiveThread1::RecvExtCmdMsg:messageId = 516
D/        ( 1002): update module execut result = {"Control":"2","ControlContent":"","ControlResult":"0","SEQ":"139604509","UpdateState":"2"}
D/        ( 1002): 
D/LuCINet (  922): Net::ReceiveThread1::RecvExtCmdMsg:data = 
D/LuCINet (  922): Net::sendPhoneMessage to phoneApp!
I/LuciService(  864): sendMessageAsync received msgId=2102, MSG_SYSTEM_UPDATE_RESULT
D/LuCINet (  922): Net::ReceiveThread1::threadLoop: receive package from 192.168.3.17
D/LuCINet (  922): HwLuciClientListener::callbackAsync msgid:0x836, name:MSG_SYSTEM_UPDATE_RESULT
D/LuCINet (  922): From NET: id:0x204, length:0, data:
D/LuCINet (  922): Net::ReceiveThread::threadLoop: phone IPaddr had been there!
D/LuCINet (  922): Net::ReceiveThread1::RecvExtCmdMsg:messageId = 517
D/LuCINet (  922): mListToUart.size before push:2
D/LuCINet (  922): Net::ReceiveThread1::RecvExtCmdMsg:data = 
D/LuCINet (  922): mListToUart.size after push:3
D/LuCINet (  922): Net::sendPhoneMessage to phoneApp!
D/LuCINet (  922): From NET: id:0x205, length:0, data:
D/LuCINet (  922): Net::ReceiveThread1::threadLoop: receive package from 192.168.3.17
D/LuCINet (  922): Net::ReceiveThread::threadLoop: phone IPaddr had been there!
D/LuCINet (  922): Net::ReceiveThread1::RecvExtCmdMsg:messageId = 278
D/LuCINet (  922): Net::ReceiveThread1::RecvExtCmdMsg:data = 
D/LuCINet (  922): From NET: id:0x116, length:0, data:
I/LuciService(  864): sendMessageAsync received msgId=4139, MSG_AUDIO_PRECH_PLAY_INFO_REQUEST
I/LuciService(  864): sendMessageAsync received msgId=4135, MSG_AUDIO_PRECH_CHANNEL_ALL_INFO_RESPONSE
D/LuCINet (  922): Net::ReceiveThread1::threadLoop: receive package from 192.168.3.17
D/LuCINet (  922): HwLuciClientListener::callbackAsync msgid:0x1027, name:MSG_AUDIO_PRECH_CHANNEL_ALL_INFO_RESPONSE
D/LuCINet (  922): Net::ReceiveThread::threadLoop: phone IPaddr had been there!
D/LuCINet (  922): mListToUart.size before push:4
D/LuCINet (  922): Net::ReceiveThread1::RecvExtCmdMsg:messageId = 1285
D/LuCINet (  922): mListToUart.size after push:5
D/LuCINet (  922): Net::ReceiveThread1::RecvExtCmdMsg:data = 
D/LuCINet (  922): Net::sendPhoneMessage to phoneApp!
D/        ( 1002): systemmonitor get new version from beta server
D/        ( 1002): systemmonitor AuidoGumHttpGetNewVersion request url is https://api.libratone.com/v1/devices/firmware?devicetype=LIBRATONE_ZIPP3_MINI&region=CN&version=649&serial=1552-H0020001-07-00052
D/        ( 1002):  
D/PCPlayer:Main( 1007): MSG_AUDIO_PRECH_CHANNEL_ALL_INFO_REQUEST:[
D/PCPlayer:Main( 1007):    {
D/PCPlayer:Main( 1007):       "channel_id" : 1,
D/PCPlayer:Main( 1007):       "channel_identity" : "2510",
D/PCPlayer:Main( 1007):       "channel_name" : "!",
D/PCPlayer:Main( 1007):       "channel_type" : "baidu_gedan",
D/PCPlayer:Main( 1007):       "station_url" : ""
D/PCPlayer:Main( 1007):    },
D/PCPlayer:Main( 1007):    {
D/PCPlayer:Main( 1007):       "channel_id" : 2,
D/PCPlayer:Main( 1007):       "channel_identity" : "2510",
D/PCPlayer:Main( 1007):       "channel_name" : "!",
D/PCPlayer:Main( 1007):       "channel_type" : "baidu_gedan",
D/PCPlayer:Main( 1007):       "station_url" : ""
D/PCPlayer:Main( 1007):    },
D/PCPlayer:Main( 1007):    {
D/PCPlayer:Main( 1007):       "channel_id" : 3,
D/PCPlayer:Main( 1007):       "channel_identity" : "1",
D/PCPlayer:Main( 1007):       "channel_name" : "TOP100",
D/PCPlayer:Main( 1007):       "channel_type" : "baidu_bill"
D/PCPlayer:Main( 1007):    },
D/PCPlayer:Main( 1007):    {
D/PCPlayer:Main( 1007):       "channel_id" : 4,
D/PCPlayer:Main( 1007):       "channel_identity" : "257813",
D/PCPlayer:Main( 1007):       "channel_name" : "",
D/PCPlayer:Main( 1007):       "channel_type" : "xmly"
D/PCPlayer:Main( 1007):    },
D/PCPlayer:Main( 1007):    {
D/PCPlayer:Main( 1007):       "channel_id" : 5,
D/PCPlayer:Main( 1007):       "channel_identity" : "61",
D/PCPlayer:Main( 1007):       "channel_name" : "",
D/PCPlayer:Main( 1007):       "channel_type" : "xmly"
D/PCPlayer:Main( 1007):    }
D/PCPlayer:Main( 1007): ]
V/PCPlayer:Main( 1007): PreChLuciListener::callbackAsync msgid:4139 MSG_AUDIO_PRECH_PLAY_INFO_REQUEST
D/MediaAudiogum( 1007): AudiogumDebug playingInfo json:  {"play_identity" : "", "play_subtitle" : "", "play_title" : "", "play_token" : "", "play_type" : "channel"}
I/LuciService(  864): sendMessageAsync received msgId=4140, MSG_AUDIO_PRECH_PLAY_INFO_RESPONSE
D/LuCINet (  922): HwLuciClientListener::callbackAsync msgid:0x102c, name:MSG_AUDIO_PRECH_PLAY_INFO_RESPONSE
D/LuCINet (  922): mListToUart.size before push:5
D/LuCINet (  922): mListToUart.size after push:6
D/LuCINet (  922): Net::ReceiveThread1::threadLoop: receive package from 192.168.3.17
D/LuCINet (  922): Net::ReceiveThread::threadLoop: phone IPaddr had been there!
D/LuCINet (  922): Net::ReceiveThread1::RecvExtCmdMsg:messageId = 1284
D/LuCINet (  922): Net::ReceiveThread1::RecvExtCmdMsg:data = 
D/LuCINet (  922): Net::sendPhoneMessage to phoneApp!
D/LuCINet (  922): To NET: id:0x208, length:6, data:UNMUTE
D/LuCINet (  922): Net::sendMessage: find the msgID: 520 and send to 192.168.3.17
D/LuCINet (  922): To Uart: id:0x204, length:0, data:(null)
D/LuCINet (  922): Net::ReceiveThread1::threadLoop: receive package from 192.168.3.17
D/LuCINet (  922): Net::ReceiveThread::threadLoop: phone IPaddr had been there!
D/LuCINet (  922): Net::ReceiveThread1::RecvExtCmdMsg:messageId = 103
D/LuCINet (  922): Net::ReceiveThread1::RecvExtCmdMsg:data = 
D/LuCINet (  922): Net::sendPhoneMessage to phoneApp!
D/        ( 1002): systemmonitor get new version json = <html>
D/        ( 1002): <head><title>404 Not Found</title></head>
D/        ( 1002): <body bgcolor="white">
D/        ( 1002): <center><h1>404 Not Found</h1></center>
D/        ( 1002): <hr><center>nginx/1.4.4</center>
D/        ( 1002): </body>
D/        ( 1002): </html>
D/        ( 1002): 
D/        ( 1002): systemmonitor check version list from beta fail, no beta server
D/        ( 1002): systemmonitor check version end, send envet.
D/LuCINet (  922): Net::ReceiveThread1::threadLoop: receive package from 192.168.3.17
D/LuCINet (  922): Net::ReceiveThread::threadLoop: phone IPaddr had been there!
D/LuCINet (  922): Net::ReceiveThread1::RecvExtCmdMsg:messageId = 2307
D/LuCINet (  922): Net::ReceiveThread1::RecvExtCmdMsg:data = 
D/LuCINet (  922): Net::sendPhoneMessage to phoneApp!
D/LuCINet (  922): From Uart: id:0x101, length:3, data:31, 30, 30, 
D/LuCINet (  922): powerlevel:100
I/LuciService(  864): sendMessageAsync received msgId=2068, MSG_SYSTEM_GET_POWER_LEVEL_RESPONSE
D/USBUARTTEST_MAIN( 1005): HwLuciClientListener::callbackAsync msgid:0x814, name:MSG_SYSTEM_GET_POWER_LEVEL_RESPONSE
D/iAPService(  993): : iAP2LuciClientListener::callbackAsync pureId: 2068, stick: not
D/iAPService(  993): : MSG_SYSTEM_GET_POWER_LEVEL_RESPONSE 100 
D/LuCINet (  922): Net::ReceiveThread1::threadLoop: receive package from 192.168.3.17
D/LuCINet (  922): Net::ReceiveThread::threadLoop: phone IPaddr had been there!
D/LuCINet (  922): Net::ReceiveThread1::RecvExtCmdMsg:messageId = 152
D/LuCINet (  922): Net::ReceiveThread1::RecvExtCmdMsg:data = 
D/LuCINet (  922): From NET: id:0x98, length:0, data:
D/LuCINet (  922): From Uart: id:0x204, length:4, data:56, 31, 30, 32, 
D/LuCINet (  922): To NET: id:0x41, length:92, data:{"Control":"2","ControlContent":"","ControlResult":"0","SEQ":"139604509","UpdateState":"2"}
D/LuCINet (  922): Net::sendMessage: find the msgID: 65 and send to 192.168.3.17
D/LuCINet (  922): To Uart: id:0x205, length:0, data:(null)
D/LuCINet (  922): Net::ReceiveThread1::threadLoop: receive package from 192.168.3.17
D/LuCINet (  922): Net::ReceiveThread::threadLoop: phone IPaddr had been there!
D/LuCINet (  922): Net::ReceiveThread1::RecvExtCmdMsg:messageId = 537
D/LuCINet (  922): Net::ReceiveThread1::RecvExtCmdMsg:data = 
D/LuCINet (  922): Net::sendPhoneMessage to phoneApp!
D/LuCINet (  922): Net::ReceiveThread1::threadLoop: receive package from 192.168.3.17
D/LuCINet (  922): Net::ReceiveThread::threadLoop: phone IPaddr had been there!
D/LuCINet (  922): Net::ReceiveThread1::RecvExtCmdMsg:messageId = 1537
D/LuCINet (  922): Net::ReceiveThread1::RecvExtCmdMsg:data = 
D/LuCINet (  922): Net::sendPhoneMessage to phoneApp!
D/LuCINet (  922): Net::ReceiveThread1::threadLoop: receive package from 192.168.3.17
D/LuCINet (  922): Net::ReceiveThread::threadLoop: phone IPaddr had been there!
D/LuCINet (  922): Net::ReceiveThread1::RecvExtCmdMsg:messageId = 1538
D/LuCINet (  922): Net::ReceiveThread1::RecvExtCmdMsg:data = 
D/LuCINet (  922): Net::sendPhoneMessage to phoneApp!
D/LuCINet (  922): Net::ReceiveThread1::threadLoop: receive package from 192.168.3.17
D/LuCINet (  922): Net::ReceiveThread::threadLoop: phone IPaddr had been there!
D/LuCINet (  922): Net::ReceiveThread1::RecvExtCmdMsg:messageId = 1536
D/LuCINet (  922): Net::ReceiveThread1::RecvExtCmdMsg:data = 
D/LuCINet (  922): Net::sendPhoneMessage to phoneApp!
D/LuCINet (  922): From Uart: id:0x205, length:5, data:73, 68, 65, 6c, 66, 
V/FFmpegPlayer-IF(  987):  ..... msg position ...584
V/FFmpegPlayer-IF(  987):  ..... msg position ...584
V/FFmpegPlayer-IF(  987):  ..... msg buffing ...5745
V/FFmpegPlayer-IF(  987):  ..... msg buffing ...5745
D/LuCINet (  922): To NET: id:0x113, length:895, data:[
D/LuCINet (  922):    {
D/LuCINet (  922):       "channel_id" : 1,
D/LuCINet (  922):       "channel_identity" : "2510",
D/LuCINet (  922):       "channel_name" : "!",
D/LuCINet (  922):       "channel_type" : "baidu_gedan",
D/LuCINet (  922):       "station_url" : ""
D/LuCINet (  922):    },
D/LuCINet (  922):    {
D/LuCINet (  922):       "channel_id" : 2,
D/LuCINet (  922):       "channel_identity" : "2510",
D/LuCINet (  922):       "channel_name" : "!",
D/LuCINet (  922):       "channel_type" : "baidu_gedan",
D/LuCINet (  922):       "station_url" : ""
D/LuCINet (  922):    },
D/LuCINet (  922):    {
D/LuCINet (  922):       "channel_id" : 3,
D/LuCINet (  922):       "channel_identity" : "1",
D/LuCINet (  922):       "channel_name" : "TOP100",
D/LuCINet (  922):       "channel_type" : "baidu_bill"
D/LuCINet (  922):    },
D/LuCINet (  922):    {
D/LuCINet (  922):       "channel_id" : 4,
D/LuCINet (  922):       "channel_identity" : "257813",
D/LuCINet (  922):       "channel_name" : "",
D/LuCINet (  922):       "channel_type" : "xmly"
D/LuCINet (  922):    },
D/LuCINet (  922):    {
D/LuCINet (  922):       "channel_id" : 5,
D/LuCINet (  922):       "channel_identity" : "61",
D/LuCINet (  922):       "channel_name" : "",
D/LuCINet (  922):       "channel_type" : "xmly"
D/LuCINet (  922):    }
D/LuCINet (  922): ]
D/LuCINet (  922): Net::ReceiveThread1::threadLoop: receive package from 192.168.3.17
D/LuCINet (  922): Net::sendMessage: find the msgID: 275 and send to 192.168.3.17
D/LuCINet (  922): Net::ReceiveThread::threadLoop: phone IPaddr had been there!
D/LuCINet (  922): To NET: id:0x116, length:107, data:{"play_identity" : "", "play_subtitle" : "", "play_title" : "", "play_token" : "", "play_type" : "channel"}
D/LuCINet (  922): Net::ReceiveThread1::RecvExtCmdMsg:messageId = 14
D/LuCINet (  922): Net::sendMessage: find the msgID: 278 and send to 192.168.3.17
D/LuCINet (  922): Net::ReceiveThread1::RecvExtCmdMsg:data = 
D/LuCINet (  922): To NET: id:0x101, length:3, data:100
D/LuCINet (  922): Net::ReceiveThread1::threadLoop: receive package from 192.168.3.17
D/LuCINet (  922): Net::sendMessage: find the msgID: 257 and send to 192.168.3.17
D/LuCINet (  922): From NET: id:0xe, length:0, data:
D/LuCINet (  922): Net::ReceiveThread::threadLoop: phone IPaddr had been there!
D/LuCINet (  922): Net::ReceiveThread1::RecvExtCmdMsg:messageId = 15
D/LuCINet (  922): To NET: id:0x98, length:8, data:
D/LuCINet (  922): Net::ReceiveThread1::RecvExtCmdMsg:data = 
D/LuCINet (  922): Net::sendMessage: find the msgID: 152 and send to 192.168.3.17
D/LuCINet (  922): To NET: id:0x204, length:4, data:V102
D/LuCINet (  922): Net::ReceiveThread1::threadLoop: receive package from 192.168.3.17
D/LuCINet (  922): Net::sendMessage: find the msgID: 516 and send to 192.168.3.17
D/LuCINet (  922): From NET: id:0xf, length:0, data:
D/LuCINet (  922): Net::ReceiveThread::threadLoop: phone IPaddr had been there!
D/LuCINet (  922): Net::ReceiveThread1::RecvExtCmdMsg:messageId = 281
D/LuCINet (  922): To NET: id:0x205, length:5, data:shelf
D/LuCINet (  922): Net::ReceiveThread1::RecvExtCmdMsg:data = 
D/LuCINet (  922): Net::sendMessage: find the msgID: 517 and send to 192.168.3.17
D/LuCINet (  922): To Uart: id:0xe, length:0, data:(null)
D/LuCINet (  922): Net::ReceiveThread1::threadLoop: receive package from 192.168.3.17
D/LuCINet (  922): From NET: id:0x119, length:0, data:
D/LuCINet (  922): Net::ReceiveThread::threadLoop: phone IPaddr had been there!
D/LuCINet (  922): Net::ReceiveThread1::RecvExtCmdMsg:messageId = 2307
I/LuciService(  864): sendMessageAsync received msgId=2151, MSG_SYSTEM_PRESET_CAPABILITIES_REQUEST
D/LuCINet (  922): Net::ReceiveThread1::RecvExtCmdMsg:data = 
D/LuCINet (  922): Net::sendPhoneMessage to phoneApp!
V/PCPlayer:Main( 1007): PreChLuciListener::callbackAsync msgid:2151 MSG_SYSTEM_PRESET_CAPABILITIES_REQUEST
I/LuciService(  864): sendMessageAsync received msgId=2152, MSG_SYSTEM_PRESET_CAPABILITIES_RESPONSE
D/LuCINet (  922): From Uart: id:0xe, length:1, data:30, 
D/LuCINet (  922): HwLuciClientListener::callbackAsync msgid:0x868, name:MSG_SYSTEM_PRESET_CAPABILITIES_RESPONSE
I/LuciService(  864): sendMessageAsync received msgId=2118, MSG_SYSTEM_POWERMODE_FROM_UART
D/LuCINet (  922): mListToUart.size before push:2
V/DeltaAudioListener(  987): Luci callbackAsync msg 2118, ttl 0
V/DeltaAudioListener(  987): --->Luci MSG_SYSTEM_POWERMODE_FROM_UART
V/AudioFlinger(  987): -------------->Luci mOutPutValid 0 --> 0
D/LuCINet (  922): mListToUart.size after push:3
D/iAPService(  993): : iAP2LuciClientListener::callbackAsync pureId: 2118, stick: not
D/WifiLuciClient(  926): WifiLuciListener::callbackAsync pureId: 2118, stick: no
D/iAPService(  993): : iAP ------------------MSG_SYSTEM_POWERMODE_FROM_UART powermode=0  mPowermode=0
D/WifiLuciClient(  926): callbackAsync() receives MSG_SYSTEM_POWERMODE_FROM_UART, mode = 0. 
D/LuCINet (  922): To Uart: id:0xf, length:0, data:(null)
D/LuCINet (  922): Net::ReceiveThread1::threadLoop: receive package from 192.168.3.17
D/LuCINet (  922): Net::ReceiveThread::threadLoop: phone IPaddr had been there!
D/LuCINet (  922): Net::ReceiveThread1::RecvExtCmdMsg:messageId = 152
D/LuCINet (  922): Net::ReceiveThread1::RecvExtCmdMsg:data = 
D/LuCINet (  922): From NET: id:0x98, length:0, data:
D/LuCINet (  922): Net::ReceiveThread1::threadLoop: receive package from 192.168.3.17
D/LuCINet (  922): Net::ReceiveThread::threadLoop: phone IPaddr had been there!
D/LuCINet (  922): Net::ReceiveThread1::RecvExtCmdMsg:messageId = 537
D/LuCINet (  922): Net::ReceiveThread1::RecvExtCmdMsg:data = 
D/LuCINet (  922): Net::sendPhoneMessage to phoneApp!
D/LuCINet (  922): Net::ReceiveThread1::threadLoop: receive package from 192.168.3.17
D/LuCINet (  922): Net::ReceiveThread::threadLoop: phone IPaddr had been there!
D/LuCINet (  922): Net::ReceiveThread1::RecvExtCmdMsg:messageId = 1537
D/LuCINet (  922): Net::ReceiveThread1::RecvExtCmdMsg:data = 
D/LuCINet (  922): Net::sendPhoneMessage to phoneApp!
D/LuCINet (  922): From Uart: id:0xf, length:5, data:ff, ff, ff, ff, ff, 
D/LuCINet (  922): Net::ReceiveThread1::threadLoop: receive package from 192.168.3.17
D/LuCINet (  922): Net::ReceiveThread::threadLoop: phone IPaddr had been there!
D/LuCINet (  922): Net::ReceiveThread1::RecvExtCmdMsg:messageId = 1538
D/LuCINet (  922): Net::ReceiveThread1::RecvExtCmdMsg:data = 
D/LuCINet (  922): Net::sendPhoneMessage to phoneApp!
D/LuCINet (  922): Net::ReceiveThread1::threadLoop: receive package from 192.168.3.17
D/LuCINet (  922): Net::ReceiveThread::threadLoop: phone IPaddr had been there!
D/LuCINet (  922): Net::ReceiveThread1::RecvExtCmdMsg:messageId = 1536
D/LuCINet (  922): Net::ReceiveThread1::RecvExtCmdMsg:data = 
D/LuCINet (  922): Net::sendPhoneMessage to phoneApp!
D/LuCINet (  922): Net::ReceiveThread1::threadLoop: receive package from 192.168.3.17
D/LuCINet (  922): Net::ReceiveThread::threadLoop: phone IPaddr had been there!
D/LuCINet (  922): Net::ReceiveThread1::RecvExtCmdMsg:messageId = 14
D/LuCINet (  922): Net::ReceiveThread1::RecvExtCmdMsg:data = 
D/LuCINet (  922): From NET: id:0xe, length:0, data:
D/LuCINet (  922): Net::ReceiveThread1::threadLoop: receive package from 192.168.3.17
D/LuCINet (  922): Net::ReceiveThread::threadLoop: phone IPaddr had been there!
D/LuCINet (  922): Net::ReceiveThread1::RecvExtCmdMsg:messageId = 15
D/LuCINet (  922): To NET: id:0xe, length:1, data:0
D/LuCINet (  922): Net::sendMessage: find the msgID: 14 and send to 192.168.3.17
D/LuCINet (  922): To NET: id:0x119, length:249, data:{
D/LuCINet (  922):    "capabilities" : [
D/LuCINet (  922):       {
D/LuCINet (  922):          "name" : "doubanfm"
D/LuCINet (  922):       },
D/LuCINet (  922):       {
D/LuCINet (  922):          "name" : "kaishu"
D/LuCINet (  922):       },
D/LuCINet (  922):       {
D/LuCINet (  922):          "name" : "xmly"
D/LuCINet (  922):       },
D/LuCINet (  922):       {
D/LuCINet (  922):          "name" : "vtuner"
D/LuCINet (  922):       },
D/LuCINet (  922):       {
D/LuCINet (  922):          "name" : "baidu"
D/LuCINet (  922):       }
D/LuCINet (  922):    ]
D/LuCINet (  922): }
D/LuCINet (  922): Net::sendMessage: find the msgID: 281 and send to 192.168.3.17
D/LuCINet (  922): To NET: id:0x98, length:8, data:
D/LuCINet (  922): Net::sendMessage: find the msgID: 152 and send to 192.168.3.17
D/LuCINet (  922): To NET: id:0xf, length:5, data:
D/LuCINet (  922): Net::sendMessage: find the msgID: 15 and send to 192.168.3.17
D/LuCINet (  922): To Uart: id:0xe, length:0, data:(null)
D/LuCINet (  922): Net::ReceiveThread1::RecvExtCmdMsg:data = 
D/LuCINet (  922): From NET: id:0xf, length:0, data:
D/LuCINet (  922): Net::ReceiveThread1::threadLoop: receive package from 192.168.3.17
D/LuCINet (  922): Net::ReceiveThread::threadLoop: phone IPaddr had been there!
D/LuCINet (  922): Net::ReceiveThread1::RecvExtCmdMsg:messageId = 281
D/LuCINet (  922): Net::ReceiveThread1::RecvExtCmdMsg:data = 
D/LuCINet (  922): From NET: id:0x119, length:0, data:
I/LuciService(  864): sendMessageAsync received msgId=2151, MSG_SYSTEM_PRESET_CAPABILITIES_REQUEST
V/PCPlayer:Main( 1007): PreChLuciListener::callbackAsync msgid:2151 MSG_SYSTEM_PRESET_CAPABILITIES_REQUEST
I/LuciService(  864): sendMessageAsync received msgId=2152, MSG_SYSTEM_PRESET_CAPABILITIES_RESPONSE
D/LuCINet (  922): HwLuciClientListener::callbackAsync msgid:0x868, name:MSG_SYSTEM_PRESET_CAPABILITIES_RESPONSE
D/LuCINet (  922): mListToUart.size before push:1
D/LuCINet (  922): mListToUart.size after push:2
D/LuCINet (  922): Net::ReceiveThread1::threadLoop: receive package from 192.168.3.17
D/LuCINet (  922): Net::ReceiveThread::threadLoop: phone IPaddr had been there!
D/LuCINet (  922): Net::ReceiveThread1::RecvExtCmdMsg:messageId = 15
D/LuCINet (  922): Net::ReceiveThread1::RecvExtCmdMsg:data = 
D/LuCINet (  922): From NET: id:0xf, length:0, data:
D/LuCINet (  922): Net::ReceiveThread1::threadLoop: receive package from 192.168.3.17
D/LuCINet (  922): Net::ReceiveThread::threadLoop: phone IPaddr had been there!
D/LuCINet (  922): Net::ReceiveThread1::RecvExtCmdMsg:messageId = 281
D/LuCINet (  922): Net::ReceiveThread1::RecvExtCmdMsg:data = 
D/LuCINet (  922): From NET: id:0x119, length:0, data:
I/LuciService(  864): sendMessageAsync received msgId=2151, MSG_SYSTEM_PRESET_CAPABILITIES_REQUEST
V/PCPlayer:Main( 1007): PreChLuciListener::callbackAsync msgid:2151 MSG_SYSTEM_PRESET_CAPABILITIES_REQUEST
I/LuciService(  864): sendMessageAsync received msgId=2152, MSG_SYSTEM_PRESET_CAPABILITIES_RESPONSE
D/LuCINet (  922): HwLuciClientListener::callbackAsync msgid:0x868, name:MSG_SYSTEM_PRESET_CAPABILITIES_RESPONSE
D/LuCINet (  922): mListToUart.size before push:3
D/LuCINet (  922): mListToUart.size after push:4
D/LuCINet (  922): Net::ReceiveThread1::threadLoop: receive package from 192.168.3.17
D/LuCINet (  922): Net::ReceiveThread::threadLoop: phone IPaddr had been there!
D/LuCINet (  922): Net::ReceiveThread1::RecvExtCmdMsg:messageId = 1536
D/LuCINet (  922): Net::ReceiveThread1::RecvExtCmdMsg:data = 
D/LuCINet (  922): From Uart: id:0xe, length:1, data:30, 
I/LuciService(  864): sendMessageAsync received msgId=2118, MSG_SYSTEM_POWERMODE_FROM_UART
V/DeltaAudioListener(  987): Luci callbackAsync msg 2118, ttl 0
V/DeltaAudioListener(  987): --->Luci MSG_SYSTEM_POWERMODE_FROM_UART
V/AudioFlinger(  987): -------------->Luci mOutPutValid 0 --> 0
D/iAPService(  993): : iAP2LuciClientListener::callbackAsync pureId: 2118, stick: not
D/iAPService(  993): : iAP ------------------MSG_SYSTEM_POWERMODE_FROM_UART powermode=0  mPowermode=0
D/LuCINet (  922): To Uart: id:0xf, length:0, data:(null)
D/LuCINet (  922): Net::sendPhoneMessage to phoneApp!
D/LuCINet (  922): Net::ReceiveThread1::threadLoop: receive package from 192.168.3.17
D/LuCINet (  922): From Uart: id:0xf, length:5, data:ff, ff, ff, ff, ff, 
D/LuCINet (  922): Net::ReceiveThread::threadLoop: phone IPaddr had been there!
D/LuCINet (  922): Net::ReceiveThread1::RecvExtCmdMsg:messageId = 537
D/LuCINet (  922): Net::ReceiveThread1::RecvExtCmdMsg:data = 
D/LuCINet (  922): Net::sendPhoneMessage to phoneApp!
D/LuCINet (  922): Net::ReceiveThread1::threadLoop: receive package from 192.168.3.17
D/LuCINet (  922): Net::ReceiveThread::threadLoop: phone IPaddr had been there!
D/LuCINet (  922): Net::ReceiveThread1::RecvExtCmdMsg:messageId = 1537
D/LuCINet (  922): Net::ReceiveThread1::RecvExtCmdMsg:data = 
D/LuCINet (  922): Net::sendPhoneMessage to phoneApp!
D/LuCINet (  922): Net::ReceiveThread1::threadLoop: receive package from 192.168.3.17
D/LuCINet (  922): Net::ReceiveThread::threadLoop: phone IPaddr had been there!
D/LuCINet (  922): Net::ReceiveThread1::RecvExtCmdMsg:messageId = 152
D/LuCINet (  922): Net::ReceiveThread1::RecvExtCmdMsg:data = 
D/LuCINet (  922): From NET: id:0x98, length:0, data:
D/LuCINet (  922): Net::ReceiveThread1::threadLoop: receive package from 192.168.3.17
D/LuCINet (  922): To NET: id:0x119, length:249, data:{
D/LuCINet (  922):    "capabilities" : [
D/LuCINet (  922):       {
D/LuCINet (  922):          "name" : "doubanfm"
D/LuCINet (  922):       },
D/LuCINet (  922):       {
D/LuCINet (  922):          "name" : "kaishu"
D/LuCINet (  922):       },
D/LuCINet (  922):       {
D/LuCINet (  922):          "name" : "xmly"
D/LuCINet (  922):       },
D/LuCINet (  922):       {
D/LuCINet (  922):          "name" : "vtuner"
D/LuCINet (  922):       },
D/LuCINet (  922):       {
D/LuCINet (  922):          "name" : "baidu"
D/LuCINet (  922):       }
D/LuCINet (  922):    ]
D/LuCINet (  922): }
D/LuCINet (  922): Net::sendMessage: find the msgID: 281 and send to 192.168.3.17
D/LuCINet (  922): To Uart: id:0xf, length:0, data:(null)
D/LuCINet (  922): Net::ReceiveThread::threadLoop: phone IPaddr had been there!
D/LuCINet (  922): Net::ReceiveThread1::RecvExtCmdMsg:messageId = 15
D/LuCINet (  922): Net::ReceiveThread1::RecvExtCmdMsg:data = 
D/LuCINet (  922): From NET: id:0xf, length:0, data:
D/LuCINet (  922): Net::ReceiveThread1::threadLoop: receive package from 192.168.3.17
D/LuCINet (  922): Net::ReceiveThread::threadLoop: phone IPaddr had been there!
D/LuCINet (  922): Net::ReceiveThread1::RecvExtCmdMsg:messageId = 1538
D/LuCINet (  922): Net::ReceiveThread1::RecvExtCmdMsg:data = 
D/LuCINet (  922): Net::sendPhoneMessage to phoneApp!
D/LuCINet (  922): Net::ReceiveThread1::threadLoop: receive package from 192.168.3.17
D/LuCINet (  922): Net::ReceiveThread::threadLoop: phone IPaddr had been there!
D/LuCINet (  922): Net::ReceiveThread1::RecvExtCmdMsg:messageId = 14
D/LuCINet (  922): Net::ReceiveThread1::RecvExtCmdMsg:data = 
D/LuCINet (  922): From NET: id:0xe, length:0, data:
D/LuCINet (  922): Net::ReceiveThread1::threadLoop: receive package from 192.168.3.17
D/LuCINet (  922): Net::ReceiveThread::threadLoop: phone IPaddr had been there!
D/LuCINet (  922): Net::ReceiveThread1::RecvExtCmdMsg:messageId = 281
D/LuCINet (  922): Net::ReceiveThread1::RecvExtCmdMsg:data = 
D/LuCINet (  922): From NET: id:0x119, length:0, data:
I/LuciService(  864): sendMessageAsync received msgId=2151, MSG_SYSTEM_PRESET_CAPABILITIES_REQUEST
V/PCPlayer:Main( 1007): PreChLuciListener::callbackAsync msgid:2151 MSG_SYSTEM_PRESET_CAPABILITIES_REQUEST
I/LuciService(  864): sendMessageAsync received msgId=2152, MSG_SYSTEM_PRESET_CAPABILITIES_RESPONSE
D/LuCINet (  922): HwLuciClientListener::callbackAsync msgid:0x868, name:MSG_SYSTEM_PRESET_CAPABILITIES_RESPONSE
D/LuCINet (  922): mListToUart.size before push:6
D/LuCINet (  922): mListToUart.size after push:7
D/LuCINet (  922): Net::ReceiveThread1::threadLoop: receive package from 192.168.3.17
D/LuCINet (  922): Net::ReceiveThread::threadLoop: phone IPaddr had been there!
D/LuCINet (  922): Net::ReceiveThread1::RecvExtCmdMsg:messageId = 14
D/LuCINet (  922): Net::ReceiveThread1::RecvExtCmdMsg:data = 
D/LuCINet (  922): From NET: id:0xe, length:0, data:
V/FFmpegPlayer-IF(  987):  ..... msg position ...837
V/FFmpegPlayer-IF(  987):  ..... msg buffing ...6265
V/AudioFlinger-Track(  987): ***********mFramesPendingInQueue[2] 1998ms******************
D/LuCINet (  922): To NET: id:0x119, length:249, data:{
D/LuCINet (  922):    "capabilities" : [
D/LuCINet (  922):       {
D/LuCINet (  922):          "name" : "doubanfm"
D/LuCINet (  922):       },
D/LuCINet (  922):       {
D/LuCINet (  922):          "name" : "kaishu"
D/LuCINet (  922):       },
D/LuCINet (  922):       {
D/LuCINet (  922):          "name" : "xmly"
D/LuCINet (  922):       },
D/LuCINet (  922):       {
D/LuCINet (  922):          "name" : "vtuner"
D/LuCINet (  922):       },
D/LuCINet (  922):       {
D/LuCINet (  922):          "name" : "baidu"
D/LuCINet (  922):       }
D/LuCINet (  922):    ]
D/LuCINet (  922): }
D/LuCINet (  922): From Uart: id:0xf, length:5, data:ff, ff, ff, ff, ff, 
D/LuCINet (  922): Net::sendMessage: find the msgID: 281 and send to 192.168.3.17
D/LuCINet (  922): To NET: id:0xe, length:1, data:0
D/LuCINet (  922): Net::sendMessage: find the msgID: 14 and send to 192.168.3.17
D/LuCINet (  922): To NET: id:0xf, length:5, data:
D/LuCINet (  922): Net::sendMessage: find the msgID: 15 and send to 192.168.3.17
D/LuCINet (  922): To NET: id:0x98, length:8, data:
D/LuCINet (  922): Net::sendMessage: find the msgID: 152 and send to 192.168.3.17
D/LuCINet (  922): To Uart: id:0xf, length:0, data:(null)
V/audio_hw_primary(  987): out_write 72396800
V/audio_hw_primary(  987): **out_get_hwinfo, frames 4096, tv_sec 1167610786, tv_nsec 159873710, rate 48000
D/LuCINet (  922): To Uart: id:0xe, length:0, data:(null)
D/LuCINet (  922): From Uart: id:0xf, length:5, data:ff, ff, ff, ff, ff, 
D/WifiLuciClient(  926): Return from callBackAsync.
D/WifiLuciClient(  926): WifiLuciListener::callbackAsync pureId: 2118, stick: no
D/WifiLuciClient(  926): callbackAsync() receives MSG_SYSTEM_POWERMODE_FROM_UART, mode = 0. 
D/LuCINet (  922): From Uart: id:0xe, length:1, data:30, 
I/LuciService(  864): sendMessageAsync received msgId=2118, MSG_SYSTEM_POWERMODE_FROM_UART
V/DeltaAudioListener(  987): Luci callbackAsync msg 2118, ttl 0
V/DeltaAudioListener(  987): --->Luci MSG_SYSTEM_POWERMODE_FROM_UART
V/AudioFlinger(  987): -------------->Luci mOutPutValid 0 --> 0
D/iAPService(  993): : iAP2LuciClientListener::callbackAsync pureId: 2118, stick: not
D/iAPService(  993): : iAP ------------------MSG_SYSTEM_POWERMODE_FROM_UART powermode=0  mPowermode=0
D/LuCINet (  922): To NET: id:0x119, length:249, data:{
D/LuCINet (  922):    "capabilities" : [
D/LuCINet (  922):       {
D/LuCINet (  922):          "name" : "doubanfm"
D/LuCINet (  922):       },
D/LuCINet (  922):       {
D/LuCINet (  922):          "name" : "kaishu"
D/LuCINet (  922):       },
D/LuCINet (  922):       {
D/LuCINet (  922):          "name" : "xmly"
D/LuCINet (  922):       },
D/LuCINet (  922):       {
D/LuCINet (  922):          "name" : "vtuner"
D/LuCINet (  922):       },
D/LuCINet (  922):       {
D/LuCINet (  922):          "name" : "baidu"
D/LuCINet (  922):       }
D/LuCINet (  922):    ]
D/LuCINet (  922): }
D/LuCINet (  922): Net::sendMessage: find the msgID: 281 and send to 192.168.3.17
D/LuCINet (  922): To Uart: id:0xe, length:0, data:(null)
D/LuCINet (  922): From Uart: id:0xe, length:1, data:30, 
I/LuciService(  864): sendMessageAsync received msgId=2118, MSG_SYSTEM_POWERMODE_FROM_UART
V/DeltaAudioListener(  987): Luci callbackAsync msg 2118, ttl 0
V/DeltaAudioListener(  987): --->Luci MSG_SYSTEM_POWERMODE_FROM_UART
V/AudioFlinger(  987): -------------->Luci mOutPutValid 0 --> 0
D/iAPService(  993): : iAP2LuciClientListener::callbackAsync pureId: 2118, stick: not
D/iAPService(  993): : iAP ------------------MSG_SYSTEM_POWERMODE_FROM_UART powermode=0  mPowermode=0
D/LuCINet (  922): To NET: id:0xf, length:5, data:
D/LuCINet (  922): Net::sendMessage: find the msgID: 15 and send to 192.168.3.17
D/LuCINet (  922): To NET: id:0xf, length:5, data:
D/LuCINet (  922): Net::sendMessage: find the msgID: 15 and send to 192.168.3.17
D/LuCINet (  922): To NET: id:0xe, length:1, data:0
D/LuCINet (  922): Net::sendMessage: find the msgID: 14 and send to 192.168.3.17
D/LuCINet (  922): To NET: id:0xe, length:1, data:0
D/LuCINet (  922): Net::sendMessage: find the msgID: 14 and send to 192.168.3.17
D/        ( 1002): systemmonitor AuidoGumHttpGetNewVersion No update available 
D/        ( 1002): systemmonitor access AudioGum response code = 404
D/        ( 1002): systemmonitor AudioGumHttpGetNewversion Task parse response  structure fail, it is not json string
