D/        ( 1002): systemmoitor AuidoGumHttpGetNewVersion::ProcessEvent EVENT_AUDIOGUM_OTA_CHECK_VERSION_RESPONSE parseResponse == false
D/WifiLuciClient(  926): Return from callBackAsync.
D/WifiLuciClient(  926): WifiLuciListener::callbackAsync pureId: 2118, stick: no
D/WifiLuciClient(  926): callbackAsync() receives MSG_SYSTEM_POWERMODE_FROM_UART, mode = 0. 
D/        ( 1002): systemmonitor AuidoGumHttpGetNewVersion state = step5, send get version fail message
D/        ( 1002): systemmonitor report update state = {"Control":"0","ControlContent":"None","ControlResult":"0","SEQ":0,"UpdateState":"54"}
D/        ( 1002): 
I/LuciService(  864): sendMessageAsync received msgId=2102, MSG_SYSTEM_UPDATE_RESULT
D/LuCINet (  922): HwLuciClientListener::callbackAsync msgid:0x836, name:MSG_SYSTEM_UPDATE_RESULT
D/LuCINet (  922): Net::send Indication Msg to phoneApp!
D/LuCINet (  922): Net::send Indication Msg: push to task_15!
D/LuCINet (  922): Net::SendThread1_15::threadLoop: send message id: 65 to: 192.168.3.17
D/LuCINet (  922): Net::ReceiveNotifyRespThread::threadLoop: recv one package Id = 65 from 192.168.3.17!
D/LuCINet (  922): Net::ReceiveNotifyRespThread::threadLoop: update timestamp!!
D/LuCINet (  922): Net::SendThread1_15::threadLoop: waiting for msg
D/LuCINet (  922): Net::ReceiveThread1::threadLoop: receive package from 192.168.3.17
D/LuCINet (  922): Net::ReceiveThread::threadLoop: phone IPaddr had been there!
D/LuCINet (  922): Net::ReceiveThread1::RecvExtCmdMsg:messageId = 65
D/LuCINet (  922): Net::ReceiveThread1::RecvExtCmdMsg:data = {"Control":255,"SEQ":139604509}
D/LuCINet (  922): From NET: id:0x41, length:31, data:7b, 22, 43, 6f, 6e, 74, 72, 6f, 6c, 22, 3a, 32, 35, 35, 2c, 22, 53, 45, 51, 22, 3a, 31, 33, 39, 36, 30, 34, 35, 30, 39, 7d, 
D/LuCINet (  922): MB41H_FW_UPDATE_REQ...
I/LuciService(  864): sendMessageAsync received msgId=2101, MSG_SYSTEM_UPDATE
D/        ( 1002): systemonitor rev  update message parcel = {"Control":255,"SEQ":139604509}
V/FFmpegPlayer-IF(  987):  ..... msg position ...1091
V/FFmpegPlayer-IF(  987):  ..... msg buffing ...6785
D/        ( 1002): systemmonitor rev update request, string = {"Control":255,"SEQ":139604509}
D/WifiLuciClient(  926): Return from callBackAsync.
D/WifiLuciClient(  926): WifiLuciListener::callbackAsync pureId: 2118, stick: no
D/WifiLuciClient(  926): callbackAsync() receives MSG_SYSTEM_POWERMODE_FROM_UART, mode = 0. 
D/WifiLuciClient(  926): Return from callBackAsync.
D/WifiLuciClient(  926): WifiLuciListener::callbackAsync pureId: 2101, stick: no
D/WifiLuciClient(  926): Return from callBackAsync.
D/        ( 1002): systemmonitor report update state = {"Control":"0","ControlContent":"None","ControlResult":"0","SEQ":0,"UpdateState":"0"}
D/        ( 1002): 
D/        ( 1002): update module execut result = {"Control":"255","ControlContent":"","ControlResult":"0","SEQ":"139604509","UpdateState":"0"}
D/        ( 1002): 
I/LuciService(  864): sendMessageAsync received msgId=2102, MSG_SYSTEM_UPDATE_RESULT
I/LuciService(  864): sendMessageAsync received msgId=2102, MSG_SYSTEM_UPDATE_RESULT
D/LuCINet (  922): HwLuciClientListener::callbackAsync msgid:0x836, name:MSG_SYSTEM_UPDATE_RESULT
D/LuCINet (  922): mListToUart.size before push:0
D/LuCINet (  922): mListToUart.size after push:1
D/LuCINet (  922): HwLuciClientListener::callbackAsync msgid:0x836, name:MSG_SYSTEM_UPDATE_RESULT
D/LuCINet (  922): To NET: id:0x41, length:86, data:{"Control":"0","ControlContent":"None","ControlResult":"0","SEQ":0,"UpdateState":"0"}
D/LuCINet (  922): Net::sendMessage: find the msgID: 65 and send to 192.168.3.17
D/LuCINet (  922): Net::send Indication Msg to phoneApp!
D/LuCINet (  922): Net::send Indication Msg: push to task_15!
D/LuCINet (  922): Net::SendThread1_15::threadLoop: send message id: 65 to: 192.168.3.17
D/LuCINet (  922): Net::ReceiveNotifyRespThread::threadLoop: recv one package Id = 65 from 192.168.3.17!
D/LuCINet (  922): Net::ReceiveNotifyRespThread::threadLoop: update timestamp!!
D/LuCINet (  922): Net::SendThread1_15::threadLoop: waiting for msg
V/FFmpegPlayer-IF(  987):  ..... msg position ...1259
V/FFmpegPlayer-IF(  987):  ..... msg buffing ...7305
V/FFmpegPlayer-IF(  987):  ..... msg position ...1342
V/FFmpegPlayer-IF(  987):  ..... msg buffing ...7825
V/FFmpegPlayer-IF(  987):  ..... msg position ...1425
V/FFmpegPlayer-IF(  987):  ..... msg buffing ...8345
V/FFmpegPlayer-IF(  987):  ..... msg position ...1529
V/FFmpegPlayer-IF(  987):  ..... msg buffing ...8865
V/FFmpegPlayer-IF(  987):  ..... msg position ...1612
V/FFmpegPlayer-IF(  987):  ..... msg buffing ...9385
V/tinyalsa_pcm(  987): tstamp sec 1167610786, nsec 906491286, hw_ptr 1561600
V/AudioFlinger-Track(  987): ***********mFramesPendingInQueue[2] 1998ms******************
D/USBUARTTEST_UART( 1005): ReceiveThread::threadLooping
V/FFmpegPlayer-IF(  987):  ..... msg position ...1737
V/FFmpegPlayer-IF(  987):  ..... msg buffing ...9905
D/DataUploader( 1006): EventDataRecords::read data null
V/FFmpegPlayer-IF(  987):  ..... msg position ...2248
V/FFmpegPlayer-IF(  987):  ..... msg buffing ...10399
V/AudioFlinger-Track(  987): ***********mFramesPendingInQueue[2] 1997ms******************
V/FFmpegPlayer-IF(  987):  ..... msg position ...2757
V/FFmpegPlayer-IF(  987):  ..... msg buffing ...10893
V/audio_hw_primary(  987): out_write 72810496
V/audio_hw_primary(  987): **out_get_hwinfo, frames 4096, tv_sec 1167610788, tv_nsec 314398437, rate 48000
V/FFmpegPlayer-IF(  987):  ..... msg position ...3267
V/FFmpegPlayer-IF(  987):  ..... msg buffing ...11387
V/AudioFlinger-Track(  987): ***********mFramesPendingInQueue[2] 1996ms******************
D/USBUARTTEST_UART( 1005): ReceiveThread::threadLooping
V/FFmpegPlayer-IF(  987):  ..... msg position ...3733
V/FFmpegPlayer-IF(  987):  ..... msg buffing ...11907
V/tinyalsa_pcm(  987): tstamp sec 1167610789, nsec 39672983, hw_ptr 1664000
V/AudioFlinger-Track(  987): ***********mFramesPendingInQueue[2] 1974ms******************
V/FFmpegPlayer-IF(  987):  ..... msg position ...4244
V/FFmpegPlayer-IF(  987):  ..... msg buffing ...12375
V/FFmpegPlayer-IF(  987):  ..... msg position ...4752
V/FFmpegPlayer-IF(  987):  ..... msg buffing ...12895
V/AudioFlinger-Track(  987): ***********mFramesPendingInQueue[2] 1973ms******************
V/audio_hw_primary(  987): out_write 73224192
V/audio_hw_primary(  987): **out_get_hwinfo, frames 4096, tv_sec 1167610790, tv_nsec 468912134, rate 48000
V/FFmpegPlayer-IF(  987):  ..... msg position ...5263
V/FFmpegPlayer-IF(  987):  ..... msg buffing ...13389
D/USBUARTTEST_UART( 1005): ReceiveThread::threadLooping
V/AudioFlinger-Track(  987): ***********mFramesPendingInQueue[2] 1972ms******************
V/FFmpegPlayer-IF(  987):  ..... msg position ...5729
V/FFmpegPlayer-IF(  987):  ..... msg buffing ...13909
V/tinyalsa_pcm(  987): tstamp sec 1167610791, nsec 172868255, hw_ptr 1766400
V/FFmpegPlayer-IF(  987):  ..... msg position ...6239
V/FFmpegPlayer-IF(  987):  ..... msg buffing ...14377
V/AudioFlinger-Track(  987): ***********mFramesPendingInQueue[2] 1971ms******************
V/FFmpegPlayer-IF(  987):  ..... msg position ...6727
V/FFmpegPlayer-IF(  987):  ..... msg buffing ...14897
D/DataUploader( 1006): EventDataRecords::read data null
V/FFmpegPlayer-IF(  987):  ..... msg position ...7259
V/FFmpegPlayer-IF(  987):  ..... msg buffing ...15391
V/audio_hw_primary(  987): out_write 73637888
V/AudioFlinger-Track(  987): ***********mFramesPendingInQueue[2] 1991ms******************
V/audio_hw_primary(  987): **out_get_hwinfo, frames 4096, tv_sec 1167610792, tv_nsec 623439891, rate 48000
D/USBUARTTEST_UART( 1005): ReceiveThread::threadLooping
V/FFmpegPlayer-IF(  987):  ..... msg position ...7769
V/FFmpegPlayer-IF(  987):  ..... msg buffing ...15885
V/tinyalsa_pcm(  987): tstamp sec 1167610793, nsec 306058679, hw_ptr 1868800
V/AudioFlinger-Track(  987): ***********mFramesPendingInQueue[2] 1991ms******************
V/FFmpegPlayer-IF(  987):  ..... msg position ...8257
V/FFmpegPlayer-IF(  987):  ..... msg buffing ...16405
V/FFmpegPlayer-IF(  987):  ..... msg position ...8767
V/FFmpegPlayer-IF(  987):  ..... msg buffing ...16899
V/AudioFlinger-Track(  987): ***********mFramesPendingInQueue[2] 1968ms******************
V/FFmpegPlayer-IF(  987):  ..... msg position ...9254
V/FFmpegPlayer-IF(  987):  ..... msg buffing ...17419
V/audio_hw_primary(  987): out_write 74051584
V/audio_hw_primary(  987): **out_get_hwinfo, frames 4096, tv_sec 1167610794, tv_nsec 777947284, rate 48000
D/USBUARTTEST_UART( 1005): ReceiveThread::threadLooping
V/AudioFlinger-Track(  987): ***********mFramesPendingInQueue[2] 1989ms******************
V/FFmpegPlayer-IF(  987):  ..... msg position ...9765
V/FFmpegPlayer-IF(  987):  ..... msg buffing ...17887
V/tinyalsa_pcm(  987): tstamp sec 1167610795, nsec 439245466, hw_ptr 1971200
V/FFmpegPlayer-IF(  987):  ..... msg position ...10252
V/FFmpegPlayer-IF(  987):  ..... msg buffing ...18407
V/AudioFlinger-Track(  987): ***********mFramesPendingInQueue[2] 1988ms******************
V/FFmpegPlayer-IF(  987):  ..... msg position ...10763
V/FFmpegPlayer-IF(  987):  ..... msg buffing ...18875
V/FFmpegPlayer-IF(  987):  ..... msg position ...11250
V/FFmpegPlayer-IF(  987):  ..... msg buffing ...19395
V/AudioFlinger-Track(  987): ***********mFramesPendingInQueue[2] 1987ms******************
V/audio_hw_primary(  987): out_write 74465280
V/audio_hw_primary(  987): **out_get_hwinfo, frames 4096, tv_sec 1167610796, tv_nsec 932478436, rate 48000
D/USBUARTTEST_UART( 1005): ReceiveThread::threadLooping
D/DataUploader( 1006): EventDataRecords::read data null
V/FFmpegPlayer-IF(  987):  ..... msg position ...11738
V/FFmpegPlayer-IF(  987):  ..... msg buffing ...19915
V/AudioFlinger-Track(  987): ***********mFramesPendingInQueue[2] 1986ms******************
V/FFmpegPlayer-IF(  987):  ..... msg position ...12249
V/FFmpegPlayer-IF(  987):  ..... msg buffing ...20383
V/tinyalsa_pcm(  987): tstamp sec 1167610797, nsec 572440254, hw_ptr 2073600
V/FFmpegPlayer-IF(  987):  ..... msg position ...12758
V/FFmpegPlayer-IF(  987):  ..... msg buffing ...20877
V/AudioFlinger-Track(  987): ***********mFramesPendingInQueue[2] 1964ms******************
V/FFmpegPlayer-IF(  987):  ..... msg position ...13247
V/FFmpegPlayer-IF(  987):  ..... msg buffing ...21397
D/USBUARTTEST_UART( 1005): ReceiveThread::threadLooping
V/audio_hw_primary(  987): out_write 74878976
V/FFmpegPlayer-IF(  987):  ..... msg position ...13755
V/FFmpegPlayer-IF(  987):  ..... msg buffing ...21891
V/audio_hw_primary(  987): **out_get_hwinfo, frames 4096, tv_sec 1167610799, tv_nsec 87000981, rate 48000
V/AudioFlinger-Track(  987): ***********mFramesPendingInQueue[2] 1963ms******************
V/FFmpegPlayer-IF(  987):  ..... msg position ...14266
V/FFmpegPlayer-IF(  987):  ..... msg buffing ...22385
V/tinyalsa_pcm(  987): tstamp sec 1167610799, nsec 705633829, hw_ptr 2176000
V/AudioFlinger-Track(  987): ***********mFramesPendingInQueue[2] 1962ms******************
V/FFmpegPlayer-IF(  987):  ..... msg position ...14754
V/FFmpegPlayer-IF(  987):  ..... msg buffing ...22905
V/FFmpegPlayer-IF(  987):  ..... msg position ...15285
V/FFmpegPlayer-IF(  987):  ..... msg buffing ...23399
V/AudioFlinger-Track(  987): ***********mFramesPendingInQueue[2] 1983ms******************
D/USBUARTTEST_UART( 1005): ReceiveThread::threadLooping
V/FFmpegPlayer-IF(  987):  ..... msg position ...15751
V/FFmpegPlayer-IF(  987):  ..... msg buffing ...23919
V/audio_hw_primary(  987): out_write 75292672
V/audio_hw_primary(  987): **out_get_hwinfo, frames 4096, tv_sec 1167610801, tv_nsec 241521707, rate 48000
V/AudioFlinger-Track(  987): ***********mFramesPendingInQueue[2] 1982ms******************
V/FFmpegPlayer-IF(  987):  ..... msg position ...16262
V/FFmpegPlayer-IF(  987):  ..... msg buffing ...24413
V/tinyalsa_pcm(  987): tstamp sec 1167610801, nsec 838810313, hw_ptr 2278400
D/DataUploader( 1006): EventDataRecords::read data null
V/FFmpegPlayer-IF(  987):  ..... msg position ...16771
V/FFmpegPlayer-IF(  987):  ..... msg buffing ...24907
V/AudioFlinger-Track(  987): ***********mFramesPendingInQueue[2] 1960ms******************
V/FFmpegPlayer-IF(  987):  ..... msg position ...17281
V/FFmpegPlayer-IF(  987):  ..... msg buffing ...25401
D/USBUARTTEST_UART( 1005): ReceiveThread::threadLooping
V/FFmpegPlayer-IF(  987):  ..... msg position ...17747
V/FFmpegPlayer-IF(  987):  ..... msg buffing ...25921
V/AudioFlinger-Track(  987): ***********mFramesPendingInQueue[2] 1959ms******************
V/audio_hw_primary(  987): out_write 75706368
V/audio_hw_primary(  987): **out_get_hwinfo, frames 4096, tv_sec 1167610803, tv_nsec 396051283, rate 48000
V/FFmpegPlayer-IF(  987):  ..... msg position ...18279
V/FFmpegPlayer-IF(  987):  ..... msg buffing ...26415
V/AudioFlinger-Track(  987): ***********mFramesPendingInQueue[2] 1979ms******************
V/tinyalsa_pcm(  987): tstamp sec 1167610803, nsec 972009586, hw_ptr 2380800
V/FFmpegPlayer-IF(  987):  ..... msg position ...18789
V/FFmpegPlayer-IF(  987):  ..... msg buffing ...26909
V/FFmpegPlayer-IF(  987):  ..... msg position ...19276
V/FFmpegPlayer-IF(  987):  ..... msg buffing ...27429
V/AudioFlinger-Track(  987): ***********mFramesPendingInQueue[2] 1957ms******************
D/USBUARTTEST_UART( 1005): ReceiveThread::threadLooping
V/FFmpegPlayer-IF(  987):  ..... msg position ...19787
V/FFmpegPlayer-IF(  987):  ..... msg buffing ...27923
V/audio_hw_primary(  987): out_write 76120064
V/audio_hw_primary(  987): **out_get_hwinfo, frames 4096, tv_sec 1167610805, tv_nsec 550563040, rate 48000
V/AudioFlinger-Track(  987): ***********mFramesPendingInQueue[2] 1999ms******************
V/FFmpegPlayer-IF(  987):  ..... msg position ...20295
V/FFmpegPlayer-IF(  987):  ..... msg buffing ...28443
V/tinyalsa_pcm(  987): tstamp sec 1167610806, nsec 105204010, hw_ptr 2483200
V/FFmpegPlayer-IF(  987):  ..... msg position ...20783
V/FFmpegPlayer-IF(  987):  ..... msg buffing ...28963
V/AudioFlinger-Track(  987): ***********mFramesPendingInQueue[2] 1998ms******************
V/FFmpegPlayer-IF(  987):  ..... msg position ...21294
V/FFmpegPlayer-IF(  987):  ..... msg buffing ...29431
D/DataUploader( 1006): EventDataRecords::read data null
D/USBUARTTEST_UART( 1005): ReceiveThread::threadLooping
V/FFmpegPlayer-IF(  987):  ..... msg position ...21781
V/FFmpegPlayer-IF(  987):  ..... msg buffing ...29951
V/AudioFlinger-Track(  987): ***********mFramesPendingInQueue[2] 1997ms******************
V/FFmpegPlayer-IF(  987):  ..... msg position ...22292
V/FFmpegPlayer-IF(  987):  ..... msg buffing ...30419
V/audio_hw_primary(  987): out_write 76533760
V/audio_hw_primary(  987): **out_get_hwinfo, frames 4096, tv_sec 1167610807, tv_nsec 705093949, rate 48000
V/AudioFlinger-Track(  987): ***********mFramesPendingInQueue[2] 1996ms******************
V/FFmpegPlayer-IF(  987):  ..... msg position ...22780
V/FFmpegPlayer-IF(  987):  ..... msg buffing ...30939
V/tinyalsa_pcm(  987): tstamp sec 1167610808, nsec 238396858, hw_ptr 2585600
V/FFmpegPlayer-IF(  987):  ..... msg position ...23311
V/FFmpegPlayer-IF(  987):  ..... msg buffing ...31433
V/AudioFlinger-Track(  987): ***********mFramesPendingInQueue[2] 1995ms******************
D/USBUARTTEST_UART( 1005): ReceiveThread::threadLooping
V/FFmpegPlayer-IF(  987):  ..... msg position ...23821
V/FFmpegPlayer-IF(  987):  ..... msg buffing ...31953
V/AudioFlinger-Track(  987): ***********mFramesPendingInQueue[2] 1973ms******************
V/FFmpegPlayer-IF(  987):  ..... msg position ...24331
V/FFmpegPlayer-IF(  987):  ..... msg buffing ...32447
V/audio_hw_primary(  987): out_write 76947456
V/audio_hw_primary(  987): **out_get_hwinfo, frames 4096, tv_sec 1167610809, tv_nsec 859604372, rate 48000
V/FFmpegPlayer-IF(  987):  ..... msg position ...24797
V/FFmpegPlayer-IF(  987):  ..... msg buffing ...32967
V/tinyalsa_pcm(  987): tstamp sec 1167610810, nsec 371589827, hw_ptr 2688000
V/AudioFlinger-Track(  987): ***********mFramesPendingInQueue[2] 1994ms******************
V/FFmpegPlayer-IF(  987):  ..... msg position ...25307
V/FFmpegPlayer-IF(  987):  ..... msg buffing ...33461
D/USBUARTTEST_UART( 1005): ReceiveThread::threadLooping
V/FFmpegPlayer-IF(  987):  ..... msg position ...25816
V/FFmpegPlayer-IF(  987):  ..... msg buffing ...33955
V/AudioFlinger-Track(  987): ***********mFramesPendingInQueue[2] 1993ms******************
V/FFmpegPlayer-IF(  987):  ..... msg position ...26327
V/FFmpegPlayer-IF(  987):  ..... msg buffing ...34449
V/audio_hw_primary(  987): out_write 77361152
V/audio_hw_primary(  987): **out_get_hwinfo, frames 4096, tv_sec 1167610812, tv_nsec 14168614, rate 48000
D/LuCINet (  922): Net::ReceiveThread1::threadLoop: receive package from 192.168.3.21
D/LuCINet (  922): Net::SendThread1:init
D/LuCINet (  922): SendThread1_16 task is created!!
D/LuCINet (  922): Net::ReceiveThread1::RecvExtCmdMsg:messageId = 40
D/LuCINet (  922): Net::ReceiveThread1::RecvExtCmdMsg:data = PREV
D/LuCINet (  922): Net::sendPhoneMessage to phoneApp!
D/LuCINet (  922): From NET: id:0x28, length:4, data:50, 52, 45, 56, 
I/LuciService(  864): sendMessageAsync received msgId=4109, MSG_AUDIO_MEDIA_CONTROL_PREV
V/PCPlayer:Main( 1007): PreChLuciListener::callbackAsync msgid:4109 MSG_AUDIO_MEDIA_CONTROL_PREV
V/DeltaAudioListener(  987): Luci callbackAsync msg 4109, ttl 0
V/DeltaAudioListener(  987): --->MSG_AUDIO_MEDIA_CONTROL_INFO MSG_AUDIO_MEDIA_CONTROL_PREV
V/MediaPolicyService(  987): Luci callbackAsync msg 4109, ttl 0
V/AudioFlinger-Track(  987): ***********mFramesPendingInQueue[2] 1971ms******************
D/        ( 1002): systemmonitor, reflash pos timeout 
D/        ( 1002):  
V/vplayer (  990): --->prev<---
V/vplayer (  990): int MediaPlaybackControl::previous()
V/vplayer (  990): virtual int QueueManagerImp::gotoNext(bool, bool) isPrevious: yes
V/vplayer (  990): int QueueManagerImp::getNextIndex_NL(bool, bool, bool) isAuto: no, isPrevious: yes, forCurrent: yes
V/vplayer (  990): int QueueManagerImp::getNextIndex_NL(bool, bool, bool) isAuto: yes, isPrevious: no, forCurrent: no
V/vplayer (  990): android::sp<TrackMetadata> QueueManagerImp::getSongInfo_NL(int) index: 3
V/vplayer (  990): android::sp<TrackMetadata> QueueManagerImp::getSongInfo_NL(int) index: 0
D/LuCINet (  922): Net::SendThread1_16::threadLoop: waiting for msg
V/vplayer (  990): virtual int MediaPlaybackControl::queueChanged(MediaChangeType, android::sp<MediaMetadata>&, int, unsigned int, PlaybackInfo) changeType: 5, queueLen: 4, newUpdateId: 11
V/vplayer (  990): mMediaLock.lock8
V/vplayer (  990): void MediaPlaybackControl::innerNotifyPlayHistory_RML()
V/vplayer (  990): void MediaPlaybackControl::innerNotifyPlayHistory_RML() SeekTarget: -1, Position: 27000
V/vplayer (  990): mPlayHistoryLock.lock1
V/vplayer (  990): mPlayHistoryLock.unlock1
V/vplayer (  990): mPlayHistoryLock.lock2
V/vplayer (  990): void MediaPlaybackControl::notifyPlayHistory(MediaPlaybackControl::MediaPlaybackListener*) position=27000
V/DLNAPlayer(  990): virtual void DLNAPlayer::notifyPlayHistory(android::sp<MediaMetadata>, android::sp<TrackMetadata>, uint32_t, int)
V/vplayer (  990): mPlayHistoryLock.unlock2
V/vplayer (  990): void MediaPlaybackControl::innerNotifyMediaChanged()
V/DLNAPlayer(  990): virtual void DLNAPlayer::notifyMediaChanged(uint32_t, android::sp<MediaMetadata>, int)
V/DLNAPlayer(  990): virtual void DLNAPlayer::notifyMediaChanged(uint32_t, android::sp<MediaMetadata>, int) metadata is NULL mNeedNotifyPlayerStatus:0
I/DLNAPlayer(  990): DMR_IF: avt_notifyMediaChanged() newUpdateId: 0, numberOfTracks: 4, currentUri: qplay://1509962968881,         currentMetadata: , nextUri: (null), nextMetadata: (null)
I/DLNAPlayer(  990): DMR_IF: avt_notifyMediaChanged() dmr start: yes
V/vplayer (  990): newCurrent: 3, currentNeedUpdate: yes, currentTrack: 0xb89e8d20, newNext: 0, nextNeedUpdate: yes, nextTrack: 0xb89ed990
V/vplayer (  990): int MediaPlaybackControl::innerQueueChanged_RML(PlaybackInfo&, bool) haveNew=1 clearNow=1 mPlayListLen=4
V/vplayer (  990): int MediaPlaybackControl::stop(bool, bool, bool) realStop: no, notified: yes mPlayListLen:4
V/vplayer (  990): mStateLock.autolock5
V/vplayer (  990): int PlayerContainer::stop()
V/DeltaMediaPlayer(  990): stop
V/FFmpegPlayer-IF(  987): stop ---(0xb8101708)
V/syncplay-play(  987): syncplay_stop
D/DataUploader( 1006): EventDataRecords::read data null
V/FFmpegPlayer-IF(  987): Abort or Seek or Pause Request is true
V/syncplay-play(  987): player_decode thread abort_request is true so .. return
V/syncplay-play(  987): player_decode thread exit
V/AudioFlinger-Track(  987): SyncTrack::stop 0xb81111b0
V/AudioFlinger-Track(  987): stop(4097), calling pid 990
V/AudioFlinger-Track(  987): not stopping/stopped => stopping/stopped (4097) mState 3 on thread 0xb5ead008
V/AudioFlinger-Track(  987): SyncTrack::flushSync(1)
V/FFmpegPlayer-IF(  987):  ..... msg position ...32666
V/FFmpegPlayer-IF(  987):  ..... msg buffing ...34865
V/vplayer (  990): mPlayer->stop end
V/vplayer (  990): void MediaPlaybackControl::innerNotifyStateChanged_RSL(int, int, bool) currentState: 0, targetState: 1
V/DeletaMediaPolicy(  990): setInfo (0xb89c64e0) key 4118, ext1 1
V/MediaPolicyService(  987): processPolicy id 2, msg 4118, ext1 1, ext2 0
V/MediaPolicyService(  987): send play status changed 1
V/vplayer (  990): int PlayerContainer::reset()
I/LuciService(  864): sendMessageAsync received msgId=4118, MSG_AUDIO_PLAY_STATUS_CHANGED
V/vplayer (  990): mStateLock.lock6
V/DeltaMediaPlayer(  990): stop
V/DeltaAudioListener(  987): Luci callbackAsync msg 4118, ttl 0
V/DeltaAudioListener(  987): --->MSG_AUDIO_PLAY_STATUS_CHANGED
V/DeltaAudioListener(  987): status 1
V/vplayer (  990): mStateLock.unlock6
V/DeltaMediaPlayer(  990): alread stoped
D/LuCINet (  922): HwLuciClientListener::callbackAsync msgid:0x1016, name:MSG_AUDIO_PLAY_STATUS_CHANGED
D/        ( 1002): systemmonitor play change status
V/DLNAPlayer(  990): virtual void DLNAPlayer::notifyStateChanged(int, int) start currentState:0  targetState:1
V/DeltaMediaPlayer(  990): reset
D/LuCINet (  922): Net::send Indication Msg to phoneApp!
D/        ( 1002): systemmonitor rev control stop value = 1
I/DLNAPlayer(  990): DMR_IF: avt_notifyStateChanged() newState: 0, oldState: 0
V/FFmpegPlayer-IF(  987): reset ---(0xb8101708) 
V/FFmpegPlayer-IF(  987): stop ---(0xb8101708)
V/FFmpegPlayer-IF(  987): Player already stop
V/FFmpegPlayer-IF(  987): ***void android::SyncTrackThread::exit()***
V/AudioMixer(  987): setParameter(VOLUME, VOLUME0/1: 0ea3)
V/AudioMixer(  987): setParameter(VOLUME, VOLUME0/1: 0ea3)
V/AudioMixer(  987): mixer configuration change: 1 activeTracks (00000002) all16BitsStereoNoResample=1, resampling=0, volumeRamp=0
D/LuCINet (  922): Net::send Indication Msg: push to task_16!
I/DLNAPlayer(  990): DMR_IF: avt_notifyStateChanged() dmr start: yes
D/LuCINet (  922): Net::send Indication Msg: push to task_15!
V/DLNAPlayer(  990): virtual void DLNAPlayer::notifyStateChanged(int, int) end currentState:0  targetState:1
D/LuCINet (  922): mListToUart.size before push:0
D/        ( 1002): systemmonitor RecoveryOnBoardMusic rev pause message, step = 2 , it will be stop
D/        ( 1002):  
D/LuCINet (  922): mListToUart.size after push:1
D/        ( 1002): systemmonitor TimeoutResumeVol rev Stop
D/LuCINet (  922): Net::SendThread1_15::threadLoop: send message id: 51 to: 192.168.3.17
D/LuCINet (  922): To Uart: id:0x33, length:1, data:1
D/LuCINet (  922): Net::SendThread1_16::threadLoop: send message id: 51 to: 192.168.3.21
V/AudioMixer(  987): setParameter(VOLUME, VOLUME0/1: 0d46)
V/AudioMixer(  987): setParameter(VOLUME, VOLUME0/1: 0d46)
V/AudioMixer(  987): mixer configuration change: 1 activeTracks (00000002) all16BitsStereoNoResample=1, resampling=0, volumeRamp=0
V/FFmpegPlayer-IF(  987): ***virtual android::SyncTrackThread::~SyncTrackThread()***
V/AudioFlinger(  987): releasing 12 from 990
V/AudioFlinger(  987):  decremented refcount to 0
V/AudioFlinger(  987): purging stale effects
V/syncplay-play(  987): syncplay_exit
V/vplayer (  990): void RealPlayer::setInitialValue()
D/vplayer (  990): int MediaPlaybackControl::innerQueueChanged_RML(PlaybackInfo&, bool) song id: 201697348
D/vplayer (  990): int MediaPlaybackControl::innerQueueChanged_RML(PlaybackInfo&, bool) target state: 1
V/vplayer (  990): int MediaPlaybackControl::openInMediaPlayer_RML() mCurrentTrack: 0xb89e8d20
V/vplayer (  990): void MediaPlaybackControl::innerNotifyPlayHistory_RML()
V/vplayer (  990): void MediaPlaybackControl::innerNotifyPlayHistory_RML() SeekTarget: -1, Position: 0
V/vplayer (  990): mPlayHistoryLock.lock1
V/vplayer (  990): mPlayHistoryLock.unlock1
D/vplayer (  990): bool MediaPlaybackControl::requireResolveOrNo_RML(android::sp<TrackMetadata>&) : needResolve=0
V/vplayer (  990): mPlayHistoryLock.lock2
V/vplayer (  990): int MediaPlaybackControl::openInMediaPlayer_RML() qplay duration: 312000
V/vplayer (  990): void MediaPlaybackControl::notifyPlayHistory(MediaPlaybackControl::MediaPlaybackListener*) position=0
V/vplayer (  990): int MediaPlaybackControl::openFile_NL(android::String8, android::String8, int, int, int, int) http://192.168.3.12:49152/d96c1fb99a97a1dc94b9a958d52cb461.mp3
V/DLNAPlayer(  990): virtual void DLNAPlayer::notifyPlayHistory(android::sp<MediaMetadata>, android::sp<TrackMetadata>, uint32_t, int)
V/vplayer (  990): void PlayerContainer::setDataSource(android::String8, android::String8, int, int, int, int) http://192.168.3.12:49152/d96c1fb99a97a1dc94b9a958d52cb461.mp3
V/vplayer (  990): mPlayHistoryLock.unlock2
V/vplayer (  990): bool PlayerContainer::setDataSourceImpl(android::sp<RealPlayer>&, android::String8, android::String8, int, int, int, int) player: 0xb89c76f0, path: http://192.168.3.12:49152/d96c1fb99a97a1dc94b9a958d52cb461.mp3, protocolInfo: http-get:*:audio/mpeg:DLNA.ORG_PN=MP3;DLNA.ORG_OP=01;
V/DeltaMediaPlayer(  990): stop
V/DeltaMediaPlayer(  990): stop error, dont init
V/DeltaMediaPlayer(  990): reset
V/DeltaMediaPlayer(  990): alread  reseted
V/vplayer (  990): void RealPlayer::setInitialValue()
V/vplayer (  990): int PlayerContainer::retryInit(android::sp<RealPlayer>&, android::String8, android::String8, int, int, int, int)
V/vplayer (  990): android::status_t RealPlayer::init2(const char*, const char*, int, int, int, int) url: http://192.168.3.12:49152/d96c1fb99a97a1dc94b9a958d52cb461.mp3, protocolInfo: http-get:*:audio/mpeg:DLNA.ORG_PN=MP3;DLNA.ORG_OP=01; seekTarget:0
V/vplayer (  990): trackDuration============312000
V/vplayer (  990): mimetype============audio/mpeg
V/vplayer (  990): seekCapabilityFlags============1
V/vplayer (  990): virtual android::status_t RealPlayer::init2(const char*, const android::KeyedVector<android::String8, android::String8>*) url: http://192.168.3.12:49152/d96c1fb99a97a1dc94b9a958d52cb461.mp3
V/vplayer (  990): headers(0) DLNA:true
V/vplayer (  990): headers(1) close_tcp:1
V/vplayer (  990): headers(2) duration:312000
V/vplayer (  990): headers(3) icy:1
V/vplayer (  990): headers(4) mimetype:audio/mpeg
V/vplayer (  990): headers(5) seekable:1
V/DeltaMediaPlayer(  990): init2
V/FFmpegPlayer-IF(  987): reset ---(0xb8101708) 
V/FFmpegPlayer-IF(  987): Player already reset
V/FFmpegPlayer-IF(  987): reset ---(0xb8101708) 
V/FFmpegPlayer-IF(  987): Player already reset
V/FFmpegPlayer-IF(  987): ~FFmpegPlayer---(0xb8101708)
V/FFmpegPlayer-IF(  987): reset ---(0xb8101708) 
V/FFmpegPlayer-IF(  987): Player already reset
V/FFmpegPlayer-IF(  987): mFFmpegFileName :http://192.168.3.12:49152/3d63f99aad4b2d21157883405e4dcc2a.mp3
D/MediaPlayerService(  987): [6] setSyncFlag (3)
V/FFmpegPlayer-IF(  987): FFmpegPlayer---(0xb80e0878)
V/syncplay-play(  987): syncplay_init --- 
V/syncplay-play(  987): syncplay_setnotify 
V/FFmpegPlayer-IF(  987): setListener ---
V/FFmpegPlayer-IF(  987): setUID---0xb80e0878
V/FFmpegPlayer-IF(  987): setSyncFlag (0xb80e0878)--- 3 syncflag
V/FFmpegPlayer-IF(  987): setAudioSink ---
V/FFmpegPlayer-IF(  987): setDataSource---(0xb80e0878)
V/FFmpegPlayer-IF(  987): url = http://192.168.3.12:49152/d96c1fb99a97a1dc94b9a958d52cb461.mp3
V/FFmpegPlayer-IF(  987): mHeader  0xb80e0878:0  null is 0
V/FFmpegPlayer-IF(  987): url = http://192.168.3.12:49152/d96c1fb99a97a1dc94b9a958d52cb461.mp3, len = 62
V/syncplay-play(  987): setmediamimetype audio/mpeg
V/syncplay-play(  987): setduration 312000 msec
V/syncplay-play(  987): setmedia 0 --> DLNA:true
V/syncplay-play(  987): setmedia 1 --> close_tcp:1
V/syncplay-play(  987): setmedia 2 --> icy:1
V/syncplay-play(  987): setmedia 3 --> seekable:1
V/FFmpegPlayer-IF(  987): mFFmpegFileName is http://192.168.3.12:49152/d96c1fb99a97a1dc94b9a958d52cb461.mp3(0xb80d3d48)
V/syncplay-play(  987): syncplay_setdatasource:http://192.168.3.12:49152/d96c1fb99a97a1dc94b9a958d52cb461.mp3
V/syncplay-play(  987): syncplay_setdatasource:http://192.168.3.12:49152/d96c1fb99a97a1dc94b9a958d52cb461.mp3 2 
V/syncplay-play(  987): http://192.168.3.12:49152/d96c1fb99a97a1dc94b9a958d52cb461.mp3
V/AudioFlinger-Thread(  987): track 4097 s=00000000 [NOT READY] on thread 0xb5ead008,type 0,mid 2
V/AudioFlinger-Track(  987): presentationComplete() mPresentationCompleteFrames 0 framesWritten 2800640
V/AudioFlinger-Track(  987): presentationComplete() reset: mPresentationCompleteFrames 2804720 audioHalFrames 4080
V/AudioMixer(  987): disable(1)
V/syncplay-play(  987): syncplay_setdatasource: state->filename: http://192.168.3.12:49152/d96c1fb99a97a1dc94b9a958d52cb461.mp3 3 
V/syncplay-play(  987): syncplay_setdatasource: state->location:  3 
V/syncplay-play(  987): mimetype:*/*  
V/FFmpegPlayer-IF(  987): createAudioOutput
V/AudioPolicyManagerBase(  987): getOutput() device 2, stream 3, samplingRate 0, format 0, channelMask 3, flags 0
V/AudioPolicyManagerBase(  987): getOutput() returns output 2
V/AudioPolicyManagerBase(  987): getOutput() device 2, stream 3, samplingRate 0, format 0, channelMask 3, flags 0
V/AudioPolicyManagerBase(  987): getOutput() returns output 2
V/AudioPolicyManagerBase(  987): getOutput() device 2, stream 3, samplingRate 0, format 0, channelMask 3, flags 0
V/AudioPolicyManagerBase(  987): getOutput() returns output 2
V/AudioPolicyManagerBase(  987): getOutput() device 2, stream 3, samplingRate 0, format 0, channelMask 3, flags 0
V/AudioPolicyManagerBase(  987): getOutput() returns output 2
V/AudioTrack(  987): getMinFrameCount=4096: afFrameCount=1024, minBufCount=4, afSampleRate=48000, afLatency=85
V/AudioTrack(  987): set() streamType 3 frameCount 4096 flags 0000
V/AudioPolicyManagerBase(  987): getOutput() device 2, stream 3, samplingRate 48000, format 1, channelMask 3, flags 0
V/AudioPolicyManagerBase(  987): getOutput() returns output 2
V/AudioTrack(  987): createTrack_l() output 2 afLatency 85
V/AudioTrack(  987): afFrameCount=1024, minBufCount=4, afSampleRate=48000, afLatency=85
V/AudioTrack(  987): minFrameCount: 4096, afFrameCount=1024, minBufCount=4, sampleRate=48000, afSampleRate=48000, afLatency=85
V/AudioFlinger(  987): createTrack() sessionId: 0
V/AudioFlinger(  987): createTrack() lSessionId: 13
V/AudioMixer(  987): add track (0)
V/AudioMixer(  987): AudioMixer::unprepareTrackForDownmix(0)
V/AudioMixer(  987):  nothing to do, no downmixer to delete
V/AudioFlinger-Track(  987): Track constructor name 4096, calling pid 990
V/AudioFlinger-Track(  987): SyncTrack::SyncTrack(0xb80e9630)
E/TestWavFile(  987): fopen error --> create wav file fail
V/AudioFlinger-Track(  987): Create test /mnt/asec/goer_synctrack/write_fileb80e9630.wav file Fail
E/TestWavFile(  987): fopen error --> create wav file fail
V/AudioFlinger-Track(  987): Create test /mnt/asec/goer_synctrack/read_fileb80e9630.wav file Fail
V/AudioFlinger(  987): acquiring 13 from 990
V/AudioFlinger(  987):  added new entry for 13
V/FFmpegPlayer-IF(  987): creat SyncTrackThread Rate:48000, Channels:2
V/FFmpegPlayer-IF(  987): **synctrack thread** player 0xb80e0878, bufsize 6000ms, framesize 4, rate 48000
V/AudioFlinger-Thread(  987): track 4097 s=00000000 [NOT READY] on thread 0xb5ead008,type 0,mid 2
V/AudioFlinger-Track(  987): presentationComplete() mPresentationCompleteFrames 2804720 framesWritten 2800640
V/AudioFlinger-Thread(  987): track 4097 s=00000000 [NOT READY] on thread 0xb5ead008,type 0,mid 2
V/AudioFlinger-Track(  987): presentationComplete() mPresentationCompleteFrames 2804720 framesWritten 2801664
D/vplayer (  990): setDataSource - isInitialized: yes
V/vplayer (  990): bool PlayerContainer::isInitialized() yes
V/vplayer (  990): void MediaPlaybackControl::innerNotifyTrackChanged()
V/vplayer (  990): mMediaLock.unlock8
V/vplayer (  990): int MediaPlaybackControl::play()
V/vplayer (  990): mStateLock.autolock1
V/vplayer (  990): void MediaPlaybackControl::notifyTrackChanged(MediaPlaybackControl::MediaPlaybackListener*) mCurrentIndex=3
V/DLNAPlayer(  990): virtual void DLNAPlayer::notifyTrackChanged(uint32_t, android::sp<TrackMetadata>)
I/DLNAPlayer(  990): DMR_IF: avt_notifyTrackChanged() track: 4, duration: 312000, trackUri: http://192.168.3.12:49152/d96c1fb99a97a1dc94b9a958d52cb461.mp3, trackMetadata: {
I/DLNAPlayer(  990):    "HQ" : "HQ",
I/DLNAPlayer(  990):    "album" : "",
I/DLNAPlayer(  990):    "albumArtURI" : "http://y.gtimg.cn/music/photo/mid_album_500/W/J/004FES4i1g0uWJ.jpg",
I/DLNAPlayer(  990):    "creator" : "",
I/DLNAPlayer(  990):    "duration" : "00:05:12",
I/DLNAPlayer(  990):    "lyric" : "",
I/DLNAPlayer(  990):    "protocolInfo" : "http-get:*:audio/mpeg:DLNA.ORG_PN=MP3;DLNA.ORG_OP=01;",
I/DLNAPlayer(  990):    "songID" : "201697348",
I/DLNAPlayer(  990):    "tag" : "",
I/DLNAPlayer(  990):    "title" : "",
I/DLNAPlayer(  990):    "trackURIs" : [ "http://192.168.3.12:49152/d96c1fb99a97a1dc94b9a958d52cb461.mp3" ]
I/DLNAPlayer(  990): }
I/DLNAPlayer(  990): , isLocal: not
I/DLNAPlayer(  990): DMR_IF: avt_notifyTrackChanged() dmr start: yes
D/vplayer (  990): mCurrentMediaPlayer : prepared
V/vplayer (  990): virtual void MediaPlaybackControl::onTrackPrepared() mTargetState: 1
V/vplayer (  990): mMediaLock.lock11
V/vplayer (  990): mStateLock.lock8
V/vplayer (  990): int MediaPlaybackControl::play_RSL()
V/vplayer (  990): void MediaPlaybackControl::innerNotifyStateChanged_RSL(int, int, bool) currentState: 2, targetState: 1
V/DeletaMediaPolicy(  990): setInfo (0xb89c64e0) key 4118, ext1 3
V/vplayer (  990): bool PlayerContainer::isPrepared() yes
V/vplayer (  990): int PlayerContainer::play()
D/vplayer (  990): start
V/DeltaMediaPlayer(  990): start
V/DeltaMediaPlayer(  990): start _lock
V/DeltaMediaPlayer(  990): player dont prepared
V/FFmpegPlayer-IF(  987): setSyncTrackInfo (0xb80e0878)--- synctrack 4000msl loopbuffer 6000ms delayms 0ms AudioSource 10002
V/MediaPolicyService(  987): processPolicy id 2, msg 4118, ext1 3, ext2 0
V/MediaPolicyService(  987): send play status changed 3
I/LuciService(  864): sendMessageAsync received msgId=4118, MSG_AUDIO_PLAY_STATUS_CHANGED
D/LuCINet (  922): HwLuciClientListener::callbackAsync msgid:0x1016, name:MSG_AUDIO_PLAY_STATUS_CHANGED
D/LuCINet (  922): Net::send Indication Msg to phoneApp!
D/LuCINet (  922): Net::send Indication Msg: push to task_16!
D/LuCINet (  922): Net::send Indication Msg: push to task_15!
D/LuCINet (  922): mListToUart.size before push:0
D/LuCINet (  922): mListToUart.size after push:1
D/        ( 1002): systemmonitor play change status
D/LuCINet (  922): To Uart: id:0x33, length:1, data:3
V/DeltaAudioListener(  987): Luci callbackAsync msg 4118, ttl 0
V/DeltaAudioListener(  987): --->MSG_AUDIO_PLAY_STATUS_CHANGED
V/DeltaAudioListener(  987): status 3
V/FFmpegPlayer-IF(  987): prepareAsync --- (0xb80e0878)
V/AudioFlinger-Track(  987): setAudioSource 10002
V/AudioFlinger-Track(  987): setBufferSize URL 4000msec force to 2000ms
V/AudioFlinger-Track(  987): setBufferSize 2000msec delayms 0ms
V/syncplay-play(  987): syncplay_setaudioparam :------------------> rate 48000 chs 2
V/syncplay-play(  987): syncplay_playmode
V/syncplay-play(  987): set mode 3
V/syncplay-play(  987): syncplay_prepareAsync
V/AudioFlinger-Thread(  987): track 4097 s=00000000 [NOT READY] on thread 0xb5ead008,type 0,mid 2
V/AudioFlinger-Track(  987): presentationComplete() mPresentationCompleteFrames 2804720 framesWritten 2801664
V/AudioFlinger-Thread(  987): track 4097 s=00000000 [NOT READY] on thread 0xb5ead008,type 0,mid 2
V/AudioFlinger-Track(  987): presentationComplete() mPresentationCompleteFrames 2804720 framesWritten 2802688
V/FFmpegPlayer-IF(  987): *** synctrack thread paused  mPts 0***
V/syncplay-play(  987): player_prepare
V/syncplay-play(  987): path: http://192.168.3.12:49152/d96c1fb99a97a1dc94b9a958d52cb461.mp3
V/syncplay-play(  987): mediamimetype channels , rate 
V/AudioFlinger-Thread(  987): track 4097 s=00000000 [NOT READY] on thread 0xb5ead008,type 0,mid 2
V/AudioFlinger-Track(  987): presentationComplete() mPresentationCompleteFrames 2804720 framesWritten 2802688
V/AudioFlinger-Thread(  987): track 4097 s=00000000 [NOT READY] on thread 0xb5ead008,type 0,mid 2
V/AudioFlinger-Track(  987): presentationComplete() mPresentationCompleteFrames 2804720 framesWritten 2803712
D/LuCINet (  922): Net::ReceiveNotifyRespThread::threadLoop: recv one package Id = 51 from 192.168.3.17!
D/LuCINet (  922): Net::ReceiveNotifyRespThread::threadLoop: update timestamp!!
D/LuCINet (  922): Net::SendThread1_15::threadLoop: send message id: 51 to: 192.168.3.17
V/AudioFlinger-Thread(  987): track 4097 s=00000000 [NOT READY] on thread 0xb5ead008,type 0,mid 2
V/AudioFlinger-Track(  987): presentationComplete() mPresentationCompleteFrames 2804720 framesWritten 2803712
V/AudioFlinger-Thread(  987): track 4097 s=00000000 [NOT READY] on thread 0xb5ead008,type 0,mid 2
V/AudioFlinger-Track(  987): presentationComplete() mPresentationCompleteFrames 2804720 framesWritten 2804736
V/AudioFlinger-Track(  987): presentationComplete() session 12 complete: framesWritten 2804736
V/AudioFlinger-Thread(  987): removeTracks_l removing track on session 12
V/AudioFlinger-Thread(  987): remove track (4097) and delete from mixer
V/AudioMixer(  987): AudioMixer::deleteTrackName(4097)
V/AudioMixer(  987): deleteTrackName(1)
V/AudioMixer(  987): AudioMixer::unprepareTrackForDownmix(1)
V/AudioMixer(  987):  nothing to do, no downmixer to delete
V/syncplay-play(  987): Input file opened
V/AudioFlinger-Track(  987): SyncTrack::~SyncTrack(0xb81111b0)
V/AudioFlinger-Track(  987): PlaybackThread::Track destructor
V/AudioPolicyManagerBase(  987): stopOutput() output 2, stream 3, session 12
V/AudioPolicyManagerBase(  987): changeRefCount() stream 3, count 0
V/AudioPolicyManagerBase(  987): getNewDevice() selected device 0
V/AudioPolicyManagerBase(  987): setOutputDevice() output 2 device 0000 delayMs 170
V/AudioPolicyManagerBase(  987): setOutputDevice() prevDevice 0002
V/AudioPolicyManagerBase(  987): setOutputDevice() setting same device 0000 or null device for output 2
V/AudioPolicyManagerBase(  987): releaseOutput() 2
D/LuCINet (  922): Net::ReceiveNotifyRespThread::threadLoop: recv one package Id = 51 from 192.168.3.17!
D/LuCINet (  922): Net::ReceiveNotifyRespThread::threadLoop: update timestamp!!
D/LuCINet (  922): Net::SendThread1_15::threadLoop: waiting for msg
V/syncplay-play(  987): avformat_find_stream_info ok <----------
V/syncplay-play(  987): avcodec_find_decoder 
V/syncplay-play(  987): avcodec_decode_audio4 return error .. skip the frame
V/syncplay-play(  987): .............swr enter...........
V/syncplay-play(  987): Create sample rate converter for 44100 Hz s16p 2 channels to  48000 Hz s16 2 channels!
V/FFmpegPlayer-IF(  987): mLoopBufferSizeSec 6Sec
V/FFmpegPlayer-IF(  987):  ..... msg position ...0
V/FFmpegPlayer-IF(  987):  ..... msg buffing ...25
V/syncplay-play(  987): avcodec_decode_audio4 return error .. skip the frame
V/tinyalsa_pcm(  987): tstamp sec 1167610812, nsec 504761099, hw_ptr 2790400
V/DeltaMediaPlayer(  990): ---->can't lock mPlayerLock
V/FFmpegPlayer-IF(  987):  ..... msg position ...0
V/FFmpegPlayer-IF(  987):  ..... msg buffing ...545
V/DeltaMediaPlayer(  990): ---->can't lock mPlayerLock
V/FFmpegPlayer-IF(  987):  ..... msg position ...0
V/FFmpegPlayer-IF(  987):  ..... msg buffing ...1065
V/syncplay-play(  987): prepare buffing OK
V/syncplay-play(  987): syncplay_buffing
V/syncplay-play(  987): syncplay_buffing create decoder thread
V/syncplay-play(  987): player_prepare_thread, ok
V/FFmpegPlayer-IF(  987):  ..... msg prepared .....
V/DeltaMediaPlayer(  990): current item prepared
V/FFmpegPlayer-IF(  987): setLooping --- 
V/FFmpegPlayer-IF(  987): setLooping --- 
V/FFmpegPlayer-IF(  987): start ---(0xb80e0878)
V/FFmpegPlayer-IF(  987): update --> pts  1167610812756788000
V/AudioTrack(  987): update pts 1167610812756788000
V/AudioFlinger-Track(  987): SyncTrack::start source 2,(0xb80e9630)
V/DeltaAudioListener(  987): Luci sendCmd 2144, 0
V/AudioFlinger(  987): -------------->setActivePowerModeToMcu
V/AudioFlinger-Track(  987): start(4096), calling pid 990 session 13
V/AudioFlinger-Track(  987): ? => ACTIVE (4096) on thread 0xb80e9630
V/AudioPolicyManagerBase(  987): startOutput() output 2, stream 3, session 13
V/AudioPolicyManagerBase(  987): changeRefCount() stream 3, count 1
V/AudioPolicyManagerBase(  987): getNewDevice() selected device 2
V/AudioPolicyManagerBase(  987): setOutputDevice() output 2 device 0002 delayMs 0
V/AudioPolicyManagerBase(  987): setOutputDevice() prevDevice 0002
V/AudioPolicyManagerBase(  987): setOutputDevice() setting same device 0002 or null device for output 2
V/AudioFlinger-Track(  987): ******* TRACK_SYNC so.. mMbxEnable is true ******
V/AudioFlinger-Thread(  987): signal playback thread
I/LuciService(  864): sendMessageAsync received msgId=2144, MSG_SYSTEM_SET_POWERMODE_TO_UART
D/LuCINet (  922): HwLuciClientListener::callbackAsync msgid:0x860, name:MSG_SYSTEM_SET_POWERMODE_TO_UART
V/AudioMixer(  987): enable(0)
V/AudioMixer(  987): setParameter(VOLUME, VOLUME0/1: 0000)
V/AudioMixer(  987): setParameter(VOLUME, VOLUME0/1: 0000)
V/AudioMixer(  987): setParameter(TRACK, MAIN_BUFFER, 0xb80cce10)
V/AudioMixer(  987): mixer configuration change: 1 activeTracks (00000001) all16BitsStereoNoResample=1, resampling=0, volumeRamp=0
V/AudioFlinger-Track(  987): ----------------->is track first set Hard Info<---------------??
V/FFmpegPlayer-IF(  987): *** synctrack thread started ***
V/FFmpegPlayer-IF(  987): Server Mode ... set start playing timems 1167610812763307000 ns
V/FFmpegPlayer-IF(  987): ******mPtsCnt 1 , mPts 1167610812789077833************
V/FFmpegPlayer-IF(  987): ******mPtsCnt 2 , mPts 1167610812815202833************
V/FFmpegPlayer-IF(  987): ******mPtsCnt 3 , mPts 1167610812841327833************
V/FFmpegPlayer-IF(  987): ******mPtsCnt 4 , mPts 1167610812867452833************
V/FFmpegPlayer-IF(  987): ******mPtsCnt 5 , mPts 1167610812893556999************
V/FFmpegPlayer-IF(  987): ******mPtsCnt 6 , mPts 1167610812919681999************
V/FFmpegPlayer-IF(  987): ******mPtsCnt 7 , mPts 1167610812945806999************
V/FFmpegPlayer-IF(  987): ******mPtsCnt 8 , mPts 1167610812971931999************
V/FFmpegPlayer-IF(  987): ******mPtsCnt 9 , mPts 1167610812998056999************
V/FFmpegPlayer-IF(  987): ******mPtsCnt 10 , mPts 1167610813024181999************
V/FFmpegPlayer-IF(  987): ******mPtsCnt 11 , mPts 1167610813050306999************
V/AudioFlinger-Track(  987): ***is bug **** getTargetPts pts too far 0 --> 1167610812846085705; mTargetPtsVaild 0, mTargetPtsError 0, mMbxKernelFrames 4096, mMbxUnrelease 0, sec 1167610812, nsec 760752372 
V/AudioFlinger-Track(  987): *** targetpts invalid[0] or leading Zero[0] *** silence output stream 1024
V/AudioFlinger-Track(  987): ***********mFramesPendingInQueue[2] 652ms******************
V/AudioFlinger-Track(  987): *** targetpts invalid[1] or leading Zero[0] *** silence output stream 1024
V/AudioFlinger-Track(  987): ***********mFramesPendingInQueue[2] 1462ms******************
V/syncplay-play(  987): ------>duration_bk 312000000, format_duration 312281063
V/FFmpegPlayer-IF(  987):  ..... msg duration ...312000
V/FFmpegPlayer-IF(  987):  ..... msg file size ...4996497
V/DeltaMediaPlayer(  990): ---->can't lock mPlayerLock
V/AudioFlinger-Track(  987): updateMultiroomPts master for first update pts 1167610812888751523, mLeadingZero 0, invalid 0
V/AudioFlinger-Track(  987): _updatePts pts 1167610812908751523, diffpts 0, package 0, usercall 1
V/AudioFlinger-Track(  987): ------------->_updatePts Master<---------
V/AudioFlinger-Track(  987): ----------------->Master source 2 _updatePts  1167610812908751523
V/AudioFlinger(  987): multiroomUpdateClientPts 2  updatepts 1167610814423501518, package 0
V/AudioFlinger(  987): multiroomUpdateClientPts no multiroom master or source[2] != multiroomSource[2] skip it
V/AudioFlinger-Track(  987): ----> mUpdatePtsResult 1167610814423501518 , Flag == 2
V/AudioFlinger-Track(  987): ***first on time  frameRemain 1024, frameRead 1024 ,head.pts 1167610812908751523, head.package 0***
V/AudioFlinger-Track(  987): *****SyncTrack initAdjust*audioFlinger adjust failed mMbxAdjustCnt 0, mMbxAdjustFlag -1****
V/vplayer (  990): 0xb89c76f0 notify info duration 312000
V/vplayer (  990): virtual void MediaPlaybackControl::onDurationReady(int) duration: 312000
D/vplayer (  990): virtual void MediaPlaybackControl::onTrackPrepared() mSeekTargetWhenPrepared: -1, allowSeek: yes
V/vplayer (  990): mStateLock.unlock8
V/vplayer (  990): mStateLock.lock6
V/vplayer (  990): mStateLock.unlock6
V/DLNAPlayer(  990): virtual void DLNAPlayer::notifyStateChanged(int, int) start currentState:2  targetState:1
I/DLNAPlayer(  990): DMR_IF: avt_notifyStateChanged() newState: 2, oldState: 2
I/DLNAPlayer(  990): DMR_IF: avt_notifyStateChanged() dmr start: yes
V/DLNAPlayer(  990): virtual void DLNAPlayer::notifyStateChanged(int, int) end currentState:2  targetState:1
V/vplayer (  990): mMediaLock.unlock11
V/vplayer (  990): mMediaLock.lock9
V/vplayer (  990): mMediaLock.unlock9
V/vplayer (  990): notify info file size 4996497
V/vplayer (  990): virtual void MediaPlaybackControl::onTrackSizeReady(int32_t) trackSize: 4996497
V/vplayer (  990): mMediaLock.lock10
V/vplayer (  990): void MediaPlaybackControl::innerNotifyTrackChanged()
V/vplayer (  990): mMediaLock.unlock10
V/vplayer (  990): void MediaPlaybackControl::notifyTrackChanged(MediaPlaybackControl::MediaPlaybackListener*) mCurrentIndex=3
V/DLNAPlayer(  990): virtual void DLNAPlayer::notifyTrackChanged(uint32_t, android::sp<TrackMetadata>)
I/DLNAPlayer(  990): DMR_IF: avt_notifyTrackChanged() track: 4, duration: 312000, trackUri: http://192.168.3.12:49152/d96c1fb99a97a1dc94b9a958d52cb461.mp3, trackMetadata: {
I/DLNAPlayer(  990):    "HQ" : "HQ",
I/DLNAPlayer(  990):    "album" : "",
I/DLNAPlayer(  990):    "albumArtURI" : "http://y.gtimg.cn/music/photo/mid_album_500/W/J/004FES4i1g0uWJ.jpg",
I/DLNAPlayer(  990):    "creator" : "",
I/DLNAPlayer(  990):    "duration" : "00:05:12",
I/DLNAPlayer(  990):    "lyric" : "",
I/DLNAPlayer(  990):    "protocolInfo" : "http-get:*:audio/mpeg:DLNA.ORG_PN=MP3;DLNA.ORG_OP=01;",
I/DLNAPlayer(  990):    "songID" : "201697348",
I/DLNAPlayer(  990):    "tag" : "",
I/DLNAPlayer(  990):    "title" : "",
I/DLNAPlayer(  990):    "trackURIs" : [ "http://192.168.3.12:49152/d96c1fb99a97a1dc94b9a958d52cb461.mp3" ]
I/DLNAPlayer(  990): }
I/DLNAPlayer(  990): , isLocal: not
I/DLNAPlayer(  990): DMR_IF: avt_notifyTrackChanged() dmr start: yes
D/LuCINet (  922): mListToUart.size before push:0
D/LuCINet (  922): mListToUart.size after push:1
D/LuCINet (  922): To Uart: id:0xe, length:1, data:0
V/AudioMixer(  987): setParameter(VOLUME, VOLUME0/1: 015d)
V/AudioMixer(  987): setParameter(VOLUME, VOLUME0/1: 015d)
V/AudioMixer(  987): mixer configuration change: 1 activeTracks (00000001) all16BitsStereoNoResample=1, resampling=0, volumeRamp=0
V/FFmpegPlayer-IF(  987):  ..... msg position ...0
V/FFmpegPlayer-IF(  987):  ..... msg buffing ...1585
V/DeltaMediaPlayer(  990): --->auto Pause<----
V/FFmpegPlayer-IF(  987): pause ---(0xb80e0878)
V/AudioFlinger-Track(  987): SyncTrack::pause 0xb80e9630
V/AudioFlinger-Track(  987): pause(4096), calling pid 990
V/AudioFlinger-Track(  987): ACTIVE/RESUMING => PAUSING (4096) on thread 0xb5ead008
V/FFmpegPlayer-IF(  987):  ..... msg palyer pasued ...0:0.
V/vplayer (  990): 0xb89c76f0 notify start buffering
D/vplayer (  990): virtual void MediaPlaybackControl::onStartBuffering()
V/vplayer (  990): mStateLock.lock9
V/vplayer (  990): mStateLock.unlock9
V/DeltaMediaPlayer(  990): Message Player Notify start buffering
V/vplayer (  990): 0xb89c76f0 notify info current item paused
D/vplayer (  990): virtual void MediaPlaybackControl::onPaused()
V/vplayer (  990): mStateLock.lock12
V/vplayer (  990): mStateLock.unlock12
V/AudioMixer(  987): setParameter(VOLUME, VOLUME0/1: 0000)
V/AudioMixer(  987): setParameter(VOLUME, VOLUME0/1: 0000)
V/AudioMixer(  987): mixer configuration change: 1 activeTracks (00000001) all16BitsStereoNoResample=1, resampling=0, volumeRamp=0
D/LuCINet (  922): From Uart: id:0xe, length:1, data:30, 
D/LuCINet (  922): Net::send Indication Msg to phoneApp!
D/LuCINet (  922): Net::send Indication Msg: push to task_16!
D/LuCINet (  922): Net::send Indication Msg: push to task_15!
I/LuciService(  864): sendMessageAsync received msgId=2118, MSG_SYSTEM_POWERMODE_FROM_UART
