--------- beginning of /dev/log/system
I/Vold    (  861): UGLY Vold 2.1 (the revenge) firing up
D/Vold    (  861): Volume sdcard1 state changing -1 (Initializing) -> 0 (No-Media)
D/Vold    (  861): Volume sdcard2 state changing -1 (Initializing) -> 0 (No-Media)
D/Vold    (  861): Volume udisk0 state changing -1 (Initializing) -> 0 (No-Media)
W/SocketClient(  862): write error (Broken pipe)
V/=========MediaPosListener(  996): MediaPosListener main
V/=========MediaPosListener(  996):  setHubState State =0
V/=========MediaPosListener(  996):  check if already mounted
V/=========MediaPosListener(  996):  do_monitor start
V/=========MediaPosListener(  996):  startListener start
V/=========MediaPosListener(  996):  do_monitor exit monitorOK =1
V/mediausb:Main(  994):  setHubState State =0
V/mediausb:Main(  994):  check if already mounted
V/mediausb:Main(  994):  do_monitor start
V/mediausb:Main(  994):  startListener start
--------- beginning of /dev/log/main
V/FFmpegPlayer-IF(  987): ******mPtsCnt 7 , mPts 1167610686809243661************
V/FFmpegPlayer-IF(  987): ******mPtsCnt 8 , mPts 1167610686835368661************
V/FFmpegPlayer-IF(  987): ******mPtsCnt 9 , mPts 1167610686861472827************
V/FFmpegPlayer-IF(  987): ******mPtsCnt 10 , mPts 1167610686887597827************
V/FFmpegPlayer-IF(  987): ******mPtsCnt 11 , mPts 1167610686913722827************
V/AudioFlinger-Track(  987): ----------------->is track first set Hard Info<---------------??
V/AudioFlinger-Track(  987): *** targetpts invalid[0] or leading Zero[0] *** silence output stream 1024
V/AudioFlinger-Track(  987): *** targetpts invalid[0] or leading Zero[0] *** silence output stream 1024
V/AudioFlinger-Track(  987): *** targetpts invalid[0] or leading Zero[0] *** silence output stream 1024
V/AudioFlinger-Track(  987): *** targetpts invalid[0] or leading Zero[0] *** silence output stream 1024
I/LuciService(  864): sendMessageAsync received msgId=2144, MSG_SYSTEM_SET_POWERMODE_TO_UART
V/vplayer (  990): 0xb89c76f0 notify info current item start playing
D/vplayer (  990): virtual void MediaPlaybackControl::onStartPlaying()
V/vplayer (  990): mStateLock.lock11
V/vplayer (  990): void MediaPlaybackControl::innerNotifyStateChanged_RSL(int, int, bool) currentState: 1, targetState: 1
V/DeletaMediaPolicy(  990): setInfo (0xb89c64e0) key 4118, ext1 0
V/MediaPolicyService(  987): processPolicy id 2, msg 4118, ext1 0, ext2 0
V/MediaPolicyService(  987): send play status changed 0
D/LuCINet (  922): HwLuciClientListener::callbackAsync msgid:0x860, name:MSG_SYSTEM_SET_POWERMODE_TO_UART
D/LuCINet (  922): mListToUart.size before push:0
D/LuCINet (  922): mListToUart.size after push:1
V/vplayer (  990): mStateLock.unlock11
I/LuciService(  864): sendMessageAsync received msgId=4118, MSG_AUDIO_PLAY_STATUS_CHANGED
V/DeltaAudioListener(  987): Luci callbackAsync msg 4118, ttl 0
V/DeltaAudioListener(  987): --->MSG_AUDIO_PLAY_STATUS_CHANGED
V/DeltaAudioListener(  987): status 0
D/LuCINet (  922): To Uart: id:0xe, length:1, data:0
V/vplayer (  990): mStateLock.lock6
V/vplayer (  990): mStateLock.unlock6
V/DLNAPlayer(  990): virtual void DLNAPlayer::notifyStateChanged(int, int) start currentState:1  targetState:1
I/DLNAPlayer(  990): DMR_IF: avt_notifyStateChanged() newState: 1, oldState: 1
D/LuCINet (  922): HwLuciClientListener::callbackAsync msgid:0x1016, name:MSG_AUDIO_PLAY_STATUS_CHANGED
D/LuCINet (  922): Net::send Indication Msg to phoneApp!
D/        ( 1002): systemmonitor play change status
D/        ( 1002): systemmonitor rev audio play 
I/DLNAPlayer(  990): DMR_IF: avt_notifyStateChanged() dmr start: yes
V/DLNAPlayer(  990): virtual void DLNAPlayer::notifyStateChanged(int, int) end currentState:1  targetState:1
D/LuCINet (  922): Net::send Indication Msg: push to task_16!
D/LuCINet (  922): Net::send Indication Msg: push to task_15!
D/LuCINet (  922): mListToUart.size before push:0
D/LuCINet (  922): mListToUart.size after push:1
D/LuCINet (  922): Net::SendThread1_15::threadLoop: send message id: 51 to: 192.168.3.17
D/        ( 1002): systemmonitor Pos module  playing!!!
D/        ( 1002): systemmonitor Pos time mode = 
D/        ( 1002): systemmonitor TimeoutResumeVol rev Play
V/AudioFlinger-Track(  987): ***is bug **** getTargetPts pts too far 0 --> 1167610691238099183; mTargetPtsVaild 0, mTargetPtsError 0, mMbxKernelFrames 4096, mMbxUnrelease 0, sec 1167610691, nsec 152765850 
V/AudioFlinger-Track(  987): *** targetpts invalid[0] or leading Zero[0] *** silence output stream 1024
V/AudioFlinger-Track(  987): *** targetpts invalid[1] or leading Zero[0] *** silence output stream 1024
D/LuCINet (  922): From Uart: id:0xe, length:1, data:30, 
D/LuCINet (  922): Net::send Indication Msg to phoneApp!
D/LuCINet (  922): Net::send Indication Msg: push to task_16!
D/LuCINet (  922): Net::send Indication Msg: push to task_15!
I/LuciService(  864): sendMessageAsync received msgId=2118, MSG_SYSTEM_POWERMODE_FROM_UART
D/WifiLuciClient(  926): WifiLuciListener::callbackAsync pureId: 2118, stick: no
D/WifiLuciClient(  926): callbackAsync() receives MSG_SYSTEM_POWERMODE_FROM_UART, mode = 0. 
D/iAPService(  993): : iAP2LuciClientListener::callbackAsync pureId: 2118, stick: not
D/iAPService(  993): : iAP ------------------MSG_SYSTEM_POWERMODE_FROM_UART powermode=0  mPowermode=0
V/DeltaAudioListener(  987): Luci callbackAsync msg 2118, ttl 0
V/DeltaAudioListener(  987): --->Luci MSG_SYSTEM_POWERMODE_FROM_UART
V/AudioFlinger(  987): -------------->Luci mOutPutValid 0 --> 0
D/LuCINet (  922): To Uart: id:0x33, length:1, data:0
V/AudioFlinger-Track(  987): updateMultiroomPts master for first update pts 1167610691280756395, mLeadingZero 0, invalid 19083333
V/AudioFlinger-Track(  987): _updatePts pts 1167610691300756395, diffpts 19083333, package 0, usercall 1
V/AudioFlinger-Track(  987): ------------->_updatePts Master<---------
V/AudioFlinger-Track(  987): ----------------->Master source 2 _updatePts  1167610691281673062
V/AudioFlinger(  987): multiroomUpdateClientPts 2  updatepts 1167610693293110556, package 0
V/AudioFlinger(  987): multiroomUpdateClientPts no multiroom master or source[2] != multiroomSource[2] skip it
V/AudioFlinger-Track(  987): ----> mUpdatePtsResult 1167610693293110556 , Flag == 2
V/AudioFlinger-Track(  987): ***first on time  frameRemain 1024, frameRead 338 ,head.pts 1167610691281673062, head.package 0***
V/AudioFlinger-Track(  987): *****SyncTrack initAdjust*audioFlinger adjust failed mMbxAdjustCnt 0, mMbxAdjustFlag -1****
V/AudioMixer(  987): setParameter(VOLUME, VOLUME0/1: 015d)
V/AudioMixer(  987): setParameter(VOLUME, VOLUME0/1: 015d)
V/AudioMixer(  987): mixer configuration change: 1 activeTracks (00000001) all16BitsStereoNoResample=1, resampling=0, volumeRamp=0
D/WifiLuciClient(  926): Return from callBackAsync.
V/AudioMixer(  987): setParameter(VOLUME, VOLUME0/1: 02ba)
V/AudioMixer(  987): setParameter(VOLUME, VOLUME0/1: 02ba)
V/AudioMixer(  987): mixer configuration change: 1 activeTracks (00000001) all16BitsStereoNoResample=1, resampling=0, volumeRamp=0
V/AudioMixer(  987): setParameter(VOLUME, VOLUME0/1: 0417)
V/AudioMixer(  987): setParameter(VOLUME, VOLUME0/1: 0417)
V/AudioMixer(  987): mixer configuration change: 1 activeTracks (00000001) all16BitsStereoNoResample=1, resampling=0, volumeRamp=0
V/AudioMixer(  987): setParameter(VOLUME, VOLUME0/1: 0574)
V/AudioMixer(  987): setParameter(VOLUME, VOLUME0/1: 0574)
V/AudioMixer(  987): mixer configuration change: 1 activeTracks (00000001) all16BitsStereoNoResample=1, resampling=0, volumeRamp=0
D/LuCINet (  922): Net::ReceiveNotifyRespThread::threadLoop: recv one package Id = 51 from 192.168.3.17!
D/LuCINet (  922): Net::ReceiveNotifyRespThread::threadLoop: update timestamp!!
D/LuCINet (  922): Net::SendThread1_15::threadLoop: send message id: 14 to: 192.168.3.17
V/AudioMixer(  987): setParameter(VOLUME, VOLUME0/1: 06d1)
V/AudioMixer(  987): setParameter(VOLUME, VOLUME0/1: 06d1)
V/AudioMixer(  987): mixer configuration change: 1 activeTracks (00000001) all16BitsStereoNoResample=1, resampling=0, volumeRamp=0
D/LuCINet (  922): Net::ReceiveNotifyRespThread::threadLoop: recv one package Id = 14 from 192.168.3.17!
D/LuCINet (  922): Net::ReceiveNotifyRespThread::threadLoop: update timestamp!!
D/LuCINet (  922): Net::SendThread1_15::threadLoop: waiting for msg
V/FFmpegPlayer-IF(  987):  ..... msg position ...237003
V/FFmpegPlayer-IF(  987):  ..... msg buffing ...245153
V/AudioMixer(  987): setParameter(VOLUME, VOLUME0/1: 082e)
V/AudioMixer(  987): setParameter(VOLUME, VOLUME0/1: 082e)
V/AudioMixer(  987): mixer configuration change: 1 activeTracks (00000001) all16BitsStereoNoResample=1, resampling=0, volumeRamp=0
V/AudioMixer(  987): setParameter(VOLUME, VOLUME0/1: 098b)
V/AudioMixer(  987): setParameter(VOLUME, VOLUME0/1: 098b)
V/AudioMixer(  987): mixer configuration change: 1 activeTracks (00000001) all16BitsStereoNoResample=1, resampling=0, volumeRamp=0
V/AudioMixer(  987): setParameter(VOLUME, VOLUME0/1: 0ae8)
V/AudioMixer(  987): setParameter(VOLUME, VOLUME0/1: 0ae8)
V/AudioMixer(  987): mixer configuration change: 1 activeTracks (00000001) all16BitsStereoNoResample=1, resampling=0, volumeRamp=0
V/AudioMixer(  987): setParameter(VOLUME, VOLUME0/1: 0c45)
V/AudioMixer(  987): setParameter(VOLUME, VOLUME0/1: 0c45)
V/AudioMixer(  987): mixer configuration change: 1 activeTracks (00000001) all16BitsStereoNoResample=1, resampling=0, volumeRamp=0
V/tinyalsa_pcm(  987): tstamp sec 1167610691, nsec 408739911, hw_ptr 13312
V/AudioMixer(  987): setParameter(VOLUME, VOLUME0/1: 0da2)
V/AudioMixer(  987): setParameter(VOLUME, VOLUME0/1: 0da2)
V/AudioMixer(  987): mixer configuration change: 1 activeTracks (00000001) all16BitsStereoNoResample=1, resampling=0, volumeRamp=0
V/AudioMixer(  987): setParameter(VOLUME, VOLUME0/1: 0eff)
V/AudioMixer(  987): setParameter(VOLUME, VOLUME0/1: 0eff)
V/AudioMixer(  987): mixer configuration change: 1 activeTracks (00000001) all16BitsStereoNoResample=1, resampling=0, volumeRamp=0
V/AudioFlinger-Track(  987): ***********mFramesPendingInQueue[2] 1997ms******************
V/AudioMixer(  987): setParameter(VOLUME, VOLUME0/1: 1000)
V/AudioMixer(  987): setParameter(VOLUME, VOLUME0/1: 1000)
V/AudioMixer(  987): mixer configuration change: 1 activeTracks (00000001) all16BitsStereoNoResample=1, resampling=0, volumeRamp=0
D/LuCINet (  922): Net::SendThread1_16::threadLoop: send message id: 51 to: 192.168.3.21
D/DataUploader( 1006): EventDataRecords::read data null
V/FFmpegPlayer-IF(  987):  ..... msg position ...237513
V/FFmpegPlayer-IF(  987):  ..... msg buffing ...245647
V/AudioFlinger-Track(  987): ***********mFramesPendingInQueue[2] 1996ms******************
V/audio_hw_primary(  987): out_write 63295488
V/FFmpegPlayer-IF(  987):  ..... msg position ...238022
V/FFmpegPlayer-IF(  987):  ..... msg buffing ...246167
V/audio_hw_primary(  987): **out_get_hwinfo, frames 4096, tv_sec 1167610692, tv_nsec 347351304, rate 48000
D/USBUARTTEST_UART( 1005): ReceiveThread::threadLooping
D/LuCINet (  922): Net::SendThread1_16::threadLoop: task is exit!
V/FFmpegPlayer-IF(  987):  ..... msg position ...238510
V/FFmpegPlayer-IF(  987):  ..... msg buffing ...246687
V/AudioFlinger-Track(  987): ***********mFramesPendingInQueue[2] 1995ms******************
V/FFmpegPlayer-IF(  987):  ..... msg position ...239020
V/FFmpegPlayer-IF(  987):  ..... msg buffing ...247155
V/tinyalsa_pcm(  987): tstamp sec 1167610693, nsec 541929122, hw_ptr 115712
V/FFmpegPlayer-IF(  987):  ..... msg position ...239530
V/FFmpegPlayer-IF(  987):  ..... msg buffing ...247649
V/AudioFlinger-Track(  987): ***********mFramesPendingInQueue[2] 1994ms******************
V/FFmpegPlayer-IF(  987):  ..... msg position ...239996
V/FFmpegPlayer-IF(  987):  ..... msg buffing ...248169
D/USBUARTTEST_UART( 1005): ReceiveThread::threadLooping
V/audio_hw_primary(  987): out_write 63709184
V/audio_hw_primary(  987): **out_get_hwinfo, frames 4096, tv_sec 1167610694, tv_nsec 501862213, rate 48000
V/AudioFlinger-Track(  987): ***********mFramesPendingInQueue[2] 1994ms******************
V/FFmpegPlayer-IF(  987):  ..... msg position ...240507
V/FFmpegPlayer-IF(  987):  ..... msg buffing ...248637
V/FFmpegPlayer-IF(  987):  ..... msg position ...240994
V/FFmpegPlayer-IF(  987):  ..... msg buffing ...249157
V/AudioFlinger-Track(  987): ***********mFramesPendingInQueue[2] 1993ms******************
V/tinyalsa_pcm(  987): tstamp sec 1167610695, nsec 675117607, hw_ptr 218112
V/FFmpegPlayer-IF(  987):  ..... msg position ...241505
V/FFmpegPlayer-IF(  987):  ..... msg buffing ...249625
I/LuciService(  864): sendMessageAsync received msgId=2067, MSG_SYSTEM_GET_POWER_LEVEL
D/LuCINet (  922): HwLuciClientListener::callbackAsync msgid:0x813, name:MSG_SYSTEM_GET_POWER_LEVEL
D/LuCINet (  922): mListToUart.size before push:0
D/LuCINet (  922): mListToUart.size after push:1
D/LuCINet (  922): To Uart: id:0x100, length:0, data:(null)
D/LuCINet (  922): From Uart: id:0x101, length:3, data:31, 30, 30, 
D/LuCINet (  922): powerlevel:100
I/LuciService(  864): sendMessageAsync received msgId=2068, MSG_SYSTEM_GET_POWER_LEVEL_RESPONSE
D/USBUARTTEST_MAIN( 1005): HwLuciClientListener::callbackAsync msgid:0x814, name:MSG_SYSTEM_GET_POWER_LEVEL_RESPONSE
D/iAPService(  993): : iAP2LuciClientListener::callbackAsync pureId: 2068, stick: not
D/iAPService(  993): : MSG_SYSTEM_GET_POWER_LEVEL_RESPONSE 100 
D/LuCINet (  922): To NET: id:0x101, length:3, data:100
V/AudioFlinger-Track(  987): ***********mFramesPendingInQueue[2] 1971ms******************
V/FFmpegPlayer-IF(  987):  ..... msg position ...241993
V/FFmpegPlayer-IF(  987):  ..... msg buffing ...250145
D/USBUARTTEST_UART( 1005): ReceiveThread::threadLooping
V/audio_hw_primary(  987): out_write 64122880
V/audio_hw_primary(  987): **out_get_hwinfo, frames 4096, tv_sec 1167610696, tv_nsec 656384394, rate 48000
D/DataUploader( 1006): EventDataRecords::read data null
V/FFmpegPlayer-IF(  987):  ..... msg position ...242524
V/FFmpegPlayer-IF(  987):  ..... msg buffing ...250639
V/AudioFlinger-Track(  987): ***********mFramesPendingInQueue[2] 1970ms******************
V/FFmpegPlayer-IF(  987):  ..... msg position ...242990
V/FFmpegPlayer-IF(  987):  ..... msg buffing ...251159
V/tinyalsa_pcm(  987): tstamp sec 1167610697, nsec 808313606, hw_ptr 320512
V/FFmpegPlayer-IF(  987):  ..... msg position ...243501
V/FFmpegPlayer-IF(  987):  ..... msg buffing ...251627
V/AudioFlinger-Track(  987): ***********mFramesPendingInQueue[2] 1969ms******************
V/FFmpegPlayer-IF(  987):  ..... msg position ...243988
V/FFmpegPlayer-IF(  987):  ..... msg buffing ...252147
D/USBUARTTEST_UART( 1005): ReceiveThread::threadLooping
V/AudioFlinger-Track(  987): ***********mFramesPendingInQueue[2] 1968ms******************
V/audio_hw_primary(  987): out_write 64536576
V/audio_hw_primary(  987): **out_get_hwinfo, frames 4096, tv_sec 1167610698, tv_nsec 810914818, rate 48000
V/FFmpegPlayer-IF(  987):  ..... msg position ...244520
V/FFmpegPlayer-IF(  987):  ..... msg buffing ...252641
V/FFmpegPlayer-IF(  987):  ..... msg position ...245008
V/FFmpegPlayer-IF(  987):  ..... msg buffing ...253161
V/AudioFlinger-Track(  987): ***********mFramesPendingInQueue[2] 1967ms******************
V/FFmpegPlayer-IF(  987):  ..... msg position ...245539
V/FFmpegPlayer-IF(  987):  ..... msg buffing ...253655
V/tinyalsa_pcm(  987): tstamp sec 1167610699, nsec 941490697, hw_ptr 422912
V/AudioFlinger-Track(  987): ***********mFramesPendingInQueue[2] 1988ms******************
V/FFmpegPlayer-IF(  987):  ..... msg position ...246027
V/FFmpegPlayer-IF(  987):  ..... msg buffing ...254175
D/USBUARTTEST_UART( 1005): ReceiveThread::threadLooping
V/FFmpegPlayer-IF(  987):  ..... msg position ...246537
V/FFmpegPlayer-IF(  987):  ..... msg buffing ...254669
V/audio_hw_primary(  987): out_write 64950272
V/audio_hw_primary(  987): **out_get_hwinfo, frames 4096, tv_sec 1167610700, tv_nsec 965427666, rate 48000
V/AudioFlinger-Track(  987): ***********mFramesPendingInQueue[2] 1987ms******************
V/FFmpegPlayer-IF(  987):  ..... msg position ...247025
V/FFmpegPlayer-IF(  987):  ..... msg buffing ...255189
D/DataUploader( 1006): EventDataRecords::read data null
V/FFmpegPlayer-IF(  987):  ..... msg position ...247535
V/FFmpegPlayer-IF(  987):  ..... msg buffing ...255657
V/AudioFlinger-Track(  987): ***********mFramesPendingInQueue[2] 1964ms******************
V/tinyalsa_pcm(  987): tstamp sec 1167610702, nsec 74686212, hw_ptr 525312
V/FFmpegPlayer-IF(  987):  ..... msg position ...248001
V/FFmpegPlayer-IF(  987):  ..... msg buffing ...256177
D/LuCINet (  922): Net::ReceiveThread1::threadLoop: receive package from 192.168.3.21
D/LuCINet (  922): Net::SendThread1:init
D/LuCINet (  922): SendThread1_16 task is created!!
D/LuCINet (  922): Net::ReceiveThread1::RecvExtCmdMsg:messageId = 51
D/LuCINet (  922): Net::ReceiveThread1::RecvExtCmdMsg:data = 0
D/LuCINet (  922): Net::sendPhoneMessage to phoneApp!
D/LuCINet (  922): Net::SendThread1_16::threadLoop: waiting for msg
D/USBUARTTEST_UART( 1005): ReceiveThread::threadLooping
V/AudioFlinger-Track(  987): ***********mFramesPendingInQueue[2] 1985ms******************
V/FFmpegPlayer-IF(  987):  ..... msg position ...248512
V/FFmpegPlayer-IF(  987):  ..... msg buffing ...256645
V/audio_hw_primary(  987): out_write 65363968
V/audio_hw_primary(  987): **out_get_hwinfo, frames 4096, tv_sec 1167610703, tv_nsec 119952757, rate 48000
V/FFmpegPlayer-IF(  987):  ..... msg position ...248999
V/FFmpegPlayer-IF(  987):  ..... msg buffing ...257165
V/AudioFlinger-Track(  987): ***********mFramesPendingInQueue[2] 1984ms******************
V/FFmpegPlayer-IF(  987):  ..... msg position ...249510
V/FFmpegPlayer-IF(  987):  ..... msg buffing ...257659
V/tinyalsa_pcm(  987): tstamp sec 1167610704, nsec 207886090, hw_ptr 627712
V/FFmpegPlayer-IF(  987):  ..... msg position ...250020
V/FFmpegPlayer-IF(  987):  ..... msg buffing ...258153
V/AudioFlinger-Track(  987): ***********mFramesPendingInQueue[2] 1983ms******************
D/USBUARTTEST_UART( 1005): ReceiveThread::threadLooping
V/DLNAPlayer(  990): int mp_pause()
V/DLNAPlayer(  990): int DLNAPlayer::pause() start. 
V/vplayer (  990): int MediaPlaybackControl::pause()
V/vplayer (  990): mMediaLock.lock15
V/vplayer (  990): void MediaPlaybackControl::innerNotifyPlayHistory_RML()
V/vplayer (  990): void MediaPlaybackControl::innerNotifyPlayHistory_RML() SeekTarget: -1, Position: 251000
V/vplayer (  990): mPlayHistoryLock.lock1
V/vplayer (  990): mPlayHistoryLock.unlock1
V/vplayer (  990): mPlayHistoryLock.lock2
V/vplayer (  990): void MediaPlaybackControl::notifyPlayHistory(MediaPlaybackControl::MediaPlaybackListener*) position=251000
V/DLNAPlayer(  990): virtual void DLNAPlayer::notifyPlayHistory(android::sp<MediaMetadata>, android::sp<TrackMetadata>, uint32_t, int)
V/vplayer (  990): mPlayHistoryLock.unlock2
V/vplayer (  990): mMediaLock.unlock15
V/vplayer (  990): mStateLock.autolock2
V/vplayer (  990): void MediaPlaybackControl::innerNotifyStateChanged_RSL(int, int, bool) currentState: 3, targetState: 3
V/DeletaMediaPolicy(  990): setInfo (0xb89c64e0) key 4118, ext1 2
V/MediaPolicyService(  987): processPolicy id 2, msg 4118, ext1 2, ext2 0
V/MediaPolicyService(  987): send play status changed 2
I/LuciService(  864): sendMessageAsync received msgId=4118, MSG_AUDIO_PLAY_STATUS_CHANGED
V/DeltaAudioListener(  987): Luci callbackAsync msg 4118, ttl 0
V/DeltaAudioListener(  987): --->MSG_AUDIO_PLAY_STATUS_CHANGED
V/DeltaAudioListener(  987): status 2
D/LuCINet (  922): HwLuciClientListener::callbackAsync msgid:0x1016, name:MSG_AUDIO_PLAY_STATUS_CHANGED
D/LuCINet (  922): Net::send Indication Msg to phoneApp!
D/LuCINet (  922): Net::send Indication Msg: push to task_16!
D/LuCINet (  922): Net::send Indication Msg: task_16 had been exit!
D/LuCINet (  922): Net::send Indication Msg: push to task_15!
D/LuCINet (  922): mListToUart.size before push:0
D/LuCINet (  922): mListToUart.size after push:1
D/        ( 1002): systemmonitor play change status
D/        ( 1002): systemmonitor rev control stop value = 2
D/LuCINet (  922): To Uart: id:0x33, length:1, data:2
D/LuCINet (  922): Net::SendThread1_16::threadLoop: send message id: 51 to: 192.168.3.21
D/LuCINet (  922): Net::SendThread1_15::threadLoop: send message id: 51 to: 192.168.3.17
D/        ( 1002): systemmonitor Pos module  pause!!!
D/        ( 1002): systemmonitor RecoveryOnBoardMusic rev pause message, step = 2 , it will be stop
D/        ( 1002):  
D/        ( 1002): systemmonitor TimeoutResumeVol rev pause
V/vplayer (  990): int PlayerContainer::pause()
V/DeltaMediaPlayer(  990): pause
V/DeltaMediaPlayer(  990): pause _lock
V/FFmpegPlayer-IF(  987): pause ---(0xb80e0e88)
V/AudioFlinger-Track(  987): SyncTrack::pause 0xb8110e80
V/AudioFlinger-Track(  987): pause(4096), calling pid 990
V/AudioFlinger-Track(  987): ACTIVE/RESUMING => PAUSING (4096) on thread 0xb5ead008
V/FFmpegPlayer-IF(  987):  ..... msg palyer pasued ...0:0.
V/vplayer (  990): 0xb89c76f0 notify info current item paused
D/vplayer (  990): virtual void MediaPlaybackControl::onPaused()
V/vplayer (  990): mStateLock.lock6
V/vplayer (  990): mStateLock.unlock6
V/DLNAPlayer(  990): virtual void DLNAPlayer::notifyStateChanged(int, int) start currentState:3  targetState:3
I/DLNAPlayer(  990): DMR_IF: avt_notifyStateChanged() newState: 3, oldState: 3
V/vplayer (  990): mStateLock.lock12
V/vplayer (  990): mStateLock.unlock12
I/DLNAPlayer(  990): DMR_IF: avt_notifyStateChanged() dmr start: yes
V/DLNAPlayer(  990): virtual void DLNAPlayer::notifyStateChanged(int, int) end currentState:3  targetState:3
V/FFmpegPlayer-IF(  987): *** synctrack thread paused  mPts 1167610706693923014***
V/AudioMixer(  987): setParameter(VOLUME, VOLUME0/1: 0ea3)
V/AudioMixer(  987): setParameter(VOLUME, VOLUME0/1: 0ea3)
V/AudioMixer(  987): mixer configuration change: 1 activeTracks (00000001) all16BitsStereoNoResample=1, resampling=0, volumeRamp=0
V/AudioMixer(  987): setParameter(VOLUME, VOLUME0/1: 0d46)
V/AudioMixer(  987): setParameter(VOLUME, VOLUME0/1: 0d46)
V/AudioMixer(  987): mixer configuration change: 1 activeTracks (00000001) all16BitsStereoNoResample=1, resampling=0, volumeRamp=0
V/AudioMixer(  987): setParameter(VOLUME, VOLUME0/1: 0be9)
V/AudioMixer(  987): setParameter(VOLUME, VOLUME0/1: 0be9)
V/AudioMixer(  987): mixer configuration change: 1 activeTracks (00000001) all16BitsStereoNoResample=1, resampling=0, volumeRamp=0
V/AudioMixer(  987): setParameter(VOLUME, VOLUME0/1: 0a8c)
V/AudioMixer(  987): setParameter(VOLUME, VOLUME0/1: 0a8c)
V/AudioMixer(  987): mixer configuration change: 1 activeTracks (00000001) all16BitsStereoNoResample=1, resampling=0, volumeRamp=0
V/AudioMixer(  987): setParameter(VOLUME, VOLUME0/1: 092f)
V/AudioMixer(  987): setParameter(VOLUME, VOLUME0/1: 092f)
V/AudioMixer(  987): mixer configuration change: 1 activeTracks (00000001) all16BitsStereoNoResample=1, resampling=0, volumeRamp=0
V/AudioMixer(  987): setParameter(VOLUME, VOLUME0/1: 07d2)
V/AudioMixer(  987): setParameter(VOLUME, VOLUME0/1: 07d2)
V/AudioMixer(  987): mixer configuration change: 1 activeTracks (00000001) all16BitsStereoNoResample=1, resampling=0, volumeRamp=0
V/AudioMixer(  987): setParameter(VOLUME, VOLUME0/1: 0675)
V/AudioMixer(  987): setParameter(VOLUME, VOLUME0/1: 0675)
V/AudioMixer(  987): mixer configuration change: 1 activeTracks (00000001) all16BitsStereoNoResample=1, resampling=0, volumeRamp=0
V/AudioMixer(  987): setParameter(VOLUME, VOLUME0/1: 0518)
V/AudioMixer(  987): setParameter(VOLUME, VOLUME0/1: 0518)
V/AudioMixer(  987): mixer configuration change: 1 activeTracks (00000001) all16BitsStereoNoResample=1, resampling=0, volumeRamp=0
V/AudioMixer(  987): setParameter(VOLUME, VOLUME0/1: 03bb)
V/AudioMixer(  987): setParameter(VOLUME, VOLUME0/1: 03bb)
V/AudioMixer(  987): mixer configuration change: 1 activeTracks (00000001) all16BitsStereoNoResample=1, resampling=0, volumeRamp=0
D/LuCINet (  922): Net::ReceiveNotifyRespThread::threadLoop: recv one package Id = 51 from 192.168.3.17!
D/LuCINet (  922): Net::ReceiveNotifyRespThread::threadLoop: update timestamp!!
D/LuCINet (  922): Net::SendThread1_15::threadLoop: waiting for msg
V/AudioMixer(  987): setParameter(VOLUME, VOLUME0/1: 025e)
V/AudioMixer(  987): setParameter(VOLUME, VOLUME0/1: 025e)
V/AudioMixer(  987): mixer configuration change: 1 activeTracks (00000001) all16BitsStereoNoResample=1, resampling=0, volumeRamp=0
V/AudioMixer(  987): setParameter(VOLUME, VOLUME0/1: 0101)
V/AudioMixer(  987): setParameter(VOLUME, VOLUME0/1: 0101)
V/AudioMixer(  987): mixer configuration change: 1 activeTracks (00000001) all16BitsStereoNoResample=1, resampling=0, volumeRamp=0
V/AudioMixer(  987): setParameter(VOLUME, VOLUME0/1: 0000)
V/AudioMixer(  987): setParameter(VOLUME, VOLUME0/1: 0000)
V/AudioMixer(  987): mixer configuration change: 1 activeTracks (00000001) all16BitsStereoNoResample=1, resampling=0, volumeRamp=0
V/AudioFlinger-Thread(  987): track 4096 s=00000000 [NOT READY] on thread 0xb5ead008,type 0,mid 2
V/AudioFlinger-Track(  987): presentationComplete() mPresentationCompleteFrames 0 framesWritten 665600
V/AudioFlinger-Track(  987): presentationComplete() reset: mPresentationCompleteFrames 669680 audioHalFrames 4080
V/AudioMixer(  987): disable(0)
V/AudioFlinger-Thread(  987): track 4096 s=00000000 [NOT READY] on thread 0xb5ead008,type 0,mid 2
V/AudioFlinger-Track(  987): presentationComplete() mPresentationCompleteFrames 669680 framesWritten 665600
V/AudioFlinger-Thread(  987): track 4096 s=00000000 [NOT READY] on thread 0xb5ead008,type 0,mid 2
V/AudioFlinger-Track(  987): presentationComplete() mPresentationCompleteFrames 669680 framesWritten 666624
V/AudioFlinger-Thread(  987): track 4096 s=00000000 [NOT READY] on thread 0xb5ead008,type 0,mid 2
V/AudioFlinger-Track(  987): presentationComplete() mPresentationCompleteFrames 669680 framesWritten 666624
V/AudioFlinger-Thread(  987): track 4096 s=00000000 [NOT READY] on thread 0xb5ead008,type 0,mid 2
V/AudioFlinger-Track(  987): presentationComplete() mPresentationCompleteFrames 669680 framesWritten 667648
V/AudioFlinger-Thread(  987): track 4096 s=00000000 [NOT READY] on thread 0xb5ead008,type 0,mid 2
V/AudioFlinger-Track(  987): presentationComplete() mPresentationCompleteFrames 669680 framesWritten 667648
V/AudioFlinger-Thread(  987): track 4096 s=00000000 [NOT READY] on thread 0xb5ead008,type 0,mid 2
V/AudioFlinger-Track(  987): presentationComplete() mPresentationCompleteFrames 669680 framesWritten 668672
V/AudioFlinger-Thread(  987): track 4096 s=00000000 [NOT READY] on thread 0xb5ead008,type 0,mid 2
V/AudioFlinger-Track(  987): presentationComplete() mPresentationCompleteFrames 669680 framesWritten 668672
V/AudioFlinger-Thread(  987): track 4096 s=00000000 [NOT READY] on thread 0xb5ead008,type 0,mid 2
V/AudioFlinger-Track(  987): presentationComplete() mPresentationCompleteFrames 669680 framesWritten 669696
V/AudioFlinger-Track(  987): presentationComplete() session 11 complete: framesWritten 669696
V/AudioFlinger-Thread(  987): removeTracks_l removing track on session 11
V/AudioPolicyManagerBase(  987): stopOutput() output 2, stream 3, session 11
V/AudioPolicyManagerBase(  987): changeRefCount() stream 3, count 0
V/AudioPolicyManagerBase(  987): getNewDevice() selected device 0
V/AudioPolicyManagerBase(  987): setOutputDevice() output 2 device 0000 delayMs 170
V/AudioPolicyManagerBase(  987): setOutputDevice() prevDevice 0002
V/AudioPolicyManagerBase(  987): setOutputDevice() setting same device 0000 or null device for output 2
V/audio_hw_primary(  987): out_write 65777664
V/audio_hw_primary(  987): **out_get_hwinfo, frames 4096, tv_sec 1167610705, tv_nsec 274471181, rate 48000
D/LuCINet (  922): Net::SendThread1_16::threadLoop: send message id: 51 to: 192.168.3.21
V/tinyalsa_pcm(  987): tstamp sec 1167610706, nsec 341068756, hw_ptr 730112
D/USBUARTTEST_UART( 1005): ReceiveThread::threadLooping
D/LuCINet (  922): Net::SendThread1_16::threadLoop: send message id: 51 to: 192.168.3.21
D/DataUploader( 1006): EventDataRecords::read data null
V/audio_hw_primary(  987): out_write 66191360
V/audio_hw_primary(  987): **out_get_hwinfo, frames 4096, tv_sec 1167610707, tv_nsec 429003665, rate 48000
D/LuCINet (  922): Net::SendThread1_16::threadLoop: send message id: 51 to: 192.168.3.21
V/AudioFlinger-Thread(  987): Audio hardware entering standby, mixer 0xb5ead008, suspend count 0
V/AudioFlinger-Thread(  987): thread 0xb5ead008 type 0 TID 1082 going to sleep
D/USBUARTTEST_UART( 1005): ReceiveThread::threadLooping
D/LuCINet (  922): Net::SendThread1_16::threadLoop: send message id: 51 to: 192.168.3.21
D/LuCINet (  922): Net::SendThread1_16::threadLoop: send message id: 51 to: 192.168.3.21
D/USBUARTTEST_UART( 1005): ReceiveThread::threadLooping
D/LuCINet (  922): Net::SendThread1_16::threadLoop: send message id: 51 to: 192.168.3.21
D/LuCINet (  922): Net::SendThread1_16::threadLoop: send message id: 51 to: 192.168.3.21
D/DataUploader( 1006): EventDataRecords::read data null
D/LNTP_CLIENT(  995): Connecting to time1.aliyun.com [115.28.122.198] ...
D/LNTP_CLIENT(  995): pctime 1167610712.81844
D/LNTP_CLIENT(  995): get_time_diff net 1509963329.800474
D/LNTP_CLIENT(  995): get_time_diff local 1107.0
D/LNTP_CLIENT(  995): get_time_diff diff 1509962222
D/LNTP_CLIENT(  995): Time set from time1.aliyun.com [115.28.122.198].
I/LuciService(  864): sendMessageAsync received msgId=2141, MSG_SYSTEM_GET_INTERNET_TIME_DIFF_RESPONSE
V/PCPlayer:Main( 1007): PreChLuciListener::callbackAsync msgid:2141 MSG_SYSTEM_GET_INTERNET_TIME_DIFF_RESPONSE
D/LNTP_CLIENT(  995): global_time_diff: 1509962222
D/USBUARTTEST_UART( 1005): ReceiveThread::threadLooping
D/LuCINet (  922): Net::SendThread1_16::threadLoop: task is exit!
D/USBUARTTEST_UART( 1005): ReceiveThread::threadLooping
D/USBUARTTEST_UART( 1005): ReceiveThread::threadLooping
D/DataUploader( 1006): EventDataRecords::read data null
D/USBUARTTEST_UART( 1005): ReceiveThread::threadLooping
D/mdns    (  991): m->NextCacheCheck    3 checked, next in 1714
D/USBUARTTEST_UART( 1005): ReceiveThread::threadLooping
D/DataUploader( 1006): EventDataRecords::read data null
D/mdns    (  991): m->NextCacheCheck    3 checked, next in 48974
D/USBUARTTEST_UART( 1005): ReceiveThread::threadLooping
D/LuCINet (  922): From Uart: id:0xe, length:1, data:31, 
D/LuCINet (  922): Net::send Indication Msg to phoneApp!
D/LuCINet (  922): Net::send Indication Msg: task_16 had been exit!
D/LuCINet (  922): Net::send Indication Msg: push to task_15!
I/LuciService(  864): sendMessageAsync received msgId=2118, MSG_SYSTEM_POWERMODE_FROM_UART
V/DeltaAudioListener(  987): Luci callbackAsync msg 2118, ttl 0
V/DeltaAudioListener(  987): --->Luci MSG_SYSTEM_POWERMODE_FROM_UART
V/AudioFlinger(  987): -------------->Luci mOutPutValid 0 --> 1
D/WifiLuciClient(  926): WifiLuciListener::callbackAsync pureId: 2118, stick: no
D/WifiLuciClient(  926): callbackAsync() receives MSG_SYSTEM_POWERMODE_FROM_UART, mode = 1. 
D/iAPService(  993): : iAP2LuciClientListener::callbackAsync pureId: 2118, stick: not
D/iAPService(  993): : iAP ------------------MSG_SYSTEM_POWERMODE_FROM_UART powermode=1  mPowermode=0
D/LuCINet (  922): Net::SendThread1_15::threadLoop: send message id: 14 to: 192.168.3.17
D/LuCINet (  922): Net::ReceiveNotifyRespThread::threadLoop: recv one package Id = 14 from 192.168.3.17!
D/LuCINet (  922): Net::ReceiveNotifyRespThread::threadLoop: update timestamp!!
D/LuCINet (  922): Net::SendThread1_15::threadLoop: waiting for msg
D/WifiLuciClient(  926): Return from callBackAsync.
D/USBUARTTEST_UART( 1005): ReceiveThread::threadLooping
D/USBUARTTEST_UART( 1005): ReceiveThread::threadLooping
D/DataUploader( 1006): EventDataRecords::read data null
D/USBUARTTEST_UART( 1005): ReceiveThread::threadLooping
D/USBUARTTEST_UART( 1005): ReceiveThread::threadLooping
D/DataUploader( 1006): EventDataRecords::read data null
D/USBUARTTEST_UART( 1005): ReceiveThread::threadLooping
D/USBUARTTEST_UART( 1005): ReceiveThread::threadLooping
D/USBUARTTEST_UART( 1005): ReceiveThread::threadLooping
D/DataUploader( 1006): EventDataRecords::read data null
D/LuCINet (  922): Net::ReceiveThread1::threadLoop: receive package from 192.168.3.21
D/LuCINet (  922): Net::SendThread1:init
D/LuCINet (  922): SendThread1_16 task is created!!
D/LuCINet (  922): Net::ReceiveThread1::RecvExtCmdMsg:messageId = 90
D/LuCINet (  922): Net::ReceiveThread1::RecvExtCmdMsg:data = 0
D/LuCINet (  922): Net::sendPhoneMessage to phoneApp!
D/LuCINet (  922): Net::SendThread1_16::threadLoop: waiting for msg
D/USBUARTTEST_UART( 1005): ReceiveThread::threadLooping
D/USBUARTTEST_UART( 1005): ReceiveThread::threadLooping
D/DataUploader( 1006): EventDataRecords::read data null
D/USBUARTTEST_UART( 1005): ReceiveThread::threadLooping
D/USBUARTTEST_UART( 1005): ReceiveThread::threadLooping
D/USBUARTTEST_UART( 1005): ReceiveThread::threadLooping
D/DataUploader( 1006): EventDataRecords::read data null
D/USBUARTTEST_UART( 1005): ReceiveThread::threadLooping
D/USBUARTTEST_UART( 1005): ReceiveThread::threadLooping
D/DataUploader( 1006): EventDataRecords::read data null
D/USBUARTTEST_UART( 1005): ReceiveThread::threadLooping
V/DLNAPlayer(  990): int mp_play()
V/DLNAPlayer(  990): int DLNAPlayer::play()
V/vplayer (  990): int MediaPlaybackControl::play()
V/vplayer (  990): mStateLock.autolock1
V/vplayer (  990): int MediaPlaybackControl::play_RSL()
V/vplayer (  990): bool PlayerContainer::isPrepared() yes
V/vplayer (  990): int PlayerContainer::play()
D/vplayer (  990): start
V/DeltaMediaPlayer(  990): start
V/DeltaMediaPlayer(  990): start _lock
V/FFmpegPlayer-IF(  987): setLooping --- 
V/FFmpegPlayer-IF(  987): setLooping --- 
V/FFmpegPlayer-IF(  987): start ---(0xb80e0e88)
V/FFmpegPlayer-IF(  987): update --> pts  1167610753764820000
V/AudioTrack(  987): update pts 1167610753764820000
V/AudioFlinger-Track(  987): SyncTrack::start source 2,(0xb8110e80)
V/DeltaAudioListener(  987): Luci sendCmd 2144, 0
V/AudioFlinger(  987): -------------->setActivePowerModeToMcu
V/AudioFlinger-Track(  987): start(4096), calling pid 990 session 11
V/AudioFlinger-Track(  987): PAUSED => RESUMING (4096) on thread 0xb8110e80
V/AudioPolicyManagerBase(  987): startOutput() output 2, stream 3, session 11
V/AudioPolicyManagerBase(  987): changeRefCount() stream 3, count 1
V/AudioPolicyManagerBase(  987): getNewDevice() selected device 2
V/AudioPolicyManagerBase(  987): setOutputDevice() output 2 device 0002 delayMs 0
V/AudioPolicyManagerBase(  987): setOutputDevice() prevDevice 0002
V/AudioPolicyManagerBase(  987): setOutputDevice() setting same device 0002 or null device for output 2
V/AudioFlinger-Track(  987): ******* TRACK_SYNC so.. mMbxEnable is true ******
V/AudioFlinger-Thread(  987): signal playback thread
I/LuciService(  864): sendMessageAsync received msgId=2144, MSG_SYSTEM_SET_POWERMODE_TO_UART
V/AudioFlinger-Thread(  987): thread 0xb5ead008 type 0 TID 1082 waking up
V/AudioMixer(  987): enable(0)
V/AudioMixer(  987): mixer configuration change: 1 activeTracks (00000001) all16BitsStereoNoResample=1, resampling=0, volumeRamp=0
V/AudioFlinger-Track(  987): *** targetpts invalid[0] or leading Zero[0] *** silence output stream 1024
V/FFmpegPlayer-IF(  987): *** synctrack thread started ***
V/FFmpegPlayer-IF(  987): ******mPtsCnt 1 , mPts 1167610706720048014************
V/FFmpegPlayer-IF(  987):  ..... msg start playing ...0:0.
V/FFmpegPlayer-IF(  987):  ..... msg position ...250531
V/FFmpegPlayer-IF(  987):  ..... msg buffing ...258387
V/FFmpegPlayer-IF(  987): ******mPtsCnt 2 , mPts 1167610706746173014************
V/FFmpegPlayer-IF(  987): ******mPtsCnt 3 , mPts 1167610706772298014************
V/FFmpegPlayer-IF(  987): ******mPtsCnt 4 , mPts 1167610706798423014************
V/FFmpegPlayer-IF(  987): ******mPtsCnt 5 , mPts 1167610706824548014************
V/FFmpegPlayer-IF(  987): ******mPtsCnt 6 , mPts 1167610706850652180************
V/FFmpegPlayer-IF(  987): ******mPtsCnt 7 , mPts 1167610706876777180************
V/FFmpegPlayer-IF(  987): ******mPtsCnt 8 , mPts 1167610706902902180************
V/FFmpegPlayer-IF(  987): ******mPtsCnt 9 , mPts 1167610706929027180************
V/FFmpegPlayer-IF(  987): ******mPtsCnt 10 , mPts 1167610706955152180************
V/FFmpegPlayer-IF(  987): ******mPtsCnt 11 , mPts 1167610706981277180************
V/syncplay-play(  987): ------>[0xb80d3270] dlna flags = 2 so seek it <------
V/syncplay-play(  987): current_timestamp -9223372036854775808, current_pos 4153761, current_pts 502087680, current_timestamp2 258413000
V/vplayer (  990): 0xb89c76f0 notify info current item start playing
D/vplayer (  990): virtual void MediaPlaybackControl::onStartPlaying()
V/vplayer (  990): mStateLock.lock11
V/vplayer (  990): void MediaPlaybackControl::innerNotifyStateChanged_RSL(int, int, bool) currentState: 1, targetState: 1
V/DeletaMediaPolicy(  990): setInfo (0xb89c64e0) key 4118, ext1 0
V/MediaPolicyService(  987): processPolicy id 2, msg 4118, ext1 0, ext2 0
V/MediaPolicyService(  987): send play status changed 0
V/vplayer (  990): mStateLock.unlock11
V/vplayer (  990): mStateLock.lock6
V/vplayer (  990): mStateLock.unlock6
V/DLNAPlayer(  990): virtual void DLNAPlayer::notifyStateChanged(int, int) start currentState:1  targetState:1
I/DLNAPlayer(  990): DMR_IF: avt_notifyStateChanged() newState: 1, oldState: 1
I/DLNAPlayer(  990): DMR_IF: avt_notifyStateChanged() dmr start: yes
V/DLNAPlayer(  990): virtual void DLNAPlayer::notifyStateChanged(int, int) end currentState:1  targetState:1
V/AudioFlinger-Track(  987): *** targetpts invalid[0] or leading Zero[0] *** silence output stream 1024
D/LuCINet (  922): HwLuciClientListener::callbackAsync msgid:0x860, name:MSG_SYSTEM_SET_POWERMODE_TO_UART
D/LuCINet (  922): mListToUart.size before push:0
D/LuCINet (  922): mListToUart.size after push:1
D/LuCINet (  922): To Uart: id:0xe, length:1, data:0
I/LuciService(  864): sendMessageAsync received msgId=4118, MSG_AUDIO_PLAY_STATUS_CHANGED
D/LuCINet (  922): HwLuciClientListener::callbackAsync msgid:0x1016, name:MSG_AUDIO_PLAY_STATUS_CHANGED
D/LuCINet (  922): Net::send Indication Msg to phoneApp!
D/LuCINet (  922): Net::send Indication Msg: push to task_16!
D/LuCINet (  922): Net::send Indication Msg: push to task_15!
D/LuCINet (  922): mListToUart.size before push:0
D/LuCINet (  922): mListToUart.size after push:1
D/LuCINet (  922): Net::SendThread1_16::threadLoop: send message id: 51 to: 192.168.3.21
D/LuCINet (  922): Net::SendThread1_15::threadLoop: send message id: 51 to: 192.168.3.17
D/        ( 1002): systemmonitor play change status
D/        ( 1002): systemmonitor rev audio play 
V/DeltaAudioListener(  987): Luci callbackAsync msg 4118, ttl 0
V/DeltaAudioListener(  987): --->MSG_AUDIO_PLAY_STATUS_CHANGED
V/DeltaAudioListener(  987): status 0
V/AudioFlinger-Track(  987): *** targetpts invalid[0] or leading Zero[0] *** silence output stream 1024
D/        ( 1002): systemmonitor Pos module  playing!!!
D/        ( 1002): systemmonitor Pos time mode = 
D/        ( 1002): systemmonitor TimeoutResumeVol rev Play
D/LuCINet (  922): To Uart: id:0x33, length:1, data:0
V/AudioFlinger-Track(  987): *** targetpts invalid[0] or leading Zero[0] *** silence output stream 1024
V/AudioFlinger-Track(  987): *** targetpts invalid[0] or leading Zero[0] *** silence output stream 1024
V/AudioFlinger-Track(  987): *** targetpts invalid[0] or leading Zero[0] *** silence output stream 1024
V/AudioFlinger-Track(  987): *** targetpts invalid[0] or leading Zero[0] *** silence output stream 1024
V/AudioFlinger-Track(  987): *** targetpts invalid[0] or leading Zero[0] *** silence output stream 1024
V/AudioFlinger-Track(  987): *** targetpts invalid[0] or leading Zero[0] *** silence output stream 1024
V/AudioFlinger-Track(  987): *** targetpts invalid[0] or leading Zero[0] *** silence output stream 1024
V/AudioFlinger-Track(  987): *** targetpts invalid[0] or leading Zero[0] *** silence output stream 1024
V/AudioFlinger-Track(  987): *** targetpts invalid[0] or leading Zero[0] *** silence output stream 1024
V/AudioFlinger-Track(  987): *** targetpts invalid[0] or leading Zero[0] *** silence output stream 1024
V/AudioFlinger-Track(  987): *** targetpts invalid[0] or leading Zero[0] *** silence output stream 1024
V/AudioFlinger-Track(  987): *** targetpts invalid[0] or leading Zero[0] *** silence output stream 1024
V/AudioFlinger-Track(  987): *** targetpts invalid[0] or leading Zero[0] *** silence output stream 1024
V/AudioFlinger-Track(  987): *** targetpts invalid[0] or leading Zero[0] *** silence output stream 1024
D/LuCINet (  922): From Uart: id:0xe, length:1, data:30, 
D/LuCINet (  922): Net::send Indication Msg to phoneApp!
D/LuCINet (  922): Net::send Indication Msg: push to task_16!
D/LuCINet (  922): Net::send Indication Msg: push to task_15!
I/LuciService(  864): sendMessageAsync received msgId=2118, MSG_SYSTEM_POWERMODE_FROM_UART
D/WifiLuciClient(  926): WifiLuciListener::callbackAsync pureId: 2118, stick: no
D/iAPService(  993): : iAP2LuciClientListener::callbackAsync pureId: 2118, stick: not
D/WifiLuciClient(  926): callbackAsync() receives MSG_SYSTEM_POWERMODE_FROM_UART, mode = 0. 
D/iAPService(  993): : iAP ------------------MSG_SYSTEM_POWERMODE_FROM_UART powermode=0  mPowermode=1
D/LuCINet (  922): From Uart: id:0xe, length:1, data:30, 
D/LuCINet (  922): Net::send Indication Msg to phoneApp!
D/LuCINet (  922): Net::send Indication Msg: push to task_16!
D/LuCINet (  922): Net::send Indication Msg: push to task_15!
V/AudioFlinger-Track(  987): *** targetpts invalid[0] or leading Zero[0] *** silence output stream 1024
V/DeltaAudioListener(  987): Luci callbackAsync msg 2118, ttl 0
V/DeltaAudioListener(  987): --->Luci MSG_SYSTEM_POWERMODE_FROM_UART
V/AudioFlinger(  987): -------------->Luci mOutPutValid 1 --> 0
I/LuciService(  864): sendMessageAsync received msgId=2118, MSG_SYSTEM_POWERMODE_FROM_UART
D/iAPService(  993): : iAP2LuciClientListener::callbackAsync pureId: 2118, stick: not
D/iAPService(  993): : iAP ------------------MSG_SYSTEM_POWERMODE_FROM_UART powermode=0  mPowermode=0
V/DeltaAudioListener(  987): Luci callbackAsync msg 2118, ttl 0
V/DeltaAudioListener(  987): --->Luci MSG_SYSTEM_POWERMODE_FROM_UART
V/AudioFlinger(  987): -------------->Luci mOutPutValid 0 --> 0
D/WifiLuciClient(  926): Return from callBackAsync.
D/WifiLuciClient(  926): WifiLuciListener::callbackAsync pureId: 2118, stick: no
D/WifiLuciClient(  926): callbackAsync() receives MSG_SYSTEM_POWERMODE_FROM_UART, mode = 0. 
V/AudioFlinger-Track(  987): *** targetpts invalid[0] or leading Zero[0] *** silence output stream 1024
V/audio_hw_primary(  987): start_output_stream
D/WifiLuciClient(  926): Return from callBackAsync.
V/AudioFlinger-Track(  987): ----------------->is track first set Hard Info<---------------??
V/AudioFlinger-Track(  987): *** targetpts invalid[0] or leading Zero[0] *** silence output stream 1024
V/AudioFlinger-Track(  987): *** targetpts invalid[0] or leading Zero[0] *** silence output stream 1024
V/AudioFlinger-Track(  987): *** targetpts invalid[0] or leading Zero[0] *** silence output stream 1024
V/AudioFlinger-Track(  987): *** targetpts invalid[0] or leading Zero[0] *** silence output stream 1024
V/AudioFlinger-Track(  987): ***is bug **** getTargetPts pts too far 0 --> 1167610754481977959; mTargetPtsVaild 0, mTargetPtsError 0, mMbxKernelFrames 4096, mMbxUnrelease 0, sec 1167610754, nsec 396644626 
V/AudioFlinger-Track(  987): *** targetpts invalid[0] or leading Zero[0] *** silence output stream 1024
V/AudioFlinger-Track(  987): *** targetpts invalid[1] or leading Zero[0] *** silence output stream 1024
V/AudioFlinger-Track(  987): updateMultiroomPts master for first update pts 1167610754524653595, mLeadingZero 0, invalid 22125000
V/AudioFlinger-Track(  987): _updatePts pts 1167610754544653595, diffpts 22125000, package 0, usercall 1
V/AudioFlinger-Track(  987): ------------->_updatePts Master<---------
V/AudioFlinger-Track(  987): ----------------->Master source 2 _updatePts  1167610754522528595
V/AudioFlinger(  987): multiroomUpdateClientPts 2  updatepts 1167610756533966089, package 0
V/AudioFlinger(  987): multiroomUpdateClientPts no multiroom master or source[2] != multiroomSource[2] skip it
V/AudioFlinger-Track(  987): ----> mUpdatePtsResult 1167610756533966089 , Flag == 2
V/AudioFlinger-Track(  987): ***first on time  frameRemain 1024, frameRead 192 ,head.pts 1167610754522528595, head.package 0***
V/AudioFlinger-Track(  987): *****SyncTrack initAdjust*audioFlinger adjust failed mMbxAdjustCnt 0, mMbxAdjustFlag -1****
V/AudioMixer(  987): setParameter(VOLUME, VOLUME0/1: 015d)
V/AudioMixer(  987): setParameter(VOLUME, VOLUME0/1: 015d)
V/AudioMixer(  987): mixer configuration change: 1 activeTracks (00000001) all16BitsStereoNoResample=1, resampling=0, volumeRamp=0
V/AudioMixer(  987): setParameter(VOLUME, VOLUME0/1: 02ba)
V/AudioMixer(  987): setParameter(VOLUME, VOLUME0/1: 02ba)
V/AudioMixer(  987): mixer configuration change: 1 activeTracks (00000001) all16BitsStereoNoResample=1, resampling=0, volumeRamp=0
V/AudioMixer(  987): setParameter(VOLUME, VOLUME0/1: 0417)
V/AudioMixer(  987): setParameter(VOLUME, VOLUME0/1: 0417)
V/AudioMixer(  987): mixer configuration change: 1 activeTracks (00000001) all16BitsStereoNoResample=1, resampling=0, volumeRamp=0
V/AudioMixer(  987): setParameter(VOLUME, VOLUME0/1: 0574)
V/AudioMixer(  987): setParameter(VOLUME, VOLUME0/1: 0574)
V/AudioMixer(  987): mixer configuration change: 1 activeTracks (00000001) all16BitsStereoNoResample=1, resampling=0, volumeRamp=0
V/AudioMixer(  987): setParameter(VOLUME, VOLUME0/1: 06d1)
V/AudioMixer(  987): setParameter(VOLUME, VOLUME0/1: 06d1)
V/AudioMixer(  987): mixer configuration change: 1 activeTracks (00000001) all16BitsStereoNoResample=1, resampling=0, volumeRamp=0
V/AudioMixer(  987): setParameter(VOLUME, VOLUME0/1: 082e)
V/AudioMixer(  987): setParameter(VOLUME, VOLUME0/1: 082e)
V/AudioMixer(  987): mixer configuration change: 1 activeTracks (00000001) all16BitsStereoNoResample=1, resampling=0, volumeRamp=0
V/AudioMixer(  987): setParameter(VOLUME, VOLUME0/1: 098b)
V/AudioMixer(  987): setParameter(VOLUME, VOLUME0/1: 098b)
V/AudioMixer(  987): mixer configuration change: 1 activeTracks (00000001) all16BitsStereoNoResample=1, resampling=0, volumeRamp=0
V/AudioMixer(  987): setParameter(VOLUME, VOLUME0/1: 0ae8)
V/AudioMixer(  987): setParameter(VOLUME, VOLUME0/1: 0ae8)
V/AudioMixer(  987): mixer configuration change: 1 activeTracks (00000001) all16BitsStereoNoResample=1, resampling=0, volumeRamp=0
V/AudioMixer(  987): setParameter(VOLUME, VOLUME0/1: 0c45)
V/AudioMixer(  987): setParameter(VOLUME, VOLUME0/1: 0c45)
V/AudioMixer(  987): mixer configuration change: 1 activeTracks (00000001) all16BitsStereoNoResample=1, resampling=0, volumeRamp=0
V/AudioMixer(  987): setParameter(VOLUME, VOLUME0/1: 0da2)
V/AudioMixer(  987): setParameter(VOLUME, VOLUME0/1: 0da2)
V/AudioMixer(  987): mixer configuration change: 1 activeTracks (00000001) all16BitsStereoNoResample=1, resampling=0, volumeRamp=0
V/AudioMixer(  987): setParameter(VOLUME, VOLUME0/1: 0eff)
V/AudioMixer(  987): setParameter(VOLUME, VOLUME0/1: 0eff)
V/AudioMixer(  987): mixer configuration change: 1 activeTracks (00000001) all16BitsStereoNoResample=1, resampling=0, volumeRamp=0
V/FFmpegPlayer-IF(  987):  ..... msg position ...250784
V/FFmpegPlayer-IF(  987):  ..... msg buffing ...258907
V/AudioMixer(  987): setParameter(VOLUME, VOLUME0/1: 1000)
V/AudioMixer(  987): setParameter(VOLUME, VOLUME0/1: 1000)
V/AudioMixer(  987): mixer configuration change: 1 activeTracks (00000001) all16BitsStereoNoResample=1, resampling=0, volumeRamp=0
V/AudioFlinger-Track(  987): ***********mFramesPendingInQueue[2] 1982ms******************
D/USBUARTTEST_UART( 1005): ReceiveThread::threadLooping
D/LuCINet (  922): Net::SendThread1_16::threadLoop: send message id: 51 to: 192.168.3.21
D/LuCINet (  922): Net::SendThread1_15::threadLoop: send message id: 51 to: 192.168.3.17
V/tinyalsa_pcm(  987): tstamp sec 1167610754, nsec 908609716, hw_ptr 25600
V/FFmpegPlayer-IF(  987):  ..... msg position ...251250
V/FFmpegPlayer-IF(  987):  ..... msg buffing ...259427
V/AudioFlinger-Track(  987): ***********mFramesPendingInQueue[2] 1981ms******************
V/FFmpegPlayer-IF(  987):  ..... msg position ...251782
V/FFmpegPlayer-IF(  987):  ..... msg buffing ...259895
D/LuCINet (  922): Net::SendThread1_16::threadLoop: send message id: 51 to: 192.168.3.21
D/LuCINet (  922): Net::SendThread1_15::threadLoop: send message id: 51 to: 192.168.3.17
V/audio_hw_primary(  987): out_write 66605056
V/audio_hw_primary(  987): **out_get_hwinfo, frames 4096, tv_sec 1167610755, tv_nsec 996544747, rate 48000
I/LuciService(  864): sendMessageAsync received msgId=2067, MSG_SYSTEM_GET_POWER_LEVEL
D/LuCINet (  922): HwLuciClientListener::callbackAsync msgid:0x813, name:MSG_SYSTEM_GET_POWER_LEVEL
D/LuCINet (  922): mListToUart.size before push:0
D/LuCINet (  922): mListToUart.size after push:1
D/LuCINet (  922): To Uart: id:0x100, length:0, data:(null)
D/LuCINet (  922): From Uart: id:0x101, length:3, data:31, 30, 30, 
D/LuCINet (  922): powerlevel:100
I/LuciService(  864): sendMessageAsync received msgId=2068, MSG_SYSTEM_GET_POWER_LEVEL_RESPONSE
